Archive member included because of file (symbol)

c:/program files (x86)/atmel/atmel studio 6.0/extensions/atmel/avrgcc/3.4.1.95/avrtoolchain/bin/../lib/gcc/avr/4.6.2/avr5\libgcc.a(_udivmodsi4.o)
                              src/USART.o (__udivmodsi4)
c:/program files (x86)/atmel/atmel studio 6.0/extensions/atmel/avrgcc/3.4.1.95/avrtoolchain/bin/../lib/gcc/avr/4.6.2/avr5\libgcc.a(_exit.o)
                              c:/program files (x86)/atmel/atmel studio 6.0/extensions/atmel/avrgcc/3.4.1.95/avrtoolchain/bin/../lib/gcc/avr/4.6.2/../../../../avr/lib/avr5/crtm32.o (exit)
c:/program files (x86)/atmel/atmel studio 6.0/extensions/atmel/avrgcc/3.4.1.95/avrtoolchain/bin/../lib/gcc/avr/4.6.2/avr5\libgcc.a(_copy_data.o)
                              src/asf/mega/boards/stk600/rcx_x/init.o (__do_copy_data)
c:/program files (x86)/atmel/atmel studio 6.0/extensions/atmel/avrgcc/3.4.1.95/avrtoolchain/bin/../lib/gcc/avr/4.6.2/avr5\libgcc.a(_clear_bss.o)
                              src/asf/mega/boards/stk600/rcx_x/init.o (__do_clear_bss)

Allocating common symbols
Common symbol       size              file

gBuffer             0x80              src/main.o
address             0x2               src/main.o
value               0x1               src/HAL_UART.o

Discarded input sections

 .bss           0x00000000        0x0 c:/program files (x86)/atmel/atmel studio 6.0/extensions/atmel/avrgcc/3.4.1.95/avrtoolchain/bin/../lib/gcc/avr/4.6.2/../../../../avr/lib/avr5/crtm32.o
 .text          0x00000000        0x0 src/asf/mega/boards/stk600/rcx_x/init.o
 .bss           0x00000000        0x0 src/asf/mega/boards/stk600/rcx_x/init.o
 .text.board_init
                0x00000000        0x2 src/asf/mega/boards/stk600/rcx_x/init.o
 .text          0x00000000        0x0 src/DIO.o
 .bss           0x00000000        0x0 src/DIO.o
 .text.DIO_InitPortDirection
                0x00000000       0x62 src/DIO.o
 .text.DIO_ReadPort
                0x00000000       0x2c src/DIO.o
 .text          0x00000000        0x0 src/HAL_UART.o
 .bss           0x00000000        0x0 src/HAL_UART.o
 COMMON         0x00000000        0x1 src/HAL_UART.o
 .text          0x00000000        0x0 src/main.o
 .bss           0x00000000        0x0 src/main.o
 .text          0x00000000        0x0 src/USART.o
 .bss           0x00000000        0x0 src/USART.o
 .text          0x00000000        0x0 src/USART_config.o
 .bss           0x00000000        0x0 src/USART_config.o
 .text.uart_disable
                0x00000000        0x6 src/USART_config.o
 .text.uart_disable_rx
                0x00000000        0x6 src/USART_config.o
 .text.uart_disable_tx
                0x00000000        0x6 src/USART_config.o
 .text.uart_enable_rx
                0x00000000        0x4 src/USART_config.o
 .text.uart_enable_tx
                0x00000000        0x4 src/USART_config.o
 .text.uart_disable_interrupt
                0x00000000        0x6 src/USART_config.o
 .text.uart_enable_interrupt
                0x00000000        0x8 src/USART_config.o
 .text          0x00000000        0x0 src/WATCHDOG.o
 .bss           0x00000000        0x0 src/WATCHDOG.o
 .text          0x00000000        0x0 c:/program files (x86)/atmel/atmel studio 6.0/extensions/atmel/avrgcc/3.4.1.95/avrtoolchain/bin/../lib/gcc/avr/4.6.2/avr5\libgcc.a(_udivmodsi4.o)
 .bss           0x00000000        0x0 c:/program files (x86)/atmel/atmel studio 6.0/extensions/atmel/avrgcc/3.4.1.95/avrtoolchain/bin/../lib/gcc/avr/4.6.2/avr5\libgcc.a(_udivmodsi4.o)
 .text          0x00000000        0x0 c:/program files (x86)/atmel/atmel studio 6.0/extensions/atmel/avrgcc/3.4.1.95/avrtoolchain/bin/../lib/gcc/avr/4.6.2/avr5\libgcc.a(_exit.o)
 .bss           0x00000000        0x0 c:/program files (x86)/atmel/atmel studio 6.0/extensions/atmel/avrgcc/3.4.1.95/avrtoolchain/bin/../lib/gcc/avr/4.6.2/avr5\libgcc.a(_exit.o)
 .text.libgcc   0x00000000        0x0 c:/program files (x86)/atmel/atmel studio 6.0/extensions/atmel/avrgcc/3.4.1.95/avrtoolchain/bin/../lib/gcc/avr/4.6.2/avr5\libgcc.a(_exit.o)
 .text          0x00000000        0x0 c:/program files (x86)/atmel/atmel studio 6.0/extensions/atmel/avrgcc/3.4.1.95/avrtoolchain/bin/../lib/gcc/avr/4.6.2/avr5\libgcc.a(_copy_data.o)
 .bss           0x00000000        0x0 c:/program files (x86)/atmel/atmel studio 6.0/extensions/atmel/avrgcc/3.4.1.95/avrtoolchain/bin/../lib/gcc/avr/4.6.2/avr5\libgcc.a(_copy_data.o)
 .text.libgcc   0x00000000        0x0 c:/program files (x86)/atmel/atmel studio 6.0/extensions/atmel/avrgcc/3.4.1.95/avrtoolchain/bin/../lib/gcc/avr/4.6.2/avr5\libgcc.a(_copy_data.o)
 .text          0x00000000        0x0 c:/program files (x86)/atmel/atmel studio 6.0/extensions/atmel/avrgcc/3.4.1.95/avrtoolchain/bin/../lib/gcc/avr/4.6.2/avr5\libgcc.a(_clear_bss.o)
 .bss           0x00000000        0x0 c:/program files (x86)/atmel/atmel studio 6.0/extensions/atmel/avrgcc/3.4.1.95/avrtoolchain/bin/../lib/gcc/avr/4.6.2/avr5\libgcc.a(_clear_bss.o)
 .text.libgcc   0x00000000        0x0 c:/program files (x86)/atmel/atmel studio 6.0/extensions/atmel/avrgcc/3.4.1.95/avrtoolchain/bin/../lib/gcc/avr/4.6.2/avr5\libgcc.a(_clear_bss.o)

Memory Configuration

Name             Origin             Length             Attributes
text             0x00000000         0x00020000         xr
data             0x00800060         0x0000ffa0         rw !x
eeprom           0x00810000         0x00010000         rw !x
fuse             0x00820000         0x00000400         rw !x
lock             0x00830000         0x00000400         rw !x
signature        0x00840000         0x00000400         rw !x
*default*        0x00000000         0xffffffff

Linker script and memory map

LOAD c:/program files (x86)/atmel/atmel studio 6.0/extensions/atmel/avrgcc/3.4.1.95/avrtoolchain/bin/../lib/gcc/avr/4.6.2/../../../../avr/lib/avr5/crtm32.o
LOAD src/asf/mega/boards/stk600/rcx_x/init.o
LOAD src/DIO.o
LOAD src/HAL_UART.o
LOAD src/main.o
LOAD src/USART.o
LOAD src/USART_config.o
LOAD src/WATCHDOG.o
START GROUP
END GROUP
LOAD c:/program files (x86)/atmel/atmel studio 6.0/extensions/atmel/avrgcc/3.4.1.95/avrtoolchain/bin/../lib/gcc/avr/4.6.2/avr5\libgcc.a
LOAD c:/program files (x86)/atmel/atmel studio 6.0/extensions/atmel/avrgcc/3.4.1.95/avrtoolchain/bin/../lib/gcc/avr/4.6.2/../../../../avr/lib/avr5\libc.a
LOAD c:/program files (x86)/atmel/atmel studio 6.0/extensions/atmel/avrgcc/3.4.1.95/avrtoolchain/bin/../lib/gcc/avr/4.6.2/avr5\libgcc.a

.hash
 *(.hash)

.dynsym
 *(.dynsym)

.dynstr
 *(.dynstr)

.gnu.version
 *(.gnu.version)

.gnu.version_d
 *(.gnu.version_d)

.gnu.version_r
 *(.gnu.version_r)

.rel.init
 *(.rel.init)

.rela.init
 *(.rela.init)

.rel.text
 *(.rel.text)
 *(.rel.text.*)
 *(.rel.gnu.linkonce.t*)

.rela.text
 *(.rela.text)
 *(.rela.text.*)
 *(.rela.gnu.linkonce.t*)

.rel.fini
 *(.rel.fini)

.rela.fini
 *(.rela.fini)

.rel.rodata
 *(.rel.rodata)
 *(.rel.rodata.*)
 *(.rel.gnu.linkonce.r*)

.rela.rodata
 *(.rela.rodata)
 *(.rela.rodata.*)
 *(.rela.gnu.linkonce.r*)

.rel.data
 *(.rel.data)
 *(.rel.data.*)
 *(.rel.gnu.linkonce.d*)

.rela.data
 *(.rela.data)
 *(.rela.data.*)
 *(.rela.gnu.linkonce.d*)

.rel.ctors
 *(.rel.ctors)

.rela.ctors
 *(.rela.ctors)

.rel.dtors
 *(.rel.dtors)

.rela.dtors
 *(.rela.dtors)

.rel.got
 *(.rel.got)

.rela.got
 *(.rela.got)

.rel.bss
 *(.rel.bss)

.rela.bss
 *(.rela.bss)

.rel.plt
 *(.rel.plt)

.rela.plt
 *(.rela.plt)

.text           0x00000000      0x416
 *(.vectors)
 .vectors       0x00000000       0x54 c:/program files (x86)/atmel/atmel studio 6.0/extensions/atmel/avrgcc/3.4.1.95/avrtoolchain/bin/../lib/gcc/avr/4.6.2/../../../../avr/lib/avr5/crtm32.o
                0x00000000                __vector_default
                0x00000000                __vectors
 *(.vectors)
 *(.progmem.gcc*)
 *(.progmem*)
                0x00000054                . = ALIGN (0x2)
                0x00000054                __trampolines_start = .
 *(.trampolines)
 .trampolines   0x00000054        0x0 linker stubs
 *(.trampolines*)
                0x00000054                __trampolines_end = .
 *(.jumptables)
 *(.jumptables*)
 *(.lowtext)
 *(.lowtext*)
                0x00000054                __ctors_start = .
 *(.ctors)
                0x00000054                __ctors_end = .
                0x00000054                __dtors_start = .
 *(.dtors)
                0x00000054                __dtors_end = .
 SORT(*)(.ctors)
 SORT(*)(.dtors)
 *(.init0)
 .init0         0x00000054        0x0 c:/program files (x86)/atmel/atmel studio 6.0/extensions/atmel/avrgcc/3.4.1.95/avrtoolchain/bin/../lib/gcc/avr/4.6.2/../../../../avr/lib/avr5/crtm32.o
                0x00000054                __init
 *(.init0)
 *(.init1)
 *(.init1)
 *(.init2)
 .init2         0x00000054        0xc c:/program files (x86)/atmel/atmel studio 6.0/extensions/atmel/avrgcc/3.4.1.95/avrtoolchain/bin/../lib/gcc/avr/4.6.2/../../../../avr/lib/avr5/crtm32.o
 *(.init2)
 *(.init3)
 *(.init3)
 *(.init4)
 .init4         0x00000060       0x16 c:/program files (x86)/atmel/atmel studio 6.0/extensions/atmel/avrgcc/3.4.1.95/avrtoolchain/bin/../lib/gcc/avr/4.6.2/avr5\libgcc.a(_copy_data.o)
                0x00000060                __do_copy_data
 .init4         0x00000076       0x10 c:/program files (x86)/atmel/atmel studio 6.0/extensions/atmel/avrgcc/3.4.1.95/avrtoolchain/bin/../lib/gcc/avr/4.6.2/avr5\libgcc.a(_clear_bss.o)
                0x00000076                __do_clear_bss
 *(.init4)
 *(.init5)
 *(.init5)
 *(.init6)
 *(.init6)
 *(.init7)
 *(.init7)
 *(.init8)
 *(.init8)
 *(.init9)
 .init9         0x00000086        0x4 c:/program files (x86)/atmel/atmel studio 6.0/extensions/atmel/avrgcc/3.4.1.95/avrtoolchain/bin/../lib/gcc/avr/4.6.2/../../../../avr/lib/avr5/crtm32.o
 *(.init9)
 *(.text)
 .text          0x0000008a        0x2 c:/program files (x86)/atmel/atmel studio 6.0/extensions/atmel/avrgcc/3.4.1.95/avrtoolchain/bin/../lib/gcc/avr/4.6.2/../../../../avr/lib/avr5/crtm32.o
                0x0000008a                __vector_1
                0x0000008a                __vector_12
                0x0000008a                __bad_interrupt
                0x0000008a                __vector_6
                0x0000008a                __vector_3
                0x0000008a                __vector_11
                0x0000008a                __vector_17
                0x0000008a                __vector_19
                0x0000008a                __vector_7
                0x0000008a                __vector_5
                0x0000008a                __vector_4
                0x0000008a                __vector_9
                0x0000008a                __vector_2
                0x0000008a                __vector_15
                0x0000008a                __vector_8
                0x0000008a                __vector_14
                0x0000008a                __vector_10
                0x0000008a                __vector_16
                0x0000008a                __vector_18
                0x0000008a                __vector_20
                0x0000008c                . = ALIGN (0x2)
 *(.text.*)
 .text.DIO_WritePort
                0x0000008c       0x62 src/DIO.o
                0x0000008c                DIO_WritePort
 .text.HAL_UART_Init
                0x000000ee        0x4 src/HAL_UART.o
                0x000000ee                HAL_UART_Init
 .text.HAL_UART_Transmit
                0x000000f2        0x4 src/HAL_UART.o
                0x000000f2                HAL_UART_Transmit
 .text.HAL_UART_Receive
                0x000000f6        0x4 src/HAL_UART.o
                0x000000f6                HAL_UART_Receive
 .text.returnSoftwareIdentifier
                0x000000fa       0x1c src/main.o
                0x000000fa                returnSoftwareIdentifier
 .text.set_address
                0x00000116       0x2a src/main.o
                0x00000116                set_address
 .text.checkBlockSupport
                0x00000140        0xc src/main.o
                0x00000140                checkBlockSupport
 .text.AVRCommandParser
                0x0000014c       0x98 src/main.o
                0x0000014c                AVRCommandParser
 .text.main     0x000001e4       0x32 src/main.o
                0x000001e4                main
 .text.usart_init
                0x00000216      0x112 src/USART.o
                0x00000216                usart_init
 .text.usart_transmit
                0x00000328        0x8 src/USART.o
                0x00000328                usart_transmit
 .text.usart_receive
                0x00000330        0x8 src/USART.o
                0x00000330                usart_receive
 .text.__vector_13
                0x00000338       0x76 src/USART.o
                0x00000338                __vector_13
 .text.uart_enable
                0x000003ae        0x8 src/USART_config.o
                0x000003ae                uart_enable
 .text.uart_enable_interrupt_rx
                0x000003b6        0x4 src/USART_config.o
                0x000003b6                uart_enable_interrupt_rx
 .text.WDT_Enable
                0x000003ba        0xc src/WATCHDOG.o
                0x000003ba                WDT_Enable
 .text.WDT_Disable
                0x000003c6        0x8 src/WATCHDOG.o
                0x000003c6                WDT_Disable
 .text.libgcc   0x000003ce       0x44 c:/program files (x86)/atmel/atmel studio 6.0/extensions/atmel/avrgcc/3.4.1.95/avrtoolchain/bin/../lib/gcc/avr/4.6.2/avr5\libgcc.a(_udivmodsi4.o)
                0x000003ce                __udivmodsi4
                0x00000412                . = ALIGN (0x2)
 *(.fini9)
 .fini9         0x00000412        0x0 c:/program files (x86)/atmel/atmel studio 6.0/extensions/atmel/avrgcc/3.4.1.95/avrtoolchain/bin/../lib/gcc/avr/4.6.2/avr5\libgcc.a(_exit.o)
                0x00000412                _exit
                0x00000412                exit
 *(.fini9)
 *(.fini8)
 *(.fini8)
 *(.fini7)
 *(.fini7)
 *(.fini6)
 *(.fini6)
 *(.fini5)
 *(.fini5)
 *(.fini4)
 *(.fini4)
 *(.fini3)
 *(.fini3)
 *(.fini2)
 *(.fini2)
 *(.fini1)
 *(.fini1)
 *(.fini0)
 .fini0         0x00000412        0x4 c:/program files (x86)/atmel/atmel studio 6.0/extensions/atmel/avrgcc/3.4.1.95/avrtoolchain/bin/../lib/gcc/avr/4.6.2/avr5\libgcc.a(_exit.o)
 *(.fini0)
                0x00000416                _etext = .

.data           0x00800060        0xa load address 0x00000416
                0x00800060                PROVIDE (__data_start, .)
 *(.data)
 .data          0x00800060        0x0 c:/program files (x86)/atmel/atmel studio 6.0/extensions/atmel/avrgcc/3.4.1.95/avrtoolchain/bin/../lib/gcc/avr/4.6.2/../../../../avr/lib/avr5/crtm32.o
 .data          0x00800060        0x0 src/asf/mega/boards/stk600/rcx_x/init.o
 .data          0x00800060        0x0 src/DIO.o
 .data          0x00800060        0x0 src/HAL_UART.o
 .data          0x00800060        0x0 src/main.o
 .data          0x00800060        0x0 src/USART.o
 .data          0x00800060        0x0 src/USART_config.o
 .data          0x00800060        0x0 src/WATCHDOG.o
 .data          0x00800060        0x0 c:/program files (x86)/atmel/atmel studio 6.0/extensions/atmel/avrgcc/3.4.1.95/avrtoolchain/bin/../lib/gcc/avr/4.6.2/avr5\libgcc.a(_udivmodsi4.o)
 .data          0x00800060        0x0 c:/program files (x86)/atmel/atmel studio 6.0/extensions/atmel/avrgcc/3.4.1.95/avrtoolchain/bin/../lib/gcc/avr/4.6.2/avr5\libgcc.a(_exit.o)
 .data          0x00800060        0x0 c:/program files (x86)/atmel/atmel studio 6.0/extensions/atmel/avrgcc/3.4.1.95/avrtoolchain/bin/../lib/gcc/avr/4.6.2/avr5\libgcc.a(_copy_data.o)
 .data          0x00800060        0x0 c:/program files (x86)/atmel/atmel studio 6.0/extensions/atmel/avrgcc/3.4.1.95/avrtoolchain/bin/../lib/gcc/avr/4.6.2/avr5\libgcc.a(_clear_bss.o)
 *(.data*)
 *(.rodata)
 *(.rodata*)
 .rodata.usart_init_config
                0x00800060        0x9 src/USART_config.o
                0x00800060                usart_init_config
 *(.gnu.linkonce.d*)
                0x0080006a                . = ALIGN (0x2)
 *fill*         0x00800069        0x1 00
                0x0080006a                _edata = .
                0x0080006a                PROVIDE (__data_end, .)

.bss            0x0080006a       0x82
                0x0080006a                PROVIDE (__bss_start, .)
 *(.bss)
 *(.bss*)
 *(COMMON)
 COMMON         0x0080006a       0x82 src/main.o
                0x0080006a                gBuffer
                0x008000ea                address
                0x008000ec                PROVIDE (__bss_end, .)
                0x00000416                __data_load_start = LOADADDR (.data)
                0x00000420                __data_load_end = (__data_load_start + SIZEOF (.data))

.noinit         0x008000ec        0x0
                0x008000ec                PROVIDE (__noinit_start, .)
 *(.noinit*)
                0x008000ec                PROVIDE (__noinit_end, .)
                0x008000ec                _end = .
                0x008000ec                PROVIDE (__heap_start, .)

.eeprom         0x00810000        0x0
 *(.eeprom*)
                0x00810000                __eeprom_end = .

.fuse
 *(.fuse)
 *(.lfuse)
 *(.hfuse)
 *(.efuse)

.lock
 *(.lock*)

.signature
 *(.signature*)

.stab           0x00000000      0x6cc
 *(.stab)
 .stab          0x00000000      0x6cc c:/program files (x86)/atmel/atmel studio 6.0/extensions/atmel/avrgcc/3.4.1.95/avrtoolchain/bin/../lib/gcc/avr/4.6.2/../../../../avr/lib/avr5/crtm32.o

.stabstr        0x00000000       0x85
 *(.stabstr)
 .stabstr       0x00000000       0x85 c:/program files (x86)/atmel/atmel studio 6.0/extensions/atmel/avrgcc/3.4.1.95/avrtoolchain/bin/../lib/gcc/avr/4.6.2/../../../../avr/lib/avr5/crtm32.o

.stab.excl
 *(.stab.excl)

.stab.exclstr
 *(.stab.exclstr)

.stab.index
 *(.stab.index)

.stab.indexstr
 *(.stab.indexstr)

.comment
 *(.comment)

.debug
 *(.debug)

.line
 *(.line)

.debug_srcinfo
 *(.debug_srcinfo)

.debug_sfnames
 *(.debug_sfnames)

.debug_aranges  0x00000000      0x200
 *(.debug_aranges)
 .debug_aranges
                0x00000000       0x20 src/asf/mega/boards/stk600/rcx_x/init.o
 .debug_aranges
                0x00000020       0x30 src/DIO.o
 .debug_aranges
                0x00000050       0x30 src/HAL_UART.o
 .debug_aranges
                0x00000080       0x40 src/main.o
 .debug_aranges
                0x000000c0       0x38 src/USART.o
 .debug_aranges
                0x000000f8       0x60 src/USART_config.o
 .debug_aranges
                0x00000158       0x28 src/WATCHDOG.o
 .debug_aranges
                0x00000180       0x20 c:/program files (x86)/atmel/atmel studio 6.0/extensions/atmel/avrgcc/3.4.1.95/avrtoolchain/bin/../lib/gcc/avr/4.6.2/avr5\libgcc.a(_udivmodsi4.o)
 .debug_aranges
                0x000001a0       0x20 c:/program files (x86)/atmel/atmel studio 6.0/extensions/atmel/avrgcc/3.4.1.95/avrtoolchain/bin/../lib/gcc/avr/4.6.2/avr5\libgcc.a(_exit.o)
 .debug_aranges
                0x000001c0       0x20 c:/program files (x86)/atmel/atmel studio 6.0/extensions/atmel/avrgcc/3.4.1.95/avrtoolchain/bin/../lib/gcc/avr/4.6.2/avr5\libgcc.a(_copy_data.o)
 .debug_aranges
                0x000001e0       0x20 c:/program files (x86)/atmel/atmel studio 6.0/extensions/atmel/avrgcc/3.4.1.95/avrtoolchain/bin/../lib/gcc/avr/4.6.2/avr5\libgcc.a(_clear_bss.o)

.debug_pubnames
 *(.debug_pubnames)

.debug_info     0x00000000      0xcd7
 *(.debug_info)
 .debug_info    0x00000000       0x7b src/asf/mega/boards/stk600/rcx_x/init.o
 .debug_info    0x0000007b      0x158 src/DIO.o
 .debug_info    0x000001d3       0xf5 src/HAL_UART.o
 .debug_info    0x000002c8      0x1af src/main.o
 .debug_info    0x00000477      0x275 src/USART.o
 .debug_info    0x000006ec      0x1bc src/USART_config.o
 .debug_info    0x000008a8       0xbb src/WATCHDOG.o
 .debug_info    0x00000963       0xdd c:/program files (x86)/atmel/atmel studio 6.0/extensions/atmel/avrgcc/3.4.1.95/avrtoolchain/bin/../lib/gcc/avr/4.6.2/avr5\libgcc.a(_udivmodsi4.o)
 .debug_info    0x00000a40       0xdd c:/program files (x86)/atmel/atmel studio 6.0/extensions/atmel/avrgcc/3.4.1.95/avrtoolchain/bin/../lib/gcc/avr/4.6.2/avr5\libgcc.a(_exit.o)
 .debug_info    0x00000b1d       0xdd c:/program files (x86)/atmel/atmel studio 6.0/extensions/atmel/avrgcc/3.4.1.95/avrtoolchain/bin/../lib/gcc/avr/4.6.2/avr5\libgcc.a(_copy_data.o)
 .debug_info    0x00000bfa       0xdd c:/program files (x86)/atmel/atmel studio 6.0/extensions/atmel/avrgcc/3.4.1.95/avrtoolchain/bin/../lib/gcc/avr/4.6.2/avr5\libgcc.a(_clear_bss.o)
 *(.gnu.linkonce.wi.*)

.debug_abbrev   0x00000000      0x58e
 *(.debug_abbrev)
 .debug_abbrev  0x00000000       0x43 src/asf/mega/boards/stk600/rcx_x/init.o
 .debug_abbrev  0x00000043       0xa3 src/DIO.o
 .debug_abbrev  0x000000e6       0xae src/HAL_UART.o
 .debug_abbrev  0x00000194      0x133 src/main.o
 .debug_abbrev  0x000002c7      0x174 src/USART.o
 .debug_abbrev  0x0000043b       0x8f src/USART_config.o
 .debug_abbrev  0x000004ca       0x74 src/WATCHDOG.o
 .debug_abbrev  0x0000053e       0x14 c:/program files (x86)/atmel/atmel studio 6.0/extensions/atmel/avrgcc/3.4.1.95/avrtoolchain/bin/../lib/gcc/avr/4.6.2/avr5\libgcc.a(_udivmodsi4.o)
 .debug_abbrev  0x00000552       0x14 c:/program files (x86)/atmel/atmel studio 6.0/extensions/atmel/avrgcc/3.4.1.95/avrtoolchain/bin/../lib/gcc/avr/4.6.2/avr5\libgcc.a(_exit.o)
 .debug_abbrev  0x00000566       0x14 c:/program files (x86)/atmel/atmel studio 6.0/extensions/atmel/avrgcc/3.4.1.95/avrtoolchain/bin/../lib/gcc/avr/4.6.2/avr5\libgcc.a(_copy_data.o)
 .debug_abbrev  0x0000057a       0x14 c:/program files (x86)/atmel/atmel studio 6.0/extensions/atmel/avrgcc/3.4.1.95/avrtoolchain/bin/../lib/gcc/avr/4.6.2/avr5\libgcc.a(_clear_bss.o)

.debug_line     0x00000000     0x195f
 *(.debug_line)
 .debug_line    0x00000000      0x377 src/asf/mega/boards/stk600/rcx_x/init.o
 .debug_line    0x00000377      0x2a5 src/DIO.o
 .debug_line    0x0000061c      0x2a6 src/HAL_UART.o
 .debug_line    0x000008c2      0x4bb src/main.o
 .debug_line    0x00000d7d      0x3c1 src/USART.o
 .debug_line    0x0000113e      0x329 src/USART_config.o
 .debug_line    0x00001467      0x2a9 src/WATCHDOG.o
 .debug_line    0x00001710       0xa8 c:/program files (x86)/atmel/atmel studio 6.0/extensions/atmel/avrgcc/3.4.1.95/avrtoolchain/bin/../lib/gcc/avr/4.6.2/avr5\libgcc.a(_udivmodsi4.o)
 .debug_line    0x000017b8       0x88 c:/program files (x86)/atmel/atmel studio 6.0/extensions/atmel/avrgcc/3.4.1.95/avrtoolchain/bin/../lib/gcc/avr/4.6.2/avr5\libgcc.a(_exit.o)
 .debug_line    0x00001840       0x91 c:/program files (x86)/atmel/atmel studio 6.0/extensions/atmel/avrgcc/3.4.1.95/avrtoolchain/bin/../lib/gcc/avr/4.6.2/avr5\libgcc.a(_copy_data.o)
 .debug_line    0x000018d1       0x8e c:/program files (x86)/atmel/atmel studio 6.0/extensions/atmel/avrgcc/3.4.1.95/avrtoolchain/bin/../lib/gcc/avr/4.6.2/avr5\libgcc.a(_clear_bss.o)

.debug_frame    0x00000000      0x2b0
 *(.debug_frame)
 .debug_frame   0x00000000       0x24 src/asf/mega/boards/stk600/rcx_x/init.o
 .debug_frame   0x00000024       0x44 src/DIO.o
 .debug_frame   0x00000068       0x44 src/HAL_UART.o
 .debug_frame   0x000000ac       0x6c src/main.o
 .debug_frame   0x00000118       0xc0 src/USART.o
 .debug_frame   0x000001d8       0xa4 src/USART_config.o
 .debug_frame   0x0000027c       0x34 src/WATCHDOG.o

.debug_str      0x00000000      0x407
 *(.debug_str)
 .debug_str     0x00000000       0xb8 src/asf/mega/boards/stk600/rcx_x/init.o
                                 0xec (size before relaxing)
 .debug_str     0x000000b8       0x87 src/DIO.o
                                0x150 (size before relaxing)
 .debug_str     0x0000013f       0x64 src/HAL_UART.o
                                0x137 (size before relaxing)
 .debug_str     0x000001a3       0x91 src/main.o
                                0x174 (size before relaxing)
 .debug_str     0x00000234       0xef src/USART.o
                                0x1e2 (size before relaxing)
 .debug_str     0x00000323       0xb3 src/USART_config.o
                                0x1dd (size before relaxing)
 .debug_str     0x000003d6       0x31 src/WATCHDOG.o
                                0x104 (size before relaxing)

.debug_loc      0x00000000      0x350
 *(.debug_loc)
 .debug_loc     0x00000000      0x117 src/DIO.o
 .debug_loc     0x00000117       0x13 src/HAL_UART.o
 .debug_loc     0x0000012a       0x85 src/main.o
 .debug_loc     0x000001af      0x18e src/USART.o
 .debug_loc     0x0000033d       0x13 src/WATCHDOG.o

.debug_macinfo  0x00000000    0x306fc
 *(.debug_macinfo)
 .debug_macinfo
                0x00000000     0x9e4d src/asf/mega/boards/stk600/rcx_x/init.o
 .debug_macinfo
                0x00009e4d     0x58b2 src/DIO.o
 .debug_macinfo
                0x0000f6ff     0x5841 src/HAL_UART.o
 .debug_macinfo
                0x00014f40     0x9a4d src/main.o
 .debug_macinfo
                0x0001e98d     0x62bd src/USART.o
 .debug_macinfo
                0x00024c4a     0x5dee src/USART_config.o
 .debug_macinfo
                0x0002aa38     0x5cc4 src/WATCHDOG.o
OUTPUT(tweeka_v0.1.elf elf32-avr)
LOAD linker stubs

.debug_ranges   0x00000000      0x140
 .debug_ranges  0x00000000       0x10 src/asf/mega/boards/stk600/rcx_x/init.o
 .debug_ranges  0x00000010       0x20 src/DIO.o
 .debug_ranges  0x00000030       0x20 src/HAL_UART.o
 .debug_ranges  0x00000050       0x60 src/main.o
 .debug_ranges  0x000000b0       0x28 src/USART.o
 .debug_ranges  0x000000d8       0x50 src/USART_config.o
 .debug_ranges  0x00000128       0x18 src/WATCHDOG.o
