Archive member included because of file (symbol)

c:/program files (x86)/atmel/atmel studio 6.0/extensions/atmel/avrgcc/3.4.1.95/avrtoolchain/bin/../lib/gcc/avr/4.6.2/avr5\libgcc.a(_mulsi3.o)
                              src/realTimeClock.o (__mulsi3)
c:/program files (x86)/atmel/atmel studio 6.0/extensions/atmel/avrgcc/3.4.1.95/avrtoolchain/bin/../lib/gcc/avr/4.6.2/avr5\libgcc.a(_divmodsi4.o)
                              src/Process.o (__divmodsi4)
c:/program files (x86)/atmel/atmel studio 6.0/extensions/atmel/avrgcc/3.4.1.95/avrtoolchain/bin/../lib/gcc/avr/4.6.2/avr5\libgcc.a(_exit.o)
                              c:/program files (x86)/atmel/atmel studio 6.0/extensions/atmel/avrgcc/3.4.1.95/avrtoolchain/bin/../lib/gcc/avr/4.6.2/../../../../avr/lib/avr5/crtm32.o (exit)
c:/program files (x86)/atmel/atmel studio 6.0/extensions/atmel/avrgcc/3.4.1.95/avrtoolchain/bin/../lib/gcc/avr/4.6.2/avr5\libgcc.a(_copy_data.o)
                              src/asf/mega/boards/stk600/rcx_x/init.o (__do_copy_data)
c:/program files (x86)/atmel/atmel studio 6.0/extensions/atmel/avrgcc/3.4.1.95/avrtoolchain/bin/../lib/gcc/avr/4.6.2/avr5\libgcc.a(_clear_bss.o)
                              src/asf/mega/boards/stk600/rcx_x/init.o (__do_clear_bss)
c:/program files (x86)/atmel/atmel studio 6.0/extensions/atmel/avrgcc/3.4.1.95/avrtoolchain/bin/../lib/gcc/avr/4.6.2/avr5\libgcc.a(_udivmodsi4.o)
                              c:/program files (x86)/atmel/atmel studio 6.0/extensions/atmel/avrgcc/3.4.1.95/avrtoolchain/bin/../lib/gcc/avr/4.6.2/avr5\libgcc.a(_divmodsi4.o) (__udivmodsi4)

Allocating common symbols
Common symbol       size              file

readylist           0x2               src/main.o
sleepq              0x2               src/main.o
sltop               0x2               src/main.o
currpid             0x4               src/main.o
proctab             0xff              src/main.o
prcount             0x4               src/main.o
slnonempty          0x4               src/main.o
preempt             0x4               src/main.o
ctr1000             0x4               src/main.o
clktime             0x4               src/main.o
queuetab            0xe8              src/main.o
suspendedlist       0x2               src/main.o

Discarded input sections

 .bss           0x00000000        0x0 c:/program files (x86)/atmel/atmel studio 6.0/extensions/atmel/avrgcc/3.4.1.95/avrtoolchain/bin/../lib/gcc/avr/4.6.2/../../../../avr/lib/avr5/crtm32.o
 .text          0x00000000        0x0 src/asf/mega/boards/stk600/rcx_x/init.o
 .bss           0x00000000        0x0 src/asf/mega/boards/stk600/rcx_x/init.o
 .text.board_init
                0x00000000        0x2 src/asf/mega/boards/stk600/rcx_x/init.o
 .text          0x00000000        0x0 src/AvrDrivers/Timer/8-bit_TimerCounter0.o
 .bss           0x00000000        0x0 src/AvrDrivers/Timer/8-bit_TimerCounter0.o
 .text.Timer0_Init1ms
                0x00000000       0xb6 src/AvrDrivers/Timer/8-bit_TimerCounter0.o
 .text.Timer0_Start
                0x00000000       0x22 src/AvrDrivers/Timer/8-bit_TimerCounter0.o
 .text.timer0_Read
                0x00000000        0x4 src/AvrDrivers/Timer/8-bit_TimerCounter0.o
 .text.Timer0_delay1ms
                0x00000000       0x4c src/AvrDrivers/Timer/8-bit_TimerCounter0.o
 .text.timer0_readOVFFlag
                0x00000000        0x6 src/AvrDrivers/Timer/8-bit_TimerCounter0.o
 .text.timer0_readCMPFlag
                0x00000000        0x6 src/AvrDrivers/Timer/8-bit_TimerCounter0.o
 .text.setTCNT0
                0x00000000        0x4 src/AvrDrivers/Timer/8-bit_TimerCounter0.o
 .text.setOCR0  0x00000000        0x6 src/AvrDrivers/Timer/8-bit_TimerCounter0.o
 .text.Timer0_stop
                0x00000000        0x6 src/AvrDrivers/Timer/8-bit_TimerCounter0.o
 .text          0x00000000        0x0 src/AvrDrivers/Timer/8-bit_TimerCounter0_LCFG.o
 .bss           0x00000000        0x0 src/AvrDrivers/Timer/8-bit_TimerCounter0_LCFG.o
 .text          0x00000000        0x0 src/AvrDrivers/Timer/HAL_Timer_AVR.o
 .bss           0x00000000        0x0 src/AvrDrivers/Timer/HAL_Timer_AVR.o
 .text.HAL_Timer_Init
                0x00000000        0x6 src/AvrDrivers/Timer/HAL_Timer_AVR.o
 .text.HAL_Timer_Delay
                0x00000000       0x10 src/AvrDrivers/Timer/HAL_Timer_AVR.o
 .text.HAL_Timer_Start
                0x00000000       0x10 src/AvrDrivers/Timer/HAL_Timer_AVR.o
 .text.HAL_Timer_stop
                0x00000000        0x6 src/AvrDrivers/Timer/HAL_Timer_AVR.o
 .text          0x00000000        0x0 src/main.o
 .bss           0x00000000        0x0 src/main.o
 .text          0x00000000        0x0 src/Process.o
 .bss           0x00000000        0x0 src/Process.o
 .text.pocessGetPid
                0x00000000       0x12 src/Process.o
 .text.processResume
                0x00000000       0x8c src/Process.o
 .text.processSuspend
                0x00000000      0x112 src/Process.o
 .text.processSuspendAll
                0x00000000      0x10c src/Process.o
 .text.processResumeAll
                0x00000000       0xe8 src/Process.o
 .text          0x00000000        0x0 src/queue.o
 .bss           0x00000000        0x0 src/queue.o
 .text.enqueue  0x00000000       0xd0 src/queue.o
 .text          0x00000000        0x0 src/realTimeClock.o
 .bss           0x00000000        0x0 src/realTimeClock.o
 .text.yield    0x00000000        0x8 src/realTimeClock.o
 .text.sleepms  0x00000000       0x6a src/realTimeClock.o
 .text.sleep    0x00000000       0x24 src/realTimeClock.o
 .text          0x00000000        0x0 src/ReSched.o
 .bss           0x00000000        0x0 src/ReSched.o
 .text          0x00000000        0x0 c:/program files (x86)/atmel/atmel studio 6.0/extensions/atmel/avrgcc/3.4.1.95/avrtoolchain/bin/../lib/gcc/avr/4.6.2/avr5\libgcc.a(_mulsi3.o)
 .bss           0x00000000        0x0 c:/program files (x86)/atmel/atmel studio 6.0/extensions/atmel/avrgcc/3.4.1.95/avrtoolchain/bin/../lib/gcc/avr/4.6.2/avr5\libgcc.a(_mulsi3.o)
 .text.libgcc   0x00000000       0x3e c:/program files (x86)/atmel/atmel studio 6.0/extensions/atmel/avrgcc/3.4.1.95/avrtoolchain/bin/../lib/gcc/avr/4.6.2/avr5\libgcc.a(_mulsi3.o)
 .text          0x00000000        0x0 c:/program files (x86)/atmel/atmel studio 6.0/extensions/atmel/avrgcc/3.4.1.95/avrtoolchain/bin/../lib/gcc/avr/4.6.2/avr5\libgcc.a(_divmodsi4.o)
 .bss           0x00000000        0x0 c:/program files (x86)/atmel/atmel studio 6.0/extensions/atmel/avrgcc/3.4.1.95/avrtoolchain/bin/../lib/gcc/avr/4.6.2/avr5\libgcc.a(_divmodsi4.o)
 .text          0x00000000        0x0 c:/program files (x86)/atmel/atmel studio 6.0/extensions/atmel/avrgcc/3.4.1.95/avrtoolchain/bin/../lib/gcc/avr/4.6.2/avr5\libgcc.a(_exit.o)
 .bss           0x00000000        0x0 c:/program files (x86)/atmel/atmel studio 6.0/extensions/atmel/avrgcc/3.4.1.95/avrtoolchain/bin/../lib/gcc/avr/4.6.2/avr5\libgcc.a(_exit.o)
 .text.libgcc   0x00000000        0x0 c:/program files (x86)/atmel/atmel studio 6.0/extensions/atmel/avrgcc/3.4.1.95/avrtoolchain/bin/../lib/gcc/avr/4.6.2/avr5\libgcc.a(_exit.o)
 .text          0x00000000        0x0 c:/program files (x86)/atmel/atmel studio 6.0/extensions/atmel/avrgcc/3.4.1.95/avrtoolchain/bin/../lib/gcc/avr/4.6.2/avr5\libgcc.a(_copy_data.o)
 .bss           0x00000000        0x0 c:/program files (x86)/atmel/atmel studio 6.0/extensions/atmel/avrgcc/3.4.1.95/avrtoolchain/bin/../lib/gcc/avr/4.6.2/avr5\libgcc.a(_copy_data.o)
 .text.libgcc   0x00000000        0x0 c:/program files (x86)/atmel/atmel studio 6.0/extensions/atmel/avrgcc/3.4.1.95/avrtoolchain/bin/../lib/gcc/avr/4.6.2/avr5\libgcc.a(_copy_data.o)
 .text          0x00000000        0x0 c:/program files (x86)/atmel/atmel studio 6.0/extensions/atmel/avrgcc/3.4.1.95/avrtoolchain/bin/../lib/gcc/avr/4.6.2/avr5\libgcc.a(_clear_bss.o)
 .bss           0x00000000        0x0 c:/program files (x86)/atmel/atmel studio 6.0/extensions/atmel/avrgcc/3.4.1.95/avrtoolchain/bin/../lib/gcc/avr/4.6.2/avr5\libgcc.a(_clear_bss.o)
 .text.libgcc   0x00000000        0x0 c:/program files (x86)/atmel/atmel studio 6.0/extensions/atmel/avrgcc/3.4.1.95/avrtoolchain/bin/../lib/gcc/avr/4.6.2/avr5\libgcc.a(_clear_bss.o)
 .text          0x00000000        0x0 c:/program files (x86)/atmel/atmel studio 6.0/extensions/atmel/avrgcc/3.4.1.95/avrtoolchain/bin/../lib/gcc/avr/4.6.2/avr5\libgcc.a(_udivmodsi4.o)
 .bss           0x00000000        0x0 c:/program files (x86)/atmel/atmel studio 6.0/extensions/atmel/avrgcc/3.4.1.95/avrtoolchain/bin/../lib/gcc/avr/4.6.2/avr5\libgcc.a(_udivmodsi4.o)

Memory Configuration

Name             Origin             Length             Attributes
text             0x00000000         0x00020000         xr
data             0x00800060         0x0000ffa0         rw !x
eeprom           0x00810000         0x00010000         rw !x
fuse             0x00820000         0x00000400         rw !x
lock             0x00830000         0x00000400         rw !x
signature        0x00840000         0x00000400         rw !x
*default*        0x00000000         0xffffffff

Linker script and memory map

LOAD c:/program files (x86)/atmel/atmel studio 6.0/extensions/atmel/avrgcc/3.4.1.95/avrtoolchain/bin/../lib/gcc/avr/4.6.2/../../../../avr/lib/avr5/crtm32.o
LOAD src/asf/mega/boards/stk600/rcx_x/init.o
LOAD src/AvrDrivers/Timer/8-bit_TimerCounter0.o
LOAD src/AvrDrivers/Timer/8-bit_TimerCounter0_LCFG.o
LOAD src/AvrDrivers/Timer/HAL_Timer_AVR.o
LOAD src/main.o
LOAD src/Process.o
LOAD src/queue.o
LOAD src/realTimeClock.o
LOAD src/ReSched.o
START GROUP
END GROUP
LOAD c:/program files (x86)/atmel/atmel studio 6.0/extensions/atmel/avrgcc/3.4.1.95/avrtoolchain/bin/../lib/gcc/avr/4.6.2/avr5\libgcc.a
LOAD c:/program files (x86)/atmel/atmel studio 6.0/extensions/atmel/avrgcc/3.4.1.95/avrtoolchain/bin/../lib/gcc/avr/4.6.2/../../../../avr/lib/avr5\libc.a
LOAD c:/program files (x86)/atmel/atmel studio 6.0/extensions/atmel/avrgcc/3.4.1.95/avrtoolchain/bin/../lib/gcc/avr/4.6.2/avr5\libgcc.a

.hash
 *(.hash)

.dynsym
 *(.dynsym)

.dynstr
 *(.dynstr)

.gnu.version
 *(.gnu.version)

.gnu.version_d
 *(.gnu.version_d)

.gnu.version_r
 *(.gnu.version_r)

.rel.init
 *(.rel.init)

.rela.init
 *(.rela.init)

.rel.text
 *(.rel.text)
 *(.rel.text.*)
 *(.rel.gnu.linkonce.t*)

.rela.text
 *(.rela.text)
 *(.rela.text.*)
 *(.rela.gnu.linkonce.t*)

.rel.fini
 *(.rel.fini)

.rela.fini
 *(.rela.fini)

.rel.rodata
 *(.rel.rodata)
 *(.rel.rodata.*)
 *(.rel.gnu.linkonce.r*)

.rela.rodata
 *(.rela.rodata)
 *(.rela.rodata.*)
 *(.rela.gnu.linkonce.r*)

.rel.data
 *(.rel.data)
 *(.rel.data.*)
 *(.rel.gnu.linkonce.d*)

.rela.data
 *(.rela.data)
 *(.rela.data.*)
 *(.rela.gnu.linkonce.d*)

.rel.ctors
 *(.rel.ctors)

.rela.ctors
 *(.rela.ctors)

.rel.dtors
 *(.rel.dtors)

.rela.dtors
 *(.rela.dtors)

.rel.got
 *(.rel.got)

.rela.got
 *(.rela.got)

.rel.bss
 *(.rel.bss)

.rela.bss
 *(.rela.bss)

.rel.plt
 *(.rel.plt)

.rela.plt
 *(.rela.plt)

.text           0x00000000     0x1150
 *(.vectors)
 .vectors       0x00000000       0x54 c:/program files (x86)/atmel/atmel studio 6.0/extensions/atmel/avrgcc/3.4.1.95/avrtoolchain/bin/../lib/gcc/avr/4.6.2/../../../../avr/lib/avr5/crtm32.o
                0x00000000                __vector_default
                0x00000000                __vectors
 *(.vectors)
 *(.progmem.gcc*)
 *(.progmem*)
                0x00000054                . = ALIGN (0x2)
                0x00000054                __trampolines_start = .
 *(.trampolines)
 .trampolines   0x00000054        0x0 linker stubs
 *(.trampolines*)
                0x00000054                __trampolines_end = .
 *(.jumptables)
 *(.jumptables*)
 *(.lowtext)
 *(.lowtext*)
                0x00000054                __ctors_start = .
 *(.ctors)
                0x00000054                __ctors_end = .
                0x00000054                __dtors_start = .
 *(.dtors)
                0x00000054                __dtors_end = .
 SORT(*)(.ctors)
 SORT(*)(.dtors)
 *(.init0)
 .init0         0x00000054        0x0 c:/program files (x86)/atmel/atmel studio 6.0/extensions/atmel/avrgcc/3.4.1.95/avrtoolchain/bin/../lib/gcc/avr/4.6.2/../../../../avr/lib/avr5/crtm32.o
                0x00000054                __init
 *(.init0)
 *(.init1)
 *(.init1)
 *(.init2)
 .init2         0x00000054        0xc c:/program files (x86)/atmel/atmel studio 6.0/extensions/atmel/avrgcc/3.4.1.95/avrtoolchain/bin/../lib/gcc/avr/4.6.2/../../../../avr/lib/avr5/crtm32.o
 *(.init2)
 *(.init3)
 *(.init3)
 *(.init4)
 .init4         0x00000060       0x16 c:/program files (x86)/atmel/atmel studio 6.0/extensions/atmel/avrgcc/3.4.1.95/avrtoolchain/bin/../lib/gcc/avr/4.6.2/avr5\libgcc.a(_copy_data.o)
                0x00000060                __do_copy_data
 .init4         0x00000076       0x10 c:/program files (x86)/atmel/atmel studio 6.0/extensions/atmel/avrgcc/3.4.1.95/avrtoolchain/bin/../lib/gcc/avr/4.6.2/avr5\libgcc.a(_clear_bss.o)
                0x00000076                __do_clear_bss
 *(.init4)
 *(.init5)
 *(.init5)
 *(.init6)
 *(.init6)
 *(.init7)
 *(.init7)
 *(.init8)
 *(.init8)
 *(.init9)
 .init9         0x00000086        0x6 c:/program files (x86)/atmel/atmel studio 6.0/extensions/atmel/avrgcc/3.4.1.95/avrtoolchain/bin/../lib/gcc/avr/4.6.2/../../../../avr/lib/avr5/crtm32.o
 *(.init9)
 *(.text)
 .text          0x0000008c        0x2 c:/program files (x86)/atmel/atmel studio 6.0/extensions/atmel/avrgcc/3.4.1.95/avrtoolchain/bin/../lib/gcc/avr/4.6.2/../../../../avr/lib/avr5/crtm32.o
                0x0000008c                __vector_1
                0x0000008c                __vector_12
                0x0000008c                __bad_interrupt
                0x0000008c                __vector_6
                0x0000008c                __vector_3
                0x0000008c                __vector_13
                0x0000008c                __vector_17
                0x0000008c                __vector_19
                0x0000008c                __vector_7
                0x0000008c                __vector_5
                0x0000008c                __vector_4
                0x0000008c                __vector_9
                0x0000008c                __vector_2
                0x0000008c                __vector_15
                0x0000008c                __vector_8
                0x0000008c                __vector_14
                0x0000008c                __vector_16
                0x0000008c                __vector_18
                0x0000008c                __vector_20
                0x0000008e                . = ALIGN (0x2)
 *(.text.*)
 .text.__vector_11
                0x0000008e       0x4e src/AvrDrivers/Timer/8-bit_TimerCounter0.o
                0x0000008e                __vector_11
 .text.__vector_10
                0x000000dc       0x9a src/AvrDrivers/Timer/8-bit_TimerCounter0.o
                0x000000dc                __vector_10
 .text.timer_new
                0x00000176       0xdc src/AvrDrivers/Timer/8-bit_TimerCounter0.o
                0x00000176                timer_new
 .text.HAL_Timer_1ms
                0x00000252        0x8 src/AvrDrivers/Timer/HAL_Timer_AVR.o
                0x00000252                HAL_Timer_1ms
 .text.LED3     0x0000025a       0x24 src/main.o
                0x0000025a                LED3
 .text.LED2     0x0000027e       0x24 src/main.o
                0x0000027e                LED2
 .text.LED1     0x000002a2       0x24 src/main.o
                0x000002a2                LED1
 .text.main     0x000002c6      0x102 src/main.o
                0x000002c6                main
 .text.processNewPid
                0x000003c8      0x12e src/Process.o
                0x000003c8                processNewPid
 .text.processCreate
                0x000004f6      0x136 src/Process.o
                0x000004f6                processCreate
 .text.processTerminate
                0x0000062c      0x11e src/Process.o
                0x0000062c                processTerminate
 .text.processSetReady
                0x0000074a       0x80 src/Process.o
                0x0000074a                processSetReady
 .text.dequeue  0x000007ca       0xc8 src/queue.o
                0x000007ca                dequeue
 .text.insert   0x00000892      0x14a src/queue.o
                0x00000892                insert
 .text.newqueue
                0x000009dc       0x8c src/queue.o
                0x000009dc                newqueue
 .text.insertd  0x00000a68      0x254 src/realTimeClock.o
                0x00000a68                insertd
 .text.unsleep  0x00000cbc      0x112 src/realTimeClock.o
                0x00000cbc                unsleep
 .text.wakeup   0x00000dce       0xa4 src/realTimeClock.o
                0x00000dce                wakeup
 .text.clkhandler
                0x00000e72      0x10c src/realTimeClock.o
                0x00000e72                clkhandler
 .text.clkinit  0x00000f7e       0x5a src/realTimeClock.o
                0x00000f7e                clkinit
 .text.reSched  0x00000fd8       0xfa src/ReSched.o
                0x00000fd8                reSched
 .text.libgcc   0x000010d2       0x36 c:/program files (x86)/atmel/atmel studio 6.0/extensions/atmel/avrgcc/3.4.1.95/avrtoolchain/bin/../lib/gcc/avr/4.6.2/avr5\libgcc.a(_divmodsi4.o)
                0x000010d2                __divmodsi4
 .text.libgcc   0x00001108       0x44 c:/program files (x86)/atmel/atmel studio 6.0/extensions/atmel/avrgcc/3.4.1.95/avrtoolchain/bin/../lib/gcc/avr/4.6.2/avr5\libgcc.a(_udivmodsi4.o)
                0x00001108                __udivmodsi4
                0x0000114c                . = ALIGN (0x2)
 *(.fini9)
 .fini9         0x0000114c        0x0 c:/program files (x86)/atmel/atmel studio 6.0/extensions/atmel/avrgcc/3.4.1.95/avrtoolchain/bin/../lib/gcc/avr/4.6.2/avr5\libgcc.a(_exit.o)
                0x0000114c                _exit
                0x0000114c                exit
 *(.fini9)
 *(.fini8)
 *(.fini8)
 *(.fini7)
 *(.fini7)
 *(.fini6)
 *(.fini6)
 *(.fini5)
 *(.fini5)
 *(.fini4)
 *(.fini4)
 *(.fini3)
 *(.fini3)
 *(.fini2)
 *(.fini2)
 *(.fini1)
 *(.fini1)
 *(.fini0)
 .fini0         0x0000114c        0x4 c:/program files (x86)/atmel/atmel studio 6.0/extensions/atmel/avrgcc/3.4.1.95/avrtoolchain/bin/../lib/gcc/avr/4.6.2/avr5\libgcc.a(_exit.o)
 *(.fini0)
                0x00001150                _etext = .

.data           0x00800060       0x30 load address 0x00001150
                0x00800060                PROVIDE (__data_start, .)
 *(.data)
 .data          0x00800060        0x0 c:/program files (x86)/atmel/atmel studio 6.0/extensions/atmel/avrgcc/3.4.1.95/avrtoolchain/bin/../lib/gcc/avr/4.6.2/../../../../avr/lib/avr5/crtm32.o
 .data          0x00800060        0x0 src/asf/mega/boards/stk600/rcx_x/init.o
 .data          0x00800060        0x0 src/AvrDrivers/Timer/8-bit_TimerCounter0.o
 .data          0x00800060        0x0 src/AvrDrivers/Timer/8-bit_TimerCounter0_LCFG.o
 .data          0x00800060        0x0 src/AvrDrivers/Timer/HAL_Timer_AVR.o
 .data          0x00800060        0xc src/main.o
 .data          0x0080006c        0x0 src/Process.o
 .data          0x0080006c        0x0 src/queue.o
 .data          0x0080006c        0x0 src/realTimeClock.o
 .data          0x0080006c        0x0 src/ReSched.o
 .data          0x0080006c        0x0 c:/program files (x86)/atmel/atmel studio 6.0/extensions/atmel/avrgcc/3.4.1.95/avrtoolchain/bin/../lib/gcc/avr/4.6.2/avr5\libgcc.a(_mulsi3.o)
 .data          0x0080006c        0x0 c:/program files (x86)/atmel/atmel studio 6.0/extensions/atmel/avrgcc/3.4.1.95/avrtoolchain/bin/../lib/gcc/avr/4.6.2/avr5\libgcc.a(_divmodsi4.o)
 .data          0x0080006c        0x0 c:/program files (x86)/atmel/atmel studio 6.0/extensions/atmel/avrgcc/3.4.1.95/avrtoolchain/bin/../lib/gcc/avr/4.6.2/avr5\libgcc.a(_exit.o)
 .data          0x0080006c        0x0 c:/program files (x86)/atmel/atmel studio 6.0/extensions/atmel/avrgcc/3.4.1.95/avrtoolchain/bin/../lib/gcc/avr/4.6.2/avr5\libgcc.a(_copy_data.o)
 .data          0x0080006c        0x0 c:/program files (x86)/atmel/atmel studio 6.0/extensions/atmel/avrgcc/3.4.1.95/avrtoolchain/bin/../lib/gcc/avr/4.6.2/avr5\libgcc.a(_clear_bss.o)
 .data          0x0080006c        0x0 c:/program files (x86)/atmel/atmel studio 6.0/extensions/atmel/avrgcc/3.4.1.95/avrtoolchain/bin/../lib/gcc/avr/4.6.2/avr5\libgcc.a(_udivmodsi4.o)
 *(.data*)
 .data.nextpid.1407
                0x0080006c        0x4 src/Process.o
 .data.nextqid.1423
                0x00800070        0x2 src/queue.o
 .data.count1000.1434
                0x00800072        0x4 src/realTimeClock.o
 *(.rodata)
 *(.rodata*)
 .rodata.MODE   0x00800076        0x1 src/AvrDrivers/Timer/8-bit_TimerCounter0_LCFG.o
                0x00800076                MODE
 .rodata.clk1ms
                0x00800077       0x19 src/AvrDrivers/Timer/8-bit_TimerCounter0_LCFG.o
                0x00800077                clk1ms
 *(.gnu.linkonce.d*)
                0x00800090                . = ALIGN (0x2)
                0x00800090                _edata = .
                0x00800090                PROVIDE (__data_end, .)

.bss            0x00800090      0x213
                0x00800090                PROVIDE (__bss_start, .)
 *(.bss)
 *(.bss*)
 .bss.no_of_ticks
                0x00800090        0x2 src/AvrDrivers/Timer/8-bit_TimerCounter0.o
 .bss.countCompare
                0x00800092        0x2 src/AvrDrivers/Timer/8-bit_TimerCounter0.o
 .bss.TMR_CylicFunPtr
                0x00800094        0x2 src/AvrDrivers/Timer/8-bit_TimerCounter0.o
 .bss.timerFunction
                0x00800096        0x2 src/AvrDrivers/Timer/8-bit_TimerCounter0.o
 .bss.count     0x00800098        0x4 src/AvrDrivers/Timer/8-bit_TimerCounter0.o
 *(COMMON)
 COMMON         0x0080009c      0x207 src/main.o
                0x0080009c                readylist
                0x0080009e                sleepq
                0x008000a0                sltop
                0x008000a2                currpid
                0x008000a6                proctab
                0x008001a5                prcount
                0x008001a9                slnonempty
                0x008001ad                preempt
                0x008001b1                ctr1000
                0x008001b5                clktime
                0x008001b9                queuetab
                0x008002a1                suspendedlist
                0x008002a3                PROVIDE (__bss_end, .)
                0x00001150                __data_load_start = LOADADDR (.data)
                0x00001180                __data_load_end = (__data_load_start + SIZEOF (.data))

.noinit         0x008002a3        0x0
                0x008002a3                PROVIDE (__noinit_start, .)
 *(.noinit*)
                0x008002a3                PROVIDE (__noinit_end, .)
                0x008002a3                _end = .
                0x008002a3                PROVIDE (__heap_start, .)

.eeprom         0x00810000        0x0
 *(.eeprom*)
                0x00810000                __eeprom_end = .

.fuse
 *(.fuse)
 *(.lfuse)
 *(.hfuse)
 *(.efuse)

.lock
 *(.lock*)

.signature
 *(.signature*)

.stab           0x00000000      0x6cc
 *(.stab)
 .stab          0x00000000      0x6cc c:/program files (x86)/atmel/atmel studio 6.0/extensions/atmel/avrgcc/3.4.1.95/avrtoolchain/bin/../lib/gcc/avr/4.6.2/../../../../avr/lib/avr5/crtm32.o

.stabstr        0x00000000       0x85
 *(.stabstr)
 .stabstr       0x00000000       0x85 c:/program files (x86)/atmel/atmel studio 6.0/extensions/atmel/avrgcc/3.4.1.95/avrtoolchain/bin/../lib/gcc/avr/4.6.2/../../../../avr/lib/avr5/crtm32.o

.stab.excl
 *(.stab.excl)

.stab.exclstr
 *(.stab.exclstr)

.stab.index
 *(.stab.index)

.stab.indexstr
 *(.stab.indexstr)

.comment
 *(.comment)

.debug
 *(.debug)

.line
 *(.line)

.debug_srcinfo
 *(.debug_srcinfo)

.debug_sfnames
 *(.debug_sfnames)

.debug_aranges  0x00000000      0x2e0
 *(.debug_aranges)
 .debug_aranges
                0x00000000       0x20 src/asf/mega/boards/stk600/rcx_x/init.o
 .debug_aranges
                0x00000020       0x78 src/AvrDrivers/Timer/8-bit_TimerCounter0.o
 .debug_aranges
                0x00000098       0x40 src/AvrDrivers/Timer/HAL_Timer_AVR.o
 .debug_aranges
                0x000000d8       0x38 src/main.o
 .debug_aranges
                0x00000110       0x60 src/Process.o
 .debug_aranges
                0x00000170       0x38 src/queue.o
 .debug_aranges
                0x000001a8       0x58 src/realTimeClock.o
 .debug_aranges
                0x00000200       0x20 src/ReSched.o
 .debug_aranges
                0x00000220       0x20 c:/program files (x86)/atmel/atmel studio 6.0/extensions/atmel/avrgcc/3.4.1.95/avrtoolchain/bin/../lib/gcc/avr/4.6.2/avr5\libgcc.a(_mulsi3.o)
 .debug_aranges
                0x00000240       0x20 c:/program files (x86)/atmel/atmel studio 6.0/extensions/atmel/avrgcc/3.4.1.95/avrtoolchain/bin/../lib/gcc/avr/4.6.2/avr5\libgcc.a(_divmodsi4.o)
 .debug_aranges
                0x00000260       0x20 c:/program files (x86)/atmel/atmel studio 6.0/extensions/atmel/avrgcc/3.4.1.95/avrtoolchain/bin/../lib/gcc/avr/4.6.2/avr5\libgcc.a(_exit.o)
 .debug_aranges
                0x00000280       0x20 c:/program files (x86)/atmel/atmel studio 6.0/extensions/atmel/avrgcc/3.4.1.95/avrtoolchain/bin/../lib/gcc/avr/4.6.2/avr5\libgcc.a(_copy_data.o)
 .debug_aranges
                0x000002a0       0x20 c:/program files (x86)/atmel/atmel studio 6.0/extensions/atmel/avrgcc/3.4.1.95/avrtoolchain/bin/../lib/gcc/avr/4.6.2/avr5\libgcc.a(_clear_bss.o)
 .debug_aranges
                0x000002c0       0x20 c:/program files (x86)/atmel/atmel studio 6.0/extensions/atmel/avrgcc/3.4.1.95/avrtoolchain/bin/../lib/gcc/avr/4.6.2/avr5\libgcc.a(_udivmodsi4.o)

.debug_pubnames
 *(.debug_pubnames)

.debug_info     0x00000000     0x269f
 *(.debug_info)
 .debug_info    0x00000000       0x7b src/asf/mega/boards/stk600/rcx_x/init.o
 .debug_info    0x0000007b      0x385 src/AvrDrivers/Timer/8-bit_TimerCounter0.o
 .debug_info    0x00000400      0x124 src/AvrDrivers/Timer/8-bit_TimerCounter0_LCFG.o
 .debug_info    0x00000524      0x1b8 src/AvrDrivers/Timer/HAL_Timer_AVR.o
 .debug_info    0x000006dc      0x4fc src/main.o
 .debug_info    0x00000bd8      0x760 src/Process.o
 .debug_info    0x00001338      0x51b src/queue.o
 .debug_info    0x00001853      0x5a5 src/realTimeClock.o
 .debug_info    0x00001df8      0x379 src/ReSched.o
 .debug_info    0x00002171       0xdd c:/program files (x86)/atmel/atmel studio 6.0/extensions/atmel/avrgcc/3.4.1.95/avrtoolchain/bin/../lib/gcc/avr/4.6.2/avr5\libgcc.a(_mulsi3.o)
 .debug_info    0x0000224e       0xdd c:/program files (x86)/atmel/atmel studio 6.0/extensions/atmel/avrgcc/3.4.1.95/avrtoolchain/bin/../lib/gcc/avr/4.6.2/avr5\libgcc.a(_divmodsi4.o)
 .debug_info    0x0000232b       0xdd c:/program files (x86)/atmel/atmel studio 6.0/extensions/atmel/avrgcc/3.4.1.95/avrtoolchain/bin/../lib/gcc/avr/4.6.2/avr5\libgcc.a(_exit.o)
 .debug_info    0x00002408       0xdd c:/program files (x86)/atmel/atmel studio 6.0/extensions/atmel/avrgcc/3.4.1.95/avrtoolchain/bin/../lib/gcc/avr/4.6.2/avr5\libgcc.a(_copy_data.o)
 .debug_info    0x000024e5       0xdd c:/program files (x86)/atmel/atmel studio 6.0/extensions/atmel/avrgcc/3.4.1.95/avrtoolchain/bin/../lib/gcc/avr/4.6.2/avr5\libgcc.a(_clear_bss.o)
 .debug_info    0x000025c2       0xdd c:/program files (x86)/atmel/atmel studio 6.0/extensions/atmel/avrgcc/3.4.1.95/avrtoolchain/bin/../lib/gcc/avr/4.6.2/avr5\libgcc.a(_udivmodsi4.o)
 *(.gnu.linkonce.wi.*)

.debug_abbrev   0x00000000      0xaac
 *(.debug_abbrev)
 .debug_abbrev  0x00000000       0x43 src/asf/mega/boards/stk600/rcx_x/init.o
 .debug_abbrev  0x00000043      0x161 src/AvrDrivers/Timer/8-bit_TimerCounter0.o
 .debug_abbrev  0x000001a4       0x8c src/AvrDrivers/Timer/8-bit_TimerCounter0_LCFG.o
 .debug_abbrev  0x00000230       0xba src/AvrDrivers/Timer/HAL_Timer_AVR.o
 .debug_abbrev  0x000002ea      0x173 src/main.o
 .debug_abbrev  0x0000045d      0x1bf src/Process.o
 .debug_abbrev  0x0000061c      0x158 src/queue.o
 .debug_abbrev  0x00000774      0x1f0 src/realTimeClock.o
 .debug_abbrev  0x00000964       0xd0 src/ReSched.o
 .debug_abbrev  0x00000a34       0x14 c:/program files (x86)/atmel/atmel studio 6.0/extensions/atmel/avrgcc/3.4.1.95/avrtoolchain/bin/../lib/gcc/avr/4.6.2/avr5\libgcc.a(_mulsi3.o)
 .debug_abbrev  0x00000a48       0x14 c:/program files (x86)/atmel/atmel studio 6.0/extensions/atmel/avrgcc/3.4.1.95/avrtoolchain/bin/../lib/gcc/avr/4.6.2/avr5\libgcc.a(_divmodsi4.o)
 .debug_abbrev  0x00000a5c       0x14 c:/program files (x86)/atmel/atmel studio 6.0/extensions/atmel/avrgcc/3.4.1.95/avrtoolchain/bin/../lib/gcc/avr/4.6.2/avr5\libgcc.a(_exit.o)
 .debug_abbrev  0x00000a70       0x14 c:/program files (x86)/atmel/atmel studio 6.0/extensions/atmel/avrgcc/3.4.1.95/avrtoolchain/bin/../lib/gcc/avr/4.6.2/avr5\libgcc.a(_copy_data.o)
 .debug_abbrev  0x00000a84       0x14 c:/program files (x86)/atmel/atmel studio 6.0/extensions/atmel/avrgcc/3.4.1.95/avrtoolchain/bin/../lib/gcc/avr/4.6.2/avr5\libgcc.a(_clear_bss.o)
 .debug_abbrev  0x00000a98       0x14 c:/program files (x86)/atmel/atmel studio 6.0/extensions/atmel/avrgcc/3.4.1.95/avrtoolchain/bin/../lib/gcc/avr/4.6.2/avr5\libgcc.a(_udivmodsi4.o)

.debug_line     0x00000000     0x1fb3
 *(.debug_line)
 .debug_line    0x00000000      0x377 src/asf/mega/boards/stk600/rcx_x/init.o
 .debug_line    0x00000377      0x41c src/AvrDrivers/Timer/8-bit_TimerCounter0.o
 .debug_line    0x00000793      0x1e1 src/AvrDrivers/Timer/8-bit_TimerCounter0_LCFG.o
 .debug_line    0x00000974      0x21c src/AvrDrivers/Timer/HAL_Timer_AVR.o
 .debug_line    0x00000b90      0x471 src/main.o
 .debug_line    0x00001001      0x3b6 src/Process.o
 .debug_line    0x000013b7      0x2cd src/queue.o
 .debug_line    0x00001684      0x347 src/realTimeClock.o
 .debug_line    0x000019cb      0x253 src/ReSched.o
 .debug_line    0x00001c1e       0xa5 c:/program files (x86)/atmel/atmel studio 6.0/extensions/atmel/avrgcc/3.4.1.95/avrtoolchain/bin/../lib/gcc/avr/4.6.2/avr5\libgcc.a(_mulsi3.o)
 .debug_line    0x00001cc3       0xa1 c:/program files (x86)/atmel/atmel studio 6.0/extensions/atmel/avrgcc/3.4.1.95/avrtoolchain/bin/../lib/gcc/avr/4.6.2/avr5\libgcc.a(_divmodsi4.o)
 .debug_line    0x00001d64       0x88 c:/program files (x86)/atmel/atmel studio 6.0/extensions/atmel/avrgcc/3.4.1.95/avrtoolchain/bin/../lib/gcc/avr/4.6.2/avr5\libgcc.a(_exit.o)
 .debug_line    0x00001dec       0x91 c:/program files (x86)/atmel/atmel studio 6.0/extensions/atmel/avrgcc/3.4.1.95/avrtoolchain/bin/../lib/gcc/avr/4.6.2/avr5\libgcc.a(_copy_data.o)
 .debug_line    0x00001e7d       0x8e c:/program files (x86)/atmel/atmel studio 6.0/extensions/atmel/avrgcc/3.4.1.95/avrtoolchain/bin/../lib/gcc/avr/4.6.2/avr5\libgcc.a(_clear_bss.o)
 .debug_line    0x00001f0b       0xa8 c:/program files (x86)/atmel/atmel studio 6.0/extensions/atmel/avrgcc/3.4.1.95/avrtoolchain/bin/../lib/gcc/avr/4.6.2/avr5\libgcc.a(_udivmodsi4.o)

.debug_frame    0x00000000      0x670
 *(.debug_frame)
 .debug_frame   0x00000000       0x24 src/asf/mega/boards/stk600/rcx_x/init.o
 .debug_frame   0x00000024      0x164 src/AvrDrivers/Timer/8-bit_TimerCounter0.o
 .debug_frame   0x00000188       0x64 src/AvrDrivers/Timer/HAL_Timer_AVR.o
 .debug_frame   0x000001ec       0x54 src/main.o
 .debug_frame   0x00000240      0x210 src/Process.o
 .debug_frame   0x00000450       0xb4 src/queue.o
 .debug_frame   0x00000504      0x134 src/realTimeClock.o
 .debug_frame   0x00000638       0x38 src/ReSched.o

.debug_str      0x00000000      0x661
 *(.debug_str)
 .debug_str     0x00000000       0xb5 src/asf/mega/boards/stk600/rcx_x/init.o
                                 0xe9 (size before relaxing)
 .debug_str     0x000000b5      0x19b src/AvrDrivers/Timer/8-bit_TimerCounter0.o
                                0x259 (size before relaxing)
 .debug_str     0x00000250       0x33 src/AvrDrivers/Timer/8-bit_TimerCounter0_LCFG.o
                                0x13f (size before relaxing)
 .debug_str     0x00000283       0xa9 src/AvrDrivers/Timer/HAL_Timer_AVR.o
                                0x182 (size before relaxing)
 .debug_str     0x0000032c      0x171 src/main.o
                                0x268 (size before relaxing)
 .debug_str     0x0000049d       0xeb src/Process.o
                                0x2db (size before relaxing)
 .debug_str     0x00000588       0x41 src/queue.o
                                0x245 (size before relaxing)
 .debug_str     0x000005c9       0x73 src/realTimeClock.o
                                0x2bb (size before relaxing)
 .debug_str     0x0000063c       0x25 src/ReSched.o
                                0x201 (size before relaxing)

.debug_loc      0x00000000     0x16fc
 *(.debug_loc)
 .debug_loc     0x00000000      0x272 src/AvrDrivers/Timer/8-bit_TimerCounter0.o
 .debug_loc     0x00000272       0xa8 src/AvrDrivers/Timer/HAL_Timer_AVR.o
 .debug_loc     0x0000031a       0xbe src/main.o
 .debug_loc     0x000003d8      0x942 src/Process.o
 .debug_loc     0x00000d1a      0x405 src/queue.o
 .debug_loc     0x0000111f      0x55e src/realTimeClock.o
 .debug_loc     0x0000167d       0x7f src/ReSched.o

.debug_macinfo  0x00000000    0x2660e
 *(.debug_macinfo)
 .debug_macinfo
                0x00000000     0x9e4d src/asf/mega/boards/stk600/rcx_x/init.o
 .debug_macinfo
                0x00009e4d     0x5cb0 src/AvrDrivers/Timer/8-bit_TimerCounter0.o
 .debug_macinfo
                0x0000fafd     0x29eb src/AvrDrivers/Timer/8-bit_TimerCounter0_LCFG.o
 .debug_macinfo
                0x000124e8     0x296b src/AvrDrivers/Timer/HAL_Timer_AVR.o
 .debug_macinfo
                0x00014e53     0x615f src/main.o
 .debug_macinfo
                0x0001afb2     0x2d97 src/Process.o
 .debug_macinfo
                0x0001dd49     0x2d97 src/queue.o
 .debug_macinfo
                0x00020ae0     0x2d97 src/realTimeClock.o
 .debug_macinfo
                0x00023877     0x2d97 src/ReSched.o
OUTPUT(SchedulerAtmel.elf elf32-avr)
LOAD linker stubs

.debug_ranges   0x00000000      0x1a0
 .debug_ranges  0x00000000       0x10 src/asf/mega/boards/stk600/rcx_x/init.o
 .debug_ranges  0x00000010       0x68 src/AvrDrivers/Timer/8-bit_TimerCounter0.o
 .debug_ranges  0x00000078       0x30 src/AvrDrivers/Timer/HAL_Timer_AVR.o
 .debug_ranges  0x000000a8       0x28 src/main.o
 .debug_ranges  0x000000d0       0x50 src/Process.o
 .debug_ranges  0x00000120       0x28 src/queue.o
 .debug_ranges  0x00000148       0x48 src/realTimeClock.o
 .debug_ranges  0x00000190       0x10 src/ReSched.o
