******************************************************************************
                  TI ARM Linker PC v5.2.2                      
******************************************************************************
>> Linked Sun Feb 21 21:46:14 2016

OUTPUT FILE NAME:   <IoT_RTOS.out>
ENTRY POINT SYMBOL: "_c_int00"  address: 00000be9


MEMORY CONFIGURATION

         name            origin    length      used     unused   attr    fill
----------------------  --------  ---------  --------  --------  ----  --------
  FLASH                 00000000   00040000  00000ea8  0003f158  R  X
  SRAM                  20000000   00008000  00000480  00007b80  RW X


SEGMENT ALLOCATION MAP

run origin  load origin   length   init length attrs members
----------  ----------- ---------- ----------- ----- -------
00000000    00000000    00000ea8   00000ea8    r-x
  00000000    00000000    0000026c   0000026c    r-- .intvecs
  0000026c    0000026c    00000af8   00000af8    r-x .text
  00000d64    00000d64    0000010c   0000010c    r-- .const
  00000e70    00000e70    00000038   00000038    r-- .cinit
20000000    20000000    00000480   00000000    rw-
  20000000    20000000    0000026c   00000000    rw- .vtable
  2000026c    2000026c    00000200   00000000    rw- .stack
  2000046c    2000046c    00000014   00000000    rw- .data


SECTION ALLOCATION MAP

 output                                  attributes/
section   page    origin      length       input sections
--------  ----  ----------  ----------   ----------------
.intvecs   0    00000000    0000026c     
                  00000000    0000026c     tm4c123gh6pm_startup_ccs.obj (.intvecs)

.text      0    0000026c    00000af8     
                  0000026c    000003c0     interrupt.obj (.text)
                  0000062c    00000244     main.obj (.text)
                  00000870    00000188     watchdog.obj (.text)
                  000009f8    0000009c     rtsv7M4_T_le_v4SPD16_eabi.lib : memcpy_t2.obj (.text)
                  00000a94    0000007a                                   : memset_t2.obj (.text)
                  00000b0e    00000002     --HOLE-- [fill = 0]
                  00000b10    0000006c                                   : autoinit.obj (.text)
                  00000b7c    0000006a                                   : copy_decompress_rle.obj (.text)
                  00000be6    00000002     --HOLE-- [fill = 0]
                  00000be8    00000050                                   : boot.obj (.text)
                  00000c38    0000004c                                   : cpy_tbl.obj (.text)
                  00000c84    00000044                                   : exit.obj (.text)
                  00000cc8    0000003e     cpu.obj (.text)
                  00000d06    00000002     --HOLE-- [fill = 0]
                  00000d08    00000018     rtsv7M4_T_le_v4SPD16_eabi.lib : args_main.obj (.text)
                  00000d20    00000014                                   : _lock.obj (.text)
                  00000d34    0000000e                                   : copy_decompress_none.obj (.text:decompress:none)
                  00000d42    0000000c                                   : copy_zero_init.obj (.text:decompress:ZI)
                  00000d4e    0000000c     tm4c123gh6pm_startup_ccs.obj (.text)
                  00000d5a    00000006     rtsv7M4_T_le_v4SPD16_eabi.lib : copy_decompress_rle.obj (.text:decompress:rle24)
                  00000d60    00000004                                   : pre_init.obj (.text)

.const     0    00000d64    0000010c     
                  00000d64    0000009c     interrupt.obj (.const:g_pui32Regs)
                  00000e00    00000070     interrupt.obj (.const)

.cinit     0    00000e70    00000038     
                  00000e70    0000000f     (.cinit..data.load) [load image, compression = rle]
                  00000e7f    00000001     --HOLE-- [fill = 0]
                  00000e80    0000000c     (__TI_handler_table)
                  00000e8c    00000004     --HOLE-- [fill = 0]
                  00000e90    00000008     (.cinit..vtable.load) [load image, compression = zero_init]
                  00000e98    00000010     (__TI_cinit_table)

.init_array 
*          0    00000000    00000000     UNINITIALIZED

.vtable    0    20000000    0000026c     UNINITIALIZED
                  20000000    0000026c     interrupt.obj (.vtable)

.stack     0    2000026c    00000200     UNINITIALIZED
                  2000026c    00000200     --HOLE--

.data      0    2000046c    00000014     UNINITIALIZED
                  2000046c    00000008     rtsv7M4_T_le_v4SPD16_eabi.lib : _lock.obj (.data)
                  20000474    00000008                                   : exit.obj (.data)
                  2000047c    00000004                                   : stkdepth_vars.obj (.data)

.TI.persistent 
*          0    2000046c    00000000     UNINITIALIZED


LINKER GENERATED COPY TABLES

__TI_cinit_table @ 00000e98 records: 2, size/record: 8, table size: 16
	.data: load addr=00000e70, load size=0000000f bytes, run addr=2000046c, run size=00000014 bytes, compression=rle
	.vtable: load addr=00000e90, load size=00000008 bytes, run addr=20000000, run size=0000026c bytes, compression=zero_init


LINKER GENERATED HANDLER TABLE

__TI_handler_table @ 00000e80 records: 3, size/record: 4, table size: 12
	index: 0, handler: __TI_zero_init
	index: 1, handler: __TI_decompress_rle24
	index: 2, handler: __TI_decompress_none


GLOBAL SYMBOLS: SORTED ALPHABETICALLY BY Name 

address   name                    
-------   ----                    
00000c85  C$$EXIT                 
00000cfd  CPUbasepriGet           
00000cef  CPUbasepriSet           
00000cc9  CPUcpsid                
00000cdf  CPUcpsie                
00000cd5  CPUprimask              
00000ceb  CPUwfi                  
0000042d  IntDisable              
000003bb  IntEnable               
0000049f  IntIsEnabled            
0000027f  IntMasterDisable        
0000026f  IntMasterEnable         
00000595  IntPendClear            
00000525  IntPendSet              
00000397  IntPriorityGet          
0000030f  IntPriorityGroupingGet  
000002f5  IntPriorityGroupingSet  
000005ef  IntPriorityMaskGet      
000005e3  IntPriorityMaskSet      
00000347  IntPrioritySet          
0000028f  IntRegister             
000005f7  IntTrigger              
000002e1  IntUnregister           
000007bb  PortF_Init              
00000d4f  ResetISR                
UNDEFED   SHT$$INIT_ARRAY$$Base   
UNDEFED   SHT$$INIT_ARRAY$$Limit  
00000887  WatchdogEnable          
00000999  WatchdogIntClear        
00000965  WatchdogIntEnable       
0000093d  WatchdogIntRegister     
0000097b  WatchdogIntStatus       
000009a9  WatchdogIntTypeSet      
00000953  WatchdogIntUnregister   
000008c9  WatchdogLock            
000008ed  WatchdogLockState       
00000921  WatchdogReloadGet       
0000090f  WatchdogReloadSet       
000008b3  WatchdogResetDisable    
0000089d  WatchdogResetEnable     
00000871  WatchdogRunning         
000009dd  WatchdogStallDisable    
000009c5  WatchdogStallEnable     
000008db  WatchdogUnlock          
0000092f  WatchdogValueGet        
2000046c  __STACK_END             
00000200  __STACK_SIZE            
2000046c  __STACK_TOP             
00000e98  __TI_CINIT_Base         
00000ea8  __TI_CINIT_Limit        
00000e80  __TI_Handler_Table_Base 
00000e8c  __TI_Handler_Table_Limit
00000b11  __TI_auto_init          
20000474  __TI_cleanup_ptr        
00000d35  __TI_decompress_none    
00000d5b  __TI_decompress_rle24   
20000478  __TI_dtors_ptr          
00000000  __TI_static_base__      
00000d43  __TI_zero_init          
00000a95  __aeabi_memclr          
00000a95  __aeabi_memclr4         
00000a95  __aeabi_memclr8         
000009f9  __aeabi_memcpy          
000009f9  __aeabi_memcpy4         
000009f9  __aeabi_memcpy8         
00000a97  __aeabi_memset          
00000a97  __aeabi_memset4         
00000a97  __aeabi_memset8         
ffffffff  __binit__               
ffffffff  __c_args__              
2000026c  __stack                 
00000d09  _args_main              
00000be9  _c_int00                
2000046c  _lock                   
00000d2f  _nop                    
00000d27  _register_lock          
00000d21  _register_unlock        
00000d61  _system_pre_init        
20000470  _unlock                 
00000c89  abort                   
ffffffff  binit                   
00000c39  copy_in                 
00000c91  exit                    
20000000  g_pfnRAMVectors         
00000000  g_pfnVectors            
0000062d  main                    
2000047c  main_func_sp            
000009f9  memcpy                  
00000a9d  memset                  


GLOBAL SYMBOLS: SORTED BY Symbol Address 

address   name                    
-------   ----                    
00000000  __TI_static_base__      
00000000  g_pfnVectors            
00000200  __STACK_SIZE            
0000026f  IntMasterEnable         
0000027f  IntMasterDisable        
0000028f  IntRegister             
000002e1  IntUnregister           
000002f5  IntPriorityGroupingSet  
0000030f  IntPriorityGroupingGet  
00000347  IntPrioritySet          
00000397  IntPriorityGet          
000003bb  IntEnable               
0000042d  IntDisable              
0000049f  IntIsEnabled            
00000525  IntPendSet              
00000595  IntPendClear            
000005e3  IntPriorityMaskSet      
000005ef  IntPriorityMaskGet      
000005f7  IntTrigger              
0000062d  main                    
000007bb  PortF_Init              
00000871  WatchdogRunning         
00000887  WatchdogEnable          
0000089d  WatchdogResetEnable     
000008b3  WatchdogResetDisable    
000008c9  WatchdogLock            
000008db  WatchdogUnlock          
000008ed  WatchdogLockState       
0000090f  WatchdogReloadSet       
00000921  WatchdogReloadGet       
0000092f  WatchdogValueGet        
0000093d  WatchdogIntRegister     
00000953  WatchdogIntUnregister   
00000965  WatchdogIntEnable       
0000097b  WatchdogIntStatus       
00000999  WatchdogIntClear        
000009a9  WatchdogIntTypeSet      
000009c5  WatchdogStallEnable     
000009dd  WatchdogStallDisable    
000009f9  __aeabi_memcpy          
000009f9  __aeabi_memcpy4         
000009f9  __aeabi_memcpy8         
000009f9  memcpy                  
00000a95  __aeabi_memclr          
00000a95  __aeabi_memclr4         
00000a95  __aeabi_memclr8         
00000a97  __aeabi_memset          
00000a97  __aeabi_memset4         
00000a97  __aeabi_memset8         
00000a9d  memset                  
00000b11  __TI_auto_init          
00000be9  _c_int00                
00000c39  copy_in                 
00000c85  C$$EXIT                 
00000c89  abort                   
00000c91  exit                    
00000cc9  CPUcpsid                
00000cd5  CPUprimask              
00000cdf  CPUcpsie                
00000ceb  CPUwfi                  
00000cef  CPUbasepriSet           
00000cfd  CPUbasepriGet           
00000d09  _args_main              
00000d21  _register_unlock        
00000d27  _register_lock          
00000d2f  _nop                    
00000d35  __TI_decompress_none    
00000d43  __TI_zero_init          
00000d4f  ResetISR                
00000d5b  __TI_decompress_rle24   
00000d61  _system_pre_init        
00000e80  __TI_Handler_Table_Base 
00000e8c  __TI_Handler_Table_Limit
00000e98  __TI_CINIT_Base         
00000ea8  __TI_CINIT_Limit        
20000000  g_pfnRAMVectors         
2000026c  __stack                 
2000046c  __STACK_END             
2000046c  __STACK_TOP             
2000046c  _lock                   
20000470  _unlock                 
20000474  __TI_cleanup_ptr        
20000478  __TI_dtors_ptr          
2000047c  main_func_sp            
ffffffff  __binit__               
ffffffff  __c_args__              
ffffffff  binit                   
UNDEFED   SHT$$INIT_ARRAY$$Base   
UNDEFED   SHT$$INIT_ARRAY$$Limit  

[89 symbols]
