Archive member included because of file (symbol)

c:/program files (x86)/atmel/atmel studio 6.0/extensions/atmel/avrgcc/3.4.1.95/avrtoolchain/bin/../lib/gcc/avr/4.6.2/avr5\libgcc.a(_udivmodsi4.o)
                              src/drivers/I2C/I2C.o (__udivmodsi4)
c:/program files (x86)/atmel/atmel studio 6.0/extensions/atmel/avrgcc/3.4.1.95/avrtoolchain/bin/../lib/gcc/avr/4.6.2/avr5\libgcc.a(_exit.o)
                              c:/program files (x86)/atmel/atmel studio 6.0/extensions/atmel/avrgcc/3.4.1.95/avrtoolchain/bin/../lib/gcc/avr/4.6.2/../../../../avr/lib/avr5/crtm32.o (exit)
c:/program files (x86)/atmel/atmel studio 6.0/extensions/atmel/avrgcc/3.4.1.95/avrtoolchain/bin/../lib/gcc/avr/4.6.2/avr5\libgcc.a(_copy_data.o)
                              src/asf/mega/boards/stk600/rcx_x/init.o (__do_copy_data)
c:/program files (x86)/atmel/atmel studio 6.0/extensions/atmel/avrgcc/3.4.1.95/avrtoolchain/bin/../lib/gcc/avr/4.6.2/avr5\libgcc.a(_clear_bss.o)
                              src/asf/mega/boards/stk600/rcx_x/init.o (__do_clear_bss)

Allocating common symbols
Common symbol       size              file

enable_interrupt    0x1               src/drivers/ADC/ADC.o
SPI_DATA            0x1               src/drivers/SPI/SPI.o
value               0x1               src/drivers/UART/HAL_UART.o

Discarded input sections

 .bss           0x00000000        0x0 c:/program files (x86)/atmel/atmel studio 6.0/extensions/atmel/avrgcc/3.4.1.95/avrtoolchain/bin/../lib/gcc/avr/4.6.2/../../../../avr/lib/avr5/crtm32.o
 .text          0x00000000        0x0 src/asf/mega/boards/stk600/rcx_x/init.o
 .bss           0x00000000        0x0 src/asf/mega/boards/stk600/rcx_x/init.o
 .text.board_init
                0x00000000        0x2 src/asf/mega/boards/stk600/rcx_x/init.o
 .text          0x00000000        0x0 src/drivers/ADC/ADC.o
 .bss           0x00000000        0x0 src/drivers/ADC/ADC.o
 .text.adcOff   0x00000000        0xa src/drivers/ADC/ADC.o
 .text.adcInit  0x00000000       0xf2 src/drivers/ADC/ADC.o
 .text.adcResult_u16
                0x00000000       0x40 src/drivers/ADC/ADC.o
 .text.adcResult_u8
                0x00000000       0x26 src/drivers/ADC/ADC.o
 .rodata.adc_clk
                0x00000000       0x23 src/drivers/ADC/ADC.o
 COMMON         0x00000000        0x1 src/drivers/ADC/ADC.o
 .text          0x00000000        0x0 src/drivers/ADC/HAL_ADC_AVR.o
 .bss           0x00000000        0x0 src/drivers/ADC/HAL_ADC_AVR.o
 .text.HAL_ADC_read
                0x00000000       0x14 src/drivers/ADC/HAL_ADC_AVR.o
 .text.HAL_ADC_OFF
                0x00000000        0x6 src/drivers/ADC/HAL_ADC_AVR.o
 .text.HAL_ADC_Init
                0x00000000       0x28 src/drivers/ADC/HAL_ADC_AVR.o
 .text          0x00000000        0x0 src/drivers/DIO/DIO.o
 .bss           0x00000000        0x0 src/drivers/DIO/DIO.o
 .text.DIO_InitPortDirection
                0x00000000       0x62 src/drivers/DIO/DIO.o
 .text.DIO_WritePort
                0x00000000       0x62 src/drivers/DIO/DIO.o
 .text.DIO_ReadPort
                0x00000000       0x2e src/drivers/DIO/DIO.o
 .text          0x00000000        0x0 src/drivers/GPIO/GPIO.o
 .bss           0x00000000        0x0 src/drivers/GPIO/GPIO.o
 .text.GPIO_InitPortDirection
                0x00000000       0x62 src/drivers/GPIO/GPIO.o
 .text.GPIO_WritePort
                0x00000000       0x62 src/drivers/GPIO/GPIO.o
 .text.GPIO_ReadPort
                0x00000000       0x2e src/drivers/GPIO/GPIO.o
 .text          0x00000000        0x0 src/drivers/I2C/HAL_i2c_AVR.o
 .bss           0x00000000        0x0 src/drivers/I2C/HAL_i2c_AVR.o
 .text.HAL_I2C_Init
                0x00000000       0x1a src/drivers/I2C/HAL_i2c_AVR.o
 .text.HAL_I2C_Master_Transmit
                0x00000000        0xc src/drivers/I2C/HAL_i2c_AVR.o
 .text.HAL_I2C_Master_Receive
                0x00000000       0x12 src/drivers/I2C/HAL_i2c_AVR.o
 .text.HAL_I2C_Slave_Transmit
                0x00000000        0xa src/drivers/I2C/HAL_i2c_AVR.o
 .text.HAL_I2C_Slave_Receive
                0x00000000       0x12 src/drivers/I2C/HAL_i2c_AVR.o
 .text          0x00000000        0x0 src/drivers/I2C/I2C.o
 .bss           0x00000000        0x0 src/drivers/I2C/I2C.o
 .text.masterInit
                0x00000000       0x3a src/drivers/I2C/I2C.o
 .text.masterTransmit
                0x00000000       0x1a src/drivers/I2C/I2C.o
 .text.masterReceive
                0x00000000        0xe src/drivers/I2C/I2C.o
 .text.slaveInit
                0x00000000       0x22 src/drivers/I2C/I2C.o
 .text.slaveTransmit
                0x00000000        0xa src/drivers/I2C/I2C.o
 .text.slaveReceive
                0x00000000       0x1a src/drivers/I2C/I2C.o
 .text          0x00000000        0x0 src/drivers/I2C/I2C_Lcfg.o
 .bss           0x00000000        0x0 src/drivers/I2C/I2C_Lcfg.o
 .rodata.I2C_initConfig
                0x00000000        0x2 src/drivers/I2C/I2C_Lcfg.o
 .text          0x00000000        0x0 src/drivers/SPI/SPI.o
 .bss           0x00000000        0x0 src/drivers/SPI/SPI.o
 .text.spiInit  0x00000000       0x9a src/drivers/SPI/SPI.o
 .text.spiMasterTransmit
                0x00000000        0x8 src/drivers/SPI/SPI.o
 .text.spiSlaveTransmit
                0x00000000       0x24 src/drivers/SPI/SPI.o
 .text.spiTranceiver
                0x00000000        0xa src/drivers/SPI/SPI.o
 .text.spiSlaveReceive
                0x00000000        0x8 src/drivers/SPI/SPI.o
 .bss.u8LoopCount
                0x00000000        0x1 src/drivers/SPI/SPI.o
 .text          0x00000000        0x0 src/drivers/SPI/SPI_Lcfg.o
 .bss           0x00000000        0x0 src/drivers/SPI/SPI_Lcfg.o
 .rodata.spi_clk
                0x00000000       0x23 src/drivers/SPI/SPI_Lcfg.o
 .rodata.SPI_InitConfig
                0x00000000        0x6 src/drivers/SPI/SPI_Lcfg.o
 .text          0x00000000        0x0 src/drivers/Timer/8-bit_TimerCounter0.o
 .bss           0x00000000        0x0 src/drivers/Timer/8-bit_TimerCounter0.o
 .text.timer0Read
                0x00000000        0x4 src/drivers/Timer/8-bit_TimerCounter0.o
 .text.timer0Delay1ms
                0x00000000       0x4c src/drivers/Timer/8-bit_TimerCounter0.o
 .text.timer0ReadOVFFlag
                0x00000000        0x6 src/drivers/Timer/8-bit_TimerCounter0.o
 .text.timer0ReadCMPFlag
                0x00000000        0x6 src/drivers/Timer/8-bit_TimerCounter0.o
 .text.setTCNT0
                0x00000000        0x4 src/drivers/Timer/8-bit_TimerCounter0.o
 .text.setOCR0  0x00000000        0x6 src/drivers/Timer/8-bit_TimerCounter0.o
 .text.timer0Stop
                0x00000000        0x6 src/drivers/Timer/8-bit_TimerCounter0.o
 .text          0x00000000        0x0 src/drivers/Timer/8-bit_TimerCounter0_LCFG.o
 .bss           0x00000000        0x0 src/drivers/Timer/8-bit_TimerCounter0_LCFG.o
 .text          0x00000000        0x0 src/drivers/Timer/HAL_Timer_AVR.o
 .bss           0x00000000        0x0 src/drivers/Timer/HAL_Timer_AVR.o
 .text.HAL_Timer_Delay
                0x00000000       0x10 src/drivers/Timer/HAL_Timer_AVR.o
 .text.HAL_Timer_Stop
                0x00000000        0x6 src/drivers/Timer/HAL_Timer_AVR.o
 .text          0x00000000        0x0 src/drivers/UART/HAL_UART.o
 .bss           0x00000000        0x0 src/drivers/UART/HAL_UART.o
 .text.HAL_UART_Init
                0x00000000        0x6 src/drivers/UART/HAL_UART.o
 .text.HAL_UART_Send
                0x00000000        0xa src/drivers/UART/HAL_UART.o
 .text.HAL_UART_Receive
                0x00000000       0x12 src/drivers/UART/HAL_UART.o
 COMMON         0x00000000        0x1 src/drivers/UART/HAL_UART.o
 .text          0x00000000        0x0 src/drivers/UART/USART.o
 .bss           0x00000000        0x0 src/drivers/UART/USART.o
 .text.uartInit
                0x00000000       0xf8 src/drivers/UART/USART.o
 .text.uartReceive
                0x00000000        0x8 src/drivers/UART/USART.o
 .text          0x00000000        0x0 src/drivers/UART/USART_config.o
 .bss           0x00000000        0x0 src/drivers/UART/USART_config.o
 .text.uartDisable
                0x00000000        0x6 src/drivers/UART/USART_config.o
 .text.uartDisableRx
                0x00000000        0x6 src/drivers/UART/USART_config.o
 .text.uartDisableTx
                0x00000000        0x6 src/drivers/UART/USART_config.o
 .text.uartEnable
                0x00000000        0x8 src/drivers/UART/USART_config.o
 .text.uartEnableRx
                0x00000000        0x4 src/drivers/UART/USART_config.o
 .text.uartEnableTx
                0x00000000        0x4 src/drivers/UART/USART_config.o
 .text.uartDisableInterrupt
                0x00000000        0x6 src/drivers/UART/USART_config.o
 .text.uartEnableInterrupt
                0x00000000        0x8 src/drivers/UART/USART_config.o
 .text.uartEnableInterruptRx
                0x00000000        0x4 src/drivers/UART/USART_config.o
 .text          0x00000000        0x0 src/main.o
 .bss           0x00000000        0x0 src/main.o
 .text          0x00000000        0x0 c:/program files (x86)/atmel/atmel studio 6.0/extensions/atmel/avrgcc/3.4.1.95/avrtoolchain/bin/../lib/gcc/avr/4.6.2/avr5\libgcc.a(_udivmodsi4.o)
 .bss           0x00000000        0x0 c:/program files (x86)/atmel/atmel studio 6.0/extensions/atmel/avrgcc/3.4.1.95/avrtoolchain/bin/../lib/gcc/avr/4.6.2/avr5\libgcc.a(_udivmodsi4.o)
 .text.libgcc   0x00000000       0x44 c:/program files (x86)/atmel/atmel studio 6.0/extensions/atmel/avrgcc/3.4.1.95/avrtoolchain/bin/../lib/gcc/avr/4.6.2/avr5\libgcc.a(_udivmodsi4.o)
 .text          0x00000000        0x0 c:/program files (x86)/atmel/atmel studio 6.0/extensions/atmel/avrgcc/3.4.1.95/avrtoolchain/bin/../lib/gcc/avr/4.6.2/avr5\libgcc.a(_exit.o)
 .bss           0x00000000        0x0 c:/program files (x86)/atmel/atmel studio 6.0/extensions/atmel/avrgcc/3.4.1.95/avrtoolchain/bin/../lib/gcc/avr/4.6.2/avr5\libgcc.a(_exit.o)
 .text.libgcc   0x00000000        0x0 c:/program files (x86)/atmel/atmel studio 6.0/extensions/atmel/avrgcc/3.4.1.95/avrtoolchain/bin/../lib/gcc/avr/4.6.2/avr5\libgcc.a(_exit.o)
 .text          0x00000000        0x0 c:/program files (x86)/atmel/atmel studio 6.0/extensions/atmel/avrgcc/3.4.1.95/avrtoolchain/bin/../lib/gcc/avr/4.6.2/avr5\libgcc.a(_copy_data.o)
 .bss           0x00000000        0x0 c:/program files (x86)/atmel/atmel studio 6.0/extensions/atmel/avrgcc/3.4.1.95/avrtoolchain/bin/../lib/gcc/avr/4.6.2/avr5\libgcc.a(_copy_data.o)
 .text.libgcc   0x00000000        0x0 c:/program files (x86)/atmel/atmel studio 6.0/extensions/atmel/avrgcc/3.4.1.95/avrtoolchain/bin/../lib/gcc/avr/4.6.2/avr5\libgcc.a(_copy_data.o)
 .text          0x00000000        0x0 c:/program files (x86)/atmel/atmel studio 6.0/extensions/atmel/avrgcc/3.4.1.95/avrtoolchain/bin/../lib/gcc/avr/4.6.2/avr5\libgcc.a(_clear_bss.o)
 .bss           0x00000000        0x0 c:/program files (x86)/atmel/atmel studio 6.0/extensions/atmel/avrgcc/3.4.1.95/avrtoolchain/bin/../lib/gcc/avr/4.6.2/avr5\libgcc.a(_clear_bss.o)
 .text.libgcc   0x00000000        0x0 c:/program files (x86)/atmel/atmel studio 6.0/extensions/atmel/avrgcc/3.4.1.95/avrtoolchain/bin/../lib/gcc/avr/4.6.2/avr5\libgcc.a(_clear_bss.o)

Memory Configuration

Name             Origin             Length             Attributes
text             0x00000000         0x00020000         xr
data             0x00800060         0x0000ffa0         rw !x
eeprom           0x00810000         0x00010000         rw !x
fuse             0x00820000         0x00000400         rw !x
lock             0x00830000         0x00000400         rw !x
signature        0x00840000         0x00000400         rw !x
*default*        0x00000000         0xffffffff

Linker script and memory map

LOAD c:/program files (x86)/atmel/atmel studio 6.0/extensions/atmel/avrgcc/3.4.1.95/avrtoolchain/bin/../lib/gcc/avr/4.6.2/../../../../avr/lib/avr5/crtm32.o
LOAD src/asf/mega/boards/stk600/rcx_x/init.o
LOAD src/drivers/ADC/ADC.o
LOAD src/drivers/ADC/HAL_ADC_AVR.o
LOAD src/drivers/DIO/DIO.o
LOAD src/drivers/GPIO/GPIO.o
LOAD src/drivers/I2C/HAL_i2c_AVR.o
LOAD src/drivers/I2C/I2C.o
LOAD src/drivers/I2C/I2C_Lcfg.o
LOAD src/drivers/SPI/SPI.o
LOAD src/drivers/SPI/SPI_Lcfg.o
LOAD src/drivers/Timer/8-bit_TimerCounter0.o
LOAD src/drivers/Timer/8-bit_TimerCounter0_LCFG.o
LOAD src/drivers/Timer/HAL_Timer_AVR.o
LOAD src/drivers/UART/HAL_UART.o
LOAD src/drivers/UART/USART.o
LOAD src/drivers/UART/USART_config.o
LOAD src/main.o
START GROUP
END GROUP
LOAD c:/program files (x86)/atmel/atmel studio 6.0/extensions/atmel/avrgcc/3.4.1.95/avrtoolchain/bin/../lib/gcc/avr/4.6.2/avr5\libgcc.a
LOAD c:/program files (x86)/atmel/atmel studio 6.0/extensions/atmel/avrgcc/3.4.1.95/avrtoolchain/bin/../lib/gcc/avr/4.6.2/../../../../avr/lib/avr5\libc.a
LOAD c:/program files (x86)/atmel/atmel studio 6.0/extensions/atmel/avrgcc/3.4.1.95/avrtoolchain/bin/../lib/gcc/avr/4.6.2/avr5\libgcc.a

.hash
 *(.hash)

.dynsym
 *(.dynsym)

.dynstr
 *(.dynstr)

.gnu.version
 *(.gnu.version)

.gnu.version_d
 *(.gnu.version_d)

.gnu.version_r
 *(.gnu.version_r)

.rel.init
 *(.rel.init)

.rela.init
 *(.rela.init)

.rel.text
 *(.rel.text)
 *(.rel.text.*)
 *(.rel.gnu.linkonce.t*)

.rela.text
 *(.rela.text)
 *(.rela.text.*)
 *(.rela.gnu.linkonce.t*)

.rel.fini
 *(.rel.fini)

.rela.fini
 *(.rela.fini)

.rel.rodata
 *(.rel.rodata)
 *(.rel.rodata.*)
 *(.rel.gnu.linkonce.r*)

.rela.rodata
 *(.rela.rodata)
 *(.rela.rodata.*)
 *(.rela.gnu.linkonce.r*)

.rel.data
 *(.rel.data)
 *(.rel.data.*)
 *(.rel.gnu.linkonce.d*)

.rela.data
 *(.rela.data)
 *(.rela.data.*)
 *(.rela.gnu.linkonce.d*)

.rel.ctors
 *(.rel.ctors)

.rela.ctors
 *(.rela.ctors)

.rel.dtors
 *(.rel.dtors)

.rela.dtors
 *(.rela.dtors)

.rel.got
 *(.rel.got)

.rela.got
 *(.rela.got)

.rel.bss
 *(.rel.bss)

.rela.bss
 *(.rela.bss)

.rel.plt
 *(.rel.plt)

.rela.plt
 *(.rela.plt)

.text           0x00000000      0x362
 *(.vectors)
 .vectors       0x00000000       0x54 c:/program files (x86)/atmel/atmel studio 6.0/extensions/atmel/avrgcc/3.4.1.95/avrtoolchain/bin/../lib/gcc/avr/4.6.2/../../../../avr/lib/avr5/crtm32.o
                0x00000000                __vector_default
                0x00000000                __vectors
 *(.vectors)
 *(.progmem.gcc*)
 *(.progmem*)
                0x00000054                . = ALIGN (0x2)
                0x00000054                __trampolines_start = .
 *(.trampolines)
 .trampolines   0x00000054        0x0 linker stubs
 *(.trampolines*)
                0x00000054                __trampolines_end = .
 *(.jumptables)
 *(.jumptables*)
 *(.lowtext)
 *(.lowtext*)
                0x00000054                __ctors_start = .
 *(.ctors)
                0x00000054                __ctors_end = .
                0x00000054                __dtors_start = .
 *(.dtors)
                0x00000054                __dtors_end = .
 SORT(*)(.ctors)
 SORT(*)(.dtors)
 *(.init0)
 .init0         0x00000054        0x0 c:/program files (x86)/atmel/atmel studio 6.0/extensions/atmel/avrgcc/3.4.1.95/avrtoolchain/bin/../lib/gcc/avr/4.6.2/../../../../avr/lib/avr5/crtm32.o
                0x00000054                __init
 *(.init0)
 *(.init1)
 *(.init1)
 *(.init2)
 .init2         0x00000054        0xc c:/program files (x86)/atmel/atmel studio 6.0/extensions/atmel/avrgcc/3.4.1.95/avrtoolchain/bin/../lib/gcc/avr/4.6.2/../../../../avr/lib/avr5/crtm32.o
 *(.init2)
 *(.init3)
 *(.init3)
 *(.init4)
 .init4         0x00000060       0x16 c:/program files (x86)/atmel/atmel studio 6.0/extensions/atmel/avrgcc/3.4.1.95/avrtoolchain/bin/../lib/gcc/avr/4.6.2/avr5\libgcc.a(_copy_data.o)
                0x00000060                __do_copy_data
 .init4         0x00000076       0x10 c:/program files (x86)/atmel/atmel studio 6.0/extensions/atmel/avrgcc/3.4.1.95/avrtoolchain/bin/../lib/gcc/avr/4.6.2/avr5\libgcc.a(_clear_bss.o)
                0x00000076                __do_clear_bss
 *(.init4)
 *(.init5)
 *(.init5)
 *(.init6)
 *(.init6)
 *(.init7)
 *(.init7)
 *(.init8)
 *(.init8)
 *(.init9)
 .init9         0x00000086        0x4 c:/program files (x86)/atmel/atmel studio 6.0/extensions/atmel/avrgcc/3.4.1.95/avrtoolchain/bin/../lib/gcc/avr/4.6.2/../../../../avr/lib/avr5/crtm32.o
 *(.init9)
 *(.text)
 .text          0x0000008a        0x2 c:/program files (x86)/atmel/atmel studio 6.0/extensions/atmel/avrgcc/3.4.1.95/avrtoolchain/bin/../lib/gcc/avr/4.6.2/../../../../avr/lib/avr5/crtm32.o
                0x0000008a                __vector_1
                0x0000008a                __bad_interrupt
                0x0000008a                __vector_6
                0x0000008a                __vector_3
                0x0000008a                __vector_11
                0x0000008a                __vector_17
                0x0000008a                __vector_19
                0x0000008a                __vector_7
                0x0000008a                __vector_5
                0x0000008a                __vector_4
                0x0000008a                __vector_9
                0x0000008a                __vector_15
                0x0000008a                __vector_8
                0x0000008a                __vector_14
                0x0000008a                __vector_18
                0x0000008a                __vector_20
                0x0000008c                . = ALIGN (0x2)
 *(.text.*)
 .text.__vector_16
                0x0000008c       0x50 src/drivers/ADC/ADC.o
                0x0000008c                __vector_16
 .text.__vector_2
                0x000000dc       0x26 src/drivers/SPI/SPI.o
                0x000000dc                __vector_2
 .text.__vector_12
                0x00000102       0x1e src/drivers/SPI/SPI.o
                0x00000102                __vector_12
 .text.timer0Init1ms
                0x00000120       0xb6 src/drivers/Timer/8-bit_TimerCounter0.o
                0x00000120                timer0Init1ms
 .text.timer0Start
                0x000001d6       0x22 src/drivers/Timer/8-bit_TimerCounter0.o
                0x000001d6                timer0Start
 .text.__vector_10
                0x000001f8       0x9a src/drivers/Timer/8-bit_TimerCounter0.o
                0x000001f8                __vector_10
 .text.HAL_Timer_Init
                0x00000292        0x4 src/drivers/Timer/HAL_Timer_AVR.o
                0x00000292                HAL_Timer_Init
 .text.HAL_Timer_Start
                0x00000296        0xc src/drivers/Timer/HAL_Timer_AVR.o
                0x00000296                HAL_Timer_Start
 .text.uartSend
                0x000002a2        0x8 src/drivers/UART/USART.o
                0x000002a2                uartSend
 .text.__vector_13
                0x000002aa       0x6e src/drivers/UART/USART.o
                0x000002aa                __vector_13
 .text.toggle   0x00000318       0x16 src/main.o
                0x00000318                toggle
 .text.main     0x0000032e       0x30 src/main.o
                0x0000032e                main
                0x0000035e                . = ALIGN (0x2)
 *(.fini9)
 .fini9         0x0000035e        0x0 c:/program files (x86)/atmel/atmel studio 6.0/extensions/atmel/avrgcc/3.4.1.95/avrtoolchain/bin/../lib/gcc/avr/4.6.2/avr5\libgcc.a(_exit.o)
                0x0000035e                _exit
                0x0000035e                exit
 *(.fini9)
 *(.fini8)
 *(.fini8)
 *(.fini7)
 *(.fini7)
 *(.fini6)
 *(.fini6)
 *(.fini5)
 *(.fini5)
 *(.fini4)
 *(.fini4)
 *(.fini3)
 *(.fini3)
 *(.fini2)
 *(.fini2)
 *(.fini1)
 *(.fini1)
 *(.fini0)
 .fini0         0x0000035e        0x4 c:/program files (x86)/atmel/atmel studio 6.0/extensions/atmel/avrgcc/3.4.1.95/avrtoolchain/bin/../lib/gcc/avr/4.6.2/avr5\libgcc.a(_exit.o)
 *(.fini0)
                0x00000362                _etext = .

.data           0x00800060       0x1a load address 0x00000362
                0x00800060                PROVIDE (__data_start, .)
 *(.data)
 .data          0x00800060        0x0 c:/program files (x86)/atmel/atmel studio 6.0/extensions/atmel/avrgcc/3.4.1.95/avrtoolchain/bin/../lib/gcc/avr/4.6.2/../../../../avr/lib/avr5/crtm32.o
 .data          0x00800060        0x0 src/asf/mega/boards/stk600/rcx_x/init.o
 .data          0x00800060        0x0 src/drivers/ADC/ADC.o
 .data          0x00800060        0x0 src/drivers/ADC/HAL_ADC_AVR.o
 .data          0x00800060        0x0 src/drivers/DIO/DIO.o
 .data          0x00800060        0x0 src/drivers/GPIO/GPIO.o
 .data          0x00800060        0x0 src/drivers/I2C/HAL_i2c_AVR.o
 .data          0x00800060        0x0 src/drivers/I2C/I2C.o
 .data          0x00800060        0x0 src/drivers/I2C/I2C_Lcfg.o
 .data          0x00800060        0x0 src/drivers/SPI/SPI.o
 .data          0x00800060        0x0 src/drivers/SPI/SPI_Lcfg.o
 .data          0x00800060        0x0 src/drivers/Timer/8-bit_TimerCounter0.o
 .data          0x00800060        0x0 src/drivers/Timer/8-bit_TimerCounter0_LCFG.o
 .data          0x00800060        0x0 src/drivers/Timer/HAL_Timer_AVR.o
 .data          0x00800060        0x0 src/drivers/UART/HAL_UART.o
 .data          0x00800060        0x0 src/drivers/UART/USART.o
 .data          0x00800060        0x0 src/drivers/UART/USART_config.o
 .data          0x00800060        0x0 src/main.o
 .data          0x00800060        0x0 c:/program files (x86)/atmel/atmel studio 6.0/extensions/atmel/avrgcc/3.4.1.95/avrtoolchain/bin/../lib/gcc/avr/4.6.2/avr5\libgcc.a(_udivmodsi4.o)
 .data          0x00800060        0x0 c:/program files (x86)/atmel/atmel studio 6.0/extensions/atmel/avrgcc/3.4.1.95/avrtoolchain/bin/../lib/gcc/avr/4.6.2/avr5\libgcc.a(_exit.o)
 .data          0x00800060        0x0 c:/program files (x86)/atmel/atmel studio 6.0/extensions/atmel/avrgcc/3.4.1.95/avrtoolchain/bin/../lib/gcc/avr/4.6.2/avr5\libgcc.a(_copy_data.o)
 .data          0x00800060        0x0 c:/program files (x86)/atmel/atmel studio 6.0/extensions/atmel/avrgcc/3.4.1.95/avrtoolchain/bin/../lib/gcc/avr/4.6.2/avr5\libgcc.a(_clear_bss.o)
 *(.data*)
 *(.rodata)
 *(.rodata*)
 .rodata.MODE   0x00800060        0x1 src/drivers/Timer/8-bit_TimerCounter0_LCFG.o
                0x00800060                MODE
 .rodata.clk1ms
                0x00800061       0x19 src/drivers/Timer/8-bit_TimerCounter0_LCFG.o
                0x00800061                clk1ms
 *(.gnu.linkonce.d*)
                0x0080007a                . = ALIGN (0x2)
                0x0080007a                _edata = .
                0x0080007a                PROVIDE (__data_end, .)

.bss            0x0080007a        0xd
                0x0080007a                PROVIDE (__bss_start, .)
 *(.bss)
 *(.bss*)
 .bss.ADC_result
                0x0080007a        0x2 src/drivers/ADC/ADC.o
 .bss.no_of_ticks
                0x0080007c        0x2 src/drivers/Timer/8-bit_TimerCounter0.o
 .bss.countCompare
                0x0080007e        0x2 src/drivers/Timer/8-bit_TimerCounter0.o
 .bss.TMR_CylicFunPtr
                0x00800080        0x2 src/drivers/Timer/8-bit_TimerCounter0.o
 .bss.count     0x00800082        0x4 src/drivers/Timer/8-bit_TimerCounter0.o
 *(COMMON)
 COMMON         0x00800086        0x1 src/drivers/SPI/SPI.o
                0x00800086                SPI_DATA
                0x00800087                PROVIDE (__bss_end, .)
                0x00000362                __data_load_start = LOADADDR (.data)
                0x0000037c                __data_load_end = (__data_load_start + SIZEOF (.data))

.noinit         0x00800087        0x0
                0x00800087                PROVIDE (__noinit_start, .)
 *(.noinit*)
                0x00800087                PROVIDE (__noinit_end, .)
                0x00800087                _end = .
                0x00800087                PROVIDE (__heap_start, .)

.eeprom         0x00810000        0x0
 *(.eeprom*)
                0x00810000                __eeprom_end = .

.fuse
 *(.fuse)
 *(.lfuse)
 *(.hfuse)
 *(.efuse)

.lock
 *(.lock*)

.signature
 *(.signature*)

.stab           0x00000000      0x6cc
 *(.stab)
 .stab          0x00000000      0x6cc c:/program files (x86)/atmel/atmel studio 6.0/extensions/atmel/avrgcc/3.4.1.95/avrtoolchain/bin/../lib/gcc/avr/4.6.2/../../../../avr/lib/avr5/crtm32.o

.stabstr        0x00000000       0x85
 *(.stabstr)
 .stabstr       0x00000000       0x85 c:/program files (x86)/atmel/atmel studio 6.0/extensions/atmel/avrgcc/3.4.1.95/avrtoolchain/bin/../lib/gcc/avr/4.6.2/../../../../avr/lib/avr5/crtm32.o

.stab.excl
 *(.stab.excl)

.stab.exclstr
 *(.stab.exclstr)

.stab.index
 *(.stab.index)

.stab.indexstr
 *(.stab.indexstr)

.comment
 *(.comment)

.debug
 *(.debug)

.line
 *(.line)

.debug_srcinfo
 *(.debug_srcinfo)

.debug_sfnames
 *(.debug_sfnames)

.debug_aranges  0x00000000      0x3d8
 *(.debug_aranges)
 .debug_aranges
                0x00000000       0x20 src/asf/mega/boards/stk600/rcx_x/init.o
 .debug_aranges
                0x00000020       0x40 src/drivers/ADC/ADC.o
 .debug_aranges
                0x00000060       0x30 src/drivers/ADC/HAL_ADC_AVR.o
 .debug_aranges
                0x00000090       0x30 src/drivers/DIO/DIO.o
 .debug_aranges
                0x000000c0       0x30 src/drivers/GPIO/GPIO.o
 .debug_aranges
                0x000000f0       0x40 src/drivers/I2C/HAL_i2c_AVR.o
 .debug_aranges
                0x00000130       0x48 src/drivers/I2C/I2C.o
 .debug_aranges
                0x00000178       0x50 src/drivers/SPI/SPI.o
 .debug_aranges
                0x000001c8       0x68 src/drivers/Timer/8-bit_TimerCounter0.o
 .debug_aranges
                0x00000230       0x38 src/drivers/Timer/HAL_Timer_AVR.o
 .debug_aranges
                0x00000268       0x30 src/drivers/UART/HAL_UART.o
 .debug_aranges
                0x00000298       0x38 src/drivers/UART/USART.o
 .debug_aranges
                0x000002d0       0x60 src/drivers/UART/USART_config.o
 .debug_aranges
                0x00000330       0x28 src/main.o
 .debug_aranges
                0x00000358       0x20 c:/program files (x86)/atmel/atmel studio 6.0/extensions/atmel/avrgcc/3.4.1.95/avrtoolchain/bin/../lib/gcc/avr/4.6.2/avr5\libgcc.a(_udivmodsi4.o)
 .debug_aranges
                0x00000378       0x20 c:/program files (x86)/atmel/atmel studio 6.0/extensions/atmel/avrgcc/3.4.1.95/avrtoolchain/bin/../lib/gcc/avr/4.6.2/avr5\libgcc.a(_exit.o)
 .debug_aranges
                0x00000398       0x20 c:/program files (x86)/atmel/atmel studio 6.0/extensions/atmel/avrgcc/3.4.1.95/avrtoolchain/bin/../lib/gcc/avr/4.6.2/avr5\libgcc.a(_copy_data.o)
 .debug_aranges
                0x000003b8       0x20 c:/program files (x86)/atmel/atmel studio 6.0/extensions/atmel/avrgcc/3.4.1.95/avrtoolchain/bin/../lib/gcc/avr/4.6.2/avr5\libgcc.a(_clear_bss.o)

.debug_pubnames
 *(.debug_pubnames)

.debug_info     0x00000000     0x1cfe
 *(.debug_info)
 .debug_info    0x00000000       0x7b src/asf/mega/boards/stk600/rcx_x/init.o
 .debug_info    0x0000007b      0x1f8 src/drivers/ADC/ADC.o
 .debug_info    0x00000273      0x17d src/drivers/ADC/HAL_ADC_AVR.o
 .debug_info    0x000003f0      0x140 src/drivers/DIO/DIO.o
 .debug_info    0x00000530      0x140 src/drivers/GPIO/GPIO.o
 .debug_info    0x00000670      0x1d4 src/drivers/I2C/HAL_i2c_AVR.o
 .debug_info    0x00000844      0x16f src/drivers/I2C/I2C.o
 .debug_info    0x000009b3       0xa6 src/drivers/I2C/I2C_Lcfg.o
 .debug_info    0x00000a59      0x25a src/drivers/SPI/SPI.o
 .debug_info    0x00000cb3      0x124 src/drivers/SPI/SPI_Lcfg.o
 .debug_info    0x00000dd7      0x2ef src/drivers/Timer/8-bit_TimerCounter0.o
 .debug_info    0x000010c6      0x108 src/drivers/Timer/8-bit_TimerCounter0_LCFG.o
 .debug_info    0x000011ce      0x17d src/drivers/Timer/HAL_Timer_AVR.o
 .debug_info    0x0000134b      0x1b0 src/drivers/UART/HAL_UART.o
 .debug_info    0x000014fb      0x23d src/drivers/UART/USART.o
 .debug_info    0x00001738      0x125 src/drivers/UART/USART_config.o
 .debug_info    0x0000185d      0x12d src/main.o
 .debug_info    0x0000198a       0xdd c:/program files (x86)/atmel/atmel studio 6.0/extensions/atmel/avrgcc/3.4.1.95/avrtoolchain/bin/../lib/gcc/avr/4.6.2/avr5\libgcc.a(_udivmodsi4.o)
 .debug_info    0x00001a67       0xdd c:/program files (x86)/atmel/atmel studio 6.0/extensions/atmel/avrgcc/3.4.1.95/avrtoolchain/bin/../lib/gcc/avr/4.6.2/avr5\libgcc.a(_exit.o)
 .debug_info    0x00001b44       0xdd c:/program files (x86)/atmel/atmel studio 6.0/extensions/atmel/avrgcc/3.4.1.95/avrtoolchain/bin/../lib/gcc/avr/4.6.2/avr5\libgcc.a(_copy_data.o)
 .debug_info    0x00001c21       0xdd c:/program files (x86)/atmel/atmel studio 6.0/extensions/atmel/avrgcc/3.4.1.95/avrtoolchain/bin/../lib/gcc/avr/4.6.2/avr5\libgcc.a(_clear_bss.o)
 *(.gnu.linkonce.wi.*)

.debug_abbrev   0x00000000      0xca1
 *(.debug_abbrev)
 .debug_abbrev  0x00000000       0x43 src/asf/mega/boards/stk600/rcx_x/init.o
 .debug_abbrev  0x00000043      0x12b src/drivers/ADC/ADC.o
 .debug_abbrev  0x0000016e       0x9b src/drivers/ADC/HAL_ADC_AVR.o
 .debug_abbrev  0x00000209       0x96 src/drivers/DIO/DIO.o
 .debug_abbrev  0x0000029f       0x96 src/drivers/GPIO/GPIO.o
 .debug_abbrev  0x00000335       0xb2 src/drivers/I2C/HAL_i2c_AVR.o
 .debug_abbrev  0x000003e7       0xba src/drivers/I2C/I2C.o
 .debug_abbrev  0x000004a1       0x6d src/drivers/I2C/I2C_Lcfg.o
 .debug_abbrev  0x0000050e      0x12f src/drivers/SPI/SPI.o
 .debug_abbrev  0x0000063d       0x7f src/drivers/SPI/SPI_Lcfg.o
 .debug_abbrev  0x000006bc      0x145 src/drivers/Timer/8-bit_TimerCounter0.o
 .debug_abbrev  0x00000801       0x7f src/drivers/Timer/8-bit_TimerCounter0_LCFG.o
 .debug_abbrev  0x00000880       0xad src/drivers/Timer/HAL_Timer_AVR.o
 .debug_abbrev  0x0000092d       0xc4 src/drivers/UART/HAL_UART.o
 .debug_abbrev  0x000009f1      0x167 src/drivers/UART/USART.o
 .debug_abbrev  0x00000b58       0x4e src/drivers/UART/USART_config.o
 .debug_abbrev  0x00000ba6       0xab src/main.o
 .debug_abbrev  0x00000c51       0x14 c:/program files (x86)/atmel/atmel studio 6.0/extensions/atmel/avrgcc/3.4.1.95/avrtoolchain/bin/../lib/gcc/avr/4.6.2/avr5\libgcc.a(_udivmodsi4.o)
 .debug_abbrev  0x00000c65       0x14 c:/program files (x86)/atmel/atmel studio 6.0/extensions/atmel/avrgcc/3.4.1.95/avrtoolchain/bin/../lib/gcc/avr/4.6.2/avr5\libgcc.a(_exit.o)
 .debug_abbrev  0x00000c79       0x14 c:/program files (x86)/atmel/atmel studio 6.0/extensions/atmel/avrgcc/3.4.1.95/avrtoolchain/bin/../lib/gcc/avr/4.6.2/avr5\libgcc.a(_copy_data.o)
 .debug_abbrev  0x00000c8d       0x14 c:/program files (x86)/atmel/atmel studio 6.0/extensions/atmel/avrgcc/3.4.1.95/avrtoolchain/bin/../lib/gcc/avr/4.6.2/avr5\libgcc.a(_clear_bss.o)

.debug_line     0x00000000     0x31f8
 *(.debug_line)
 .debug_line    0x00000000      0x377 src/asf/mega/boards/stk600/rcx_x/init.o
 .debug_line    0x00000377      0x3c0 src/drivers/ADC/ADC.o
 .debug_line    0x00000737      0x387 src/drivers/ADC/HAL_ADC_AVR.o
 .debug_line    0x00000abe      0x2a6 src/drivers/DIO/DIO.o
 .debug_line    0x00000d64      0x2b6 src/drivers/GPIO/GPIO.o
 .debug_line    0x0000101a      0x1e8 src/drivers/I2C/HAL_i2c_AVR.o
 .debug_line    0x00001202      0x20c src/drivers/I2C/I2C.o
 .debug_line    0x0000140e      0x16b src/drivers/I2C/I2C_Lcfg.o
 .debug_line    0x00001579      0x362 src/drivers/SPI/SPI.o
 .debug_line    0x000018db      0x188 src/drivers/SPI/SPI_Lcfg.o
 .debug_line    0x00001a63      0x3b9 src/drivers/Timer/8-bit_TimerCounter0.o
 .debug_line    0x00001e1c      0x1b7 src/drivers/Timer/8-bit_TimerCounter0_LCFG.o
 .debug_line    0x00001fd3      0x1df src/drivers/Timer/HAL_Timer_AVR.o
 .debug_line    0x000021b2      0x2b4 src/drivers/UART/HAL_UART.o
 .debug_line    0x00002466      0x3de src/drivers/UART/USART.o
 .debug_line    0x00002844      0x32a src/drivers/UART/USART_config.o
 .debug_line    0x00002b6e      0x43b src/main.o
 .debug_line    0x00002fa9       0xa8 c:/program files (x86)/atmel/atmel studio 6.0/extensions/atmel/avrgcc/3.4.1.95/avrtoolchain/bin/../lib/gcc/avr/4.6.2/avr5\libgcc.a(_udivmodsi4.o)
 .debug_line    0x00003051       0x88 c:/program files (x86)/atmel/atmel studio 6.0/extensions/atmel/avrgcc/3.4.1.95/avrtoolchain/bin/../lib/gcc/avr/4.6.2/avr5\libgcc.a(_exit.o)
 .debug_line    0x000030d9       0x91 c:/program files (x86)/atmel/atmel studio 6.0/extensions/atmel/avrgcc/3.4.1.95/avrtoolchain/bin/../lib/gcc/avr/4.6.2/avr5\libgcc.a(_copy_data.o)
 .debug_line    0x0000316a       0x8e c:/program files (x86)/atmel/atmel studio 6.0/extensions/atmel/avrgcc/3.4.1.95/avrtoolchain/bin/../lib/gcc/avr/4.6.2/avr5\libgcc.a(_clear_bss.o)

.debug_frame    0x00000000      0x694
 *(.debug_frame)
 .debug_frame   0x00000000       0x24 src/asf/mega/boards/stk600/rcx_x/init.o
 .debug_frame   0x00000024       0xa8 src/drivers/ADC/ADC.o
 .debug_frame   0x000000cc       0x64 src/drivers/ADC/HAL_ADC_AVR.o
 .debug_frame   0x00000130       0x44 src/drivers/DIO/DIO.o
 .debug_frame   0x00000174       0x44 src/drivers/GPIO/GPIO.o
 .debug_frame   0x000001b8       0x7c src/drivers/I2C/HAL_i2c_AVR.o
 .debug_frame   0x00000234       0x74 src/drivers/I2C/I2C.o
 .debug_frame   0x000002a8       0xa4 src/drivers/SPI/SPI.o
 .debug_frame   0x0000034c       0xfc src/drivers/Timer/8-bit_TimerCounter0.o
 .debug_frame   0x00000448       0x54 src/drivers/Timer/HAL_Timer_AVR.o
 .debug_frame   0x0000049c       0x50 src/drivers/UART/HAL_UART.o
 .debug_frame   0x000004ec       0xc0 src/drivers/UART/USART.o
 .debug_frame   0x000005ac       0xa4 src/drivers/UART/USART_config.o
 .debug_frame   0x00000650       0x44 src/main.o

.debug_str      0x00000000      0x9a2
 *(.debug_str)
 .debug_str     0x00000000       0xb5 src/asf/mega/boards/stk600/rcx_x/init.o
                                 0xe9 (size before relaxing)
 .debug_str     0x000000b5       0xfe src/drivers/ADC/ADC.o
                                0x1b1 (size before relaxing)
 .debug_str     0x000001b3       0x78 src/drivers/ADC/HAL_ADC_AVR.o
                                0x187 (size before relaxing)
 .debug_str     0x0000022b       0x65 src/drivers/DIO/DIO.o
                                0x133 (size before relaxing)
 .debug_str     0x00000290       0x4f src/drivers/GPIO/GPIO.o
                                0x138 (size before relaxing)
 .debug_str     0x000002df       0xdf src/drivers/I2C/HAL_i2c_AVR.o
                                0x1a9 (size before relaxing)
 .debug_str     0x000003be       0x8d src/drivers/I2C/I2C.o
                                0x156 (size before relaxing)
 .debug_str     0x0000044b       0x3d src/drivers/I2C/I2C_Lcfg.o
                                 0xf9 (size before relaxing)
 .debug_str     0x00000488       0xc8 src/drivers/SPI/SPI.o
                                0x1bd (size before relaxing)
 .debug_str     0x00000550       0x1e src/drivers/SPI/SPI_Lcfg.o
                                0x148 (size before relaxing)
 .debug_str     0x0000056e      0x143 src/drivers/Timer/8-bit_TimerCounter0.o
                                0x225 (size before relaxing)
 .debug_str     0x000006b1       0x30 src/drivers/Timer/8-bit_TimerCounter0_LCFG.o
                                0x136 (size before relaxing)
 .debug_str     0x000006e1       0x98 src/drivers/Timer/HAL_Timer_AVR.o
                                0x16b (size before relaxing)
 .debug_str     0x00000779       0x9d src/drivers/UART/HAL_UART.o
                                0x177 (size before relaxing)
 .debug_str     0x00000816       0xad src/drivers/UART/USART.o
                                0x1c9 (size before relaxing)
 .debug_str     0x000008c3       0xaf src/drivers/UART/USART_config.o
                                0x16a (size before relaxing)
 .debug_str     0x00000972       0x30 src/main.o
                                0x140 (size before relaxing)

.debug_loc      0x00000000      0xc65
 *(.debug_loc)
 .debug_loc     0x00000000      0x18c src/drivers/ADC/ADC.o
 .debug_loc     0x0000018c       0xc8 src/drivers/ADC/HAL_ADC_AVR.o
 .debug_loc     0x00000254      0x18a src/drivers/DIO/DIO.o
 .debug_loc     0x000003de      0x18a src/drivers/GPIO/GPIO.o
 .debug_loc     0x00000568      0x136 src/drivers/I2C/HAL_i2c_AVR.o
 .debug_loc     0x0000069e       0x72 src/drivers/I2C/I2C.o
 .debug_loc     0x00000710       0xe1 src/drivers/SPI/SPI.o
 .debug_loc     0x000007f1      0x15f src/drivers/Timer/8-bit_TimerCounter0.o
 .debug_loc     0x00000950       0x80 src/drivers/Timer/HAL_Timer_AVR.o
 .debug_loc     0x000009d0       0x97 src/drivers/UART/HAL_UART.o
 .debug_loc     0x00000a67      0x1b6 src/drivers/UART/USART.o
 .debug_loc     0x00000c1d       0x48 src/main.o

.debug_macinfo  0x00000000    0x55ce1
 *(.debug_macinfo)
 .debug_macinfo
                0x00000000     0x9e4d src/asf/mega/boards/stk600/rcx_x/init.o
 .debug_macinfo
                0x00009e4d     0x66d7 src/drivers/ADC/ADC.o
 .debug_macinfo
                0x00010524     0x66ed src/drivers/ADC/HAL_ADC_AVR.o
 .debug_macinfo
                0x00016c11     0x588d src/drivers/DIO/DIO.o
 .debug_macinfo
                0x0001c49e     0x58e2 src/drivers/GPIO/GPIO.o
 .debug_macinfo
                0x00021d80     0x2b02 src/drivers/I2C/HAL_i2c_AVR.o
 .debug_macinfo
                0x00024882     0x2aaa src/drivers/I2C/I2C.o
 .debug_macinfo
                0x0002732c     0x28e5 src/drivers/I2C/I2C_Lcfg.o
 .debug_macinfo
                0x00029c11     0x5eab src/drivers/SPI/SPI.o
 .debug_macinfo
                0x0002fabc     0x2ba7 src/drivers/SPI/SPI_Lcfg.o
 .debug_macinfo
                0x00032663     0x5c8f src/drivers/Timer/8-bit_TimerCounter0.o
 .debug_macinfo
                0x000382f2     0x29ca src/drivers/Timer/8-bit_TimerCounter0_LCFG.o
 .debug_macinfo
                0x0003acbc     0x294a src/drivers/Timer/HAL_Timer_AVR.o
 .debug_macinfo
                0x0003d606     0x5a6f src/drivers/UART/HAL_UART.o
 .debug_macinfo
                0x00043075     0x630e src/drivers/UART/USART.o
 .debug_macinfo
                0x00049383     0x5de7 src/drivers/UART/USART_config.o
 .debug_macinfo
                0x0004f16a     0x6b77 src/main.o
OUTPUT(atmegaHAL.elf elf32-avr)
LOAD linker stubs

.debug_ranges   0x00000000      0x278
 .debug_ranges  0x00000000       0x10 src/asf/mega/boards/stk600/rcx_x/init.o
 .debug_ranges  0x00000010       0x30 src/drivers/ADC/ADC.o
 .debug_ranges  0x00000040       0x20 src/drivers/ADC/HAL_ADC_AVR.o
 .debug_ranges  0x00000060       0x20 src/drivers/DIO/DIO.o
 .debug_ranges  0x00000080       0x20 src/drivers/GPIO/GPIO.o
 .debug_ranges  0x000000a0       0x30 src/drivers/I2C/HAL_i2c_AVR.o
 .debug_ranges  0x000000d0       0x38 src/drivers/I2C/I2C.o
 .debug_ranges  0x00000108       0x40 src/drivers/SPI/SPI.o
 .debug_ranges  0x00000148       0x58 src/drivers/Timer/8-bit_TimerCounter0.o
 .debug_ranges  0x000001a0       0x28 src/drivers/Timer/HAL_Timer_AVR.o
 .debug_ranges  0x000001c8       0x20 src/drivers/UART/HAL_UART.o
 .debug_ranges  0x000001e8       0x28 src/drivers/UART/USART.o
 .debug_ranges  0x00000210       0x50 src/drivers/UART/USART_config.o
 .debug_ranges  0x00000260       0x18 src/main.o
