Archive member included because of file (symbol)

c:/program files (x86)/atmel/atmel studio 6.0/extensions/atmel/avrgcc/3.4.1.95/avrtoolchain/bin/../lib/gcc/avr/4.6.2/avr5\libgcc.a(_udivmodsi4.o)
                              src/drivers/I2C/I2C.o (__udivmodsi4)
c:/program files (x86)/atmel/atmel studio 6.0/extensions/atmel/avrgcc/3.4.1.95/avrtoolchain/bin/../lib/gcc/avr/4.6.2/avr5\libgcc.a(_exit.o)
                              c:/program files (x86)/atmel/atmel studio 6.0/extensions/atmel/avrgcc/3.4.1.95/avrtoolchain/bin/../lib/gcc/avr/4.6.2/../../../../avr/lib/avr5/crtm32.o (exit)
c:/program files (x86)/atmel/atmel studio 6.0/extensions/atmel/avrgcc/3.4.1.95/avrtoolchain/bin/../lib/gcc/avr/4.6.2/avr5\libgcc.a(_copy_data.o)
                              src/asf/mega/boards/stk600/rcx_x/init.o (__do_copy_data)
c:/program files (x86)/atmel/atmel studio 6.0/extensions/atmel/avrgcc/3.4.1.95/avrtoolchain/bin/../lib/gcc/avr/4.6.2/avr5\libgcc.a(_clear_bss.o)
                              src/asf/mega/boards/stk600/rcx_x/init.o (__do_clear_bss)

Allocating common symbols
Common symbol       size              file

enable_interrupt    0x1               src/drivers/ADC/ADC.o
SPI_DATA            0x1               src/drivers/SPI/SPI.o
value               0x1               src/drivers/UART/USART.o

Discarded input sections

 .bss           0x00000000        0x0 c:/program files (x86)/atmel/atmel studio 6.0/extensions/atmel/avrgcc/3.4.1.95/avrtoolchain/bin/../lib/gcc/avr/4.6.2/../../../../avr/lib/avr5/crtm32.o
 .text          0x00000000        0x0 src/asf/mega/boards/stk600/rcx_x/init.o
 .bss           0x00000000        0x0 src/asf/mega/boards/stk600/rcx_x/init.o
 .text.board_init
                0x00000000        0x2 src/asf/mega/boards/stk600/rcx_x/init.o
 .text          0x00000000        0x0 src/drivers/ADC/ADC.o
 .bss           0x00000000        0x0 src/drivers/ADC/ADC.o
 .text.adcOff   0x00000000        0xa src/drivers/ADC/ADC.o
 .text.adcInit  0x00000000       0xf2 src/drivers/ADC/ADC.o
 .text.adcResult_u16
                0x00000000       0x40 src/drivers/ADC/ADC.o
 .text.adcResult_u8
                0x00000000       0x26 src/drivers/ADC/ADC.o
 .rodata.adc_clk
                0x00000000       0x23 src/drivers/ADC/ADC.o
 COMMON         0x00000000        0x1 src/drivers/ADC/ADC.o
 .text          0x00000000        0x0 src/drivers/DIO/DIO.o
 .bss           0x00000000        0x0 src/drivers/DIO/DIO.o
 .text.DIO_WritePort
                0x00000000       0x62 src/drivers/DIO/DIO.o
 .text.DIO_ReadPort
                0x00000000       0x2e src/drivers/DIO/DIO.o
 .text          0x00000000        0x0 src/drivers/GPIO/GPIO.o
 .bss           0x00000000        0x0 src/drivers/GPIO/GPIO.o
 .text.GPIO_InitPortDirection
                0x00000000       0x62 src/drivers/GPIO/GPIO.o
 .text.GPIO_WritePort
                0x00000000       0x62 src/drivers/GPIO/GPIO.o
 .text.GPIO_ReadPort
                0x00000000       0x2e src/drivers/GPIO/GPIO.o
 .text          0x00000000        0x0 src/drivers/I2C/I2C.o
 .bss           0x00000000        0x0 src/drivers/I2C/I2C.o
 .text.masterInit
                0x00000000       0x38 src/drivers/I2C/I2C.o
 .text.masterTransmit
                0x00000000       0x1a src/drivers/I2C/I2C.o
 .text.masterReceive
                0x00000000        0xe src/drivers/I2C/I2C.o
 .text.slaveInit
                0x00000000       0x1e src/drivers/I2C/I2C.o
 .text.slaveTransmit
                0x00000000        0x8 src/drivers/I2C/I2C.o
 .text.slaveReceive
                0x00000000       0x16 src/drivers/I2C/I2C.o
 .text          0x00000000        0x0 src/drivers/I2C/I2C_Lcfg.o
 .bss           0x00000000        0x0 src/drivers/I2C/I2C_Lcfg.o
 .rodata.I2C_initConfig
                0x00000000        0x2 src/drivers/I2C/I2C_Lcfg.o
 .text          0x00000000        0x0 src/drivers/SPI/HAL_SPI_AVR.o
 .bss           0x00000000        0x0 src/drivers/SPI/HAL_SPI_AVR.o
 .text.HAL_SPI_InterruptInit
                0x00000000        0x6 src/drivers/SPI/HAL_SPI_AVR.o
 .text.HAL_SPI_Transmit
                0x00000000        0xa src/drivers/SPI/HAL_SPI_AVR.o
 .text          0x00000000        0x0 src/drivers/SPI/SPI.o
 .bss           0x00000000        0x0 src/drivers/SPI/SPI.o
 .text.spiInitSlave
                0x00000000       0xa2 src/drivers/SPI/SPI.o
 .text.SPIInterruptInit
                0x00000000        0x8 src/drivers/SPI/SPI.o
 .text.spiMasterTransmit
                0x00000000        0x8 src/drivers/SPI/SPI.o
 .bss.u8LoopCount
                0x00000000        0x1 src/drivers/SPI/SPI.o
 .text          0x00000000        0x0 src/drivers/SPI/SPI_Lcfg.o
 .bss           0x00000000        0x0 src/drivers/SPI/SPI_Lcfg.o
 .text          0x00000000        0x0 src/drivers/Timer/8-bit_TimerCounter0.o
 .bss           0x00000000        0x0 src/drivers/Timer/8-bit_TimerCounter0.o
 .text.timer0Init1ms
                0x00000000       0xb6 src/drivers/Timer/8-bit_TimerCounter0.o
 .text.timer0Start
                0x00000000       0x22 src/drivers/Timer/8-bit_TimerCounter0.o
 .text.timer0Read
                0x00000000        0x4 src/drivers/Timer/8-bit_TimerCounter0.o
 .text.timer0Delay1ms
                0x00000000       0x4c src/drivers/Timer/8-bit_TimerCounter0.o
 .text.timer0ReadOVFFlag
                0x00000000        0x6 src/drivers/Timer/8-bit_TimerCounter0.o
 .text.timer0ReadCMPFlag
                0x00000000        0x6 src/drivers/Timer/8-bit_TimerCounter0.o
 .text.setTCNT0
                0x00000000        0x4 src/drivers/Timer/8-bit_TimerCounter0.o
 .text.setOCR0  0x00000000        0x6 src/drivers/Timer/8-bit_TimerCounter0.o
 .text.timer0Stop
                0x00000000        0x6 src/drivers/Timer/8-bit_TimerCounter0.o
 .bss.no_of_ticks
                0x00000000        0x2 src/drivers/Timer/8-bit_TimerCounter0.o
 .text          0x00000000        0x0 src/drivers/Timer/8-bit_TimerCounter0_LCFG.o
 .bss           0x00000000        0x0 src/drivers/Timer/8-bit_TimerCounter0_LCFG.o
 .rodata.MODE   0x00000000        0x1 src/drivers/Timer/8-bit_TimerCounter0_LCFG.o
 .rodata.clk1ms
                0x00000000       0x19 src/drivers/Timer/8-bit_TimerCounter0_LCFG.o
 .text          0x00000000        0x0 src/drivers/UART/USART.o
 .bss           0x00000000        0x0 src/drivers/UART/USART.o
 .text.uartInit
                0x00000000       0xfe src/drivers/UART/USART.o
 .text.uartReceive
                0x00000000        0x8 src/drivers/UART/USART.o
 COMMON         0x00000000        0x1 src/drivers/UART/USART.o
 .text          0x00000000        0x0 src/drivers/UART/USART_config.o
 .bss           0x00000000        0x0 src/drivers/UART/USART_config.o
 .text.uartDisable
                0x00000000        0x6 src/drivers/UART/USART_config.o
 .text.uartDisableRx
                0x00000000        0x6 src/drivers/UART/USART_config.o
 .text.uartDisableTx
                0x00000000        0x6 src/drivers/UART/USART_config.o
 .text.uartEnable
                0x00000000        0x8 src/drivers/UART/USART_config.o
 .text.uartEnableRx
                0x00000000        0x4 src/drivers/UART/USART_config.o
 .text.uartEnableTx
                0x00000000        0x4 src/drivers/UART/USART_config.o
 .text.uartDisableInterrupt
                0x00000000        0x6 src/drivers/UART/USART_config.o
 .text.uartEnableInterrupt
                0x00000000        0x8 src/drivers/UART/USART_config.o
 .text.uartEnableInterruptRx
                0x00000000        0x4 src/drivers/UART/USART_config.o
 .text          0x00000000        0x0 src/drivers/watchdog/HAL_Watchdog_AVR.o
 .bss           0x00000000        0x0 src/drivers/watchdog/HAL_Watchdog_AVR.o
 .text.HAL_Watchdog_Init
                0x00000000        0x6 src/drivers/watchdog/HAL_Watchdog_AVR.o
 .text.HAL_Watchdog_Enable
                0x00000000        0xa src/drivers/watchdog/HAL_Watchdog_AVR.o
 .text.HAL_Watchdog_Disable
                0x00000000        0x6 src/drivers/watchdog/HAL_Watchdog_AVR.o
 .text.HAL_Watchdog_Reset
                0x00000000        0x6 src/drivers/watchdog/HAL_Watchdog_AVR.o
 .text          0x00000000        0x0 src/drivers/watchdog/Watchdog.o
 .bss           0x00000000        0x0 src/drivers/watchdog/Watchdog.o
 .text.watchdogEnable
                0x00000000       0x12 src/drivers/watchdog/Watchdog.o
 .text.watchdogReset
                0x00000000        0x4 src/drivers/watchdog/Watchdog.o
 .text.watchdogDisable
                0x00000000        0xe src/drivers/watchdog/Watchdog.o
 .text.watchdogInit
                0x00000000        0x8 src/drivers/watchdog/Watchdog.o
 .text          0x00000000        0x0 src/main.o
 .bss           0x00000000        0x0 src/main.o
 .text          0x00000000        0x0 c:/program files (x86)/atmel/atmel studio 6.0/extensions/atmel/avrgcc/3.4.1.95/avrtoolchain/bin/../lib/gcc/avr/4.6.2/avr5\libgcc.a(_udivmodsi4.o)
 .bss           0x00000000        0x0 c:/program files (x86)/atmel/atmel studio 6.0/extensions/atmel/avrgcc/3.4.1.95/avrtoolchain/bin/../lib/gcc/avr/4.6.2/avr5\libgcc.a(_udivmodsi4.o)
 .text.libgcc   0x00000000       0x44 c:/program files (x86)/atmel/atmel studio 6.0/extensions/atmel/avrgcc/3.4.1.95/avrtoolchain/bin/../lib/gcc/avr/4.6.2/avr5\libgcc.a(_udivmodsi4.o)
 .text          0x00000000        0x0 c:/program files (x86)/atmel/atmel studio 6.0/extensions/atmel/avrgcc/3.4.1.95/avrtoolchain/bin/../lib/gcc/avr/4.6.2/avr5\libgcc.a(_exit.o)
 .bss           0x00000000        0x0 c:/program files (x86)/atmel/atmel studio 6.0/extensions/atmel/avrgcc/3.4.1.95/avrtoolchain/bin/../lib/gcc/avr/4.6.2/avr5\libgcc.a(_exit.o)
 .text.libgcc   0x00000000        0x0 c:/program files (x86)/atmel/atmel studio 6.0/extensions/atmel/avrgcc/3.4.1.95/avrtoolchain/bin/../lib/gcc/avr/4.6.2/avr5\libgcc.a(_exit.o)
 .text          0x00000000        0x0 c:/program files (x86)/atmel/atmel studio 6.0/extensions/atmel/avrgcc/3.4.1.95/avrtoolchain/bin/../lib/gcc/avr/4.6.2/avr5\libgcc.a(_copy_data.o)
 .bss           0x00000000        0x0 c:/program files (x86)/atmel/atmel studio 6.0/extensions/atmel/avrgcc/3.4.1.95/avrtoolchain/bin/../lib/gcc/avr/4.6.2/avr5\libgcc.a(_copy_data.o)
 .text.libgcc   0x00000000        0x0 c:/program files (x86)/atmel/atmel studio 6.0/extensions/atmel/avrgcc/3.4.1.95/avrtoolchain/bin/../lib/gcc/avr/4.6.2/avr5\libgcc.a(_copy_data.o)
 .text          0x00000000        0x0 c:/program files (x86)/atmel/atmel studio 6.0/extensions/atmel/avrgcc/3.4.1.95/avrtoolchain/bin/../lib/gcc/avr/4.6.2/avr5\libgcc.a(_clear_bss.o)
 .bss           0x00000000        0x0 c:/program files (x86)/atmel/atmel studio 6.0/extensions/atmel/avrgcc/3.4.1.95/avrtoolchain/bin/../lib/gcc/avr/4.6.2/avr5\libgcc.a(_clear_bss.o)
 .text.libgcc   0x00000000        0x0 c:/program files (x86)/atmel/atmel studio 6.0/extensions/atmel/avrgcc/3.4.1.95/avrtoolchain/bin/../lib/gcc/avr/4.6.2/avr5\libgcc.a(_clear_bss.o)

Memory Configuration

Name             Origin             Length             Attributes
text             0x00000000         0x00020000         xr
data             0x00800060         0x0000ffa0         rw !x
eeprom           0x00810000         0x00010000         rw !x
fuse             0x00820000         0x00000400         rw !x
lock             0x00830000         0x00000400         rw !x
signature        0x00840000         0x00000400         rw !x
*default*        0x00000000         0xffffffff

Linker script and memory map

LOAD c:/program files (x86)/atmel/atmel studio 6.0/extensions/atmel/avrgcc/3.4.1.95/avrtoolchain/bin/../lib/gcc/avr/4.6.2/../../../../avr/lib/avr5/crtm32.o
LOAD src/asf/mega/boards/stk600/rcx_x/init.o
LOAD src/drivers/ADC/ADC.o
LOAD src/drivers/DIO/DIO.o
LOAD src/drivers/GPIO/GPIO.o
LOAD src/drivers/I2C/I2C.o
LOAD src/drivers/I2C/I2C_Lcfg.o
LOAD src/drivers/SPI/HAL_SPI_AVR.o
LOAD src/drivers/SPI/SPI.o
LOAD src/drivers/SPI/SPI_Lcfg.o
LOAD src/drivers/Timer/8-bit_TimerCounter0.o
LOAD src/drivers/Timer/8-bit_TimerCounter0_LCFG.o
LOAD src/drivers/UART/USART.o
LOAD src/drivers/UART/USART_config.o
LOAD src/drivers/watchdog/HAL_Watchdog_AVR.o
LOAD src/drivers/watchdog/Watchdog.o
LOAD src/main.o
START GROUP
END GROUP
LOAD c:/program files (x86)/atmel/atmel studio 6.0/extensions/atmel/avrgcc/3.4.1.95/avrtoolchain/bin/../lib/gcc/avr/4.6.2/avr5\libgcc.a
LOAD c:/program files (x86)/atmel/atmel studio 6.0/extensions/atmel/avrgcc/3.4.1.95/avrtoolchain/bin/../lib/gcc/avr/4.6.2/../../../../avr/lib/avr5\libc.a
LOAD c:/program files (x86)/atmel/atmel studio 6.0/extensions/atmel/avrgcc/3.4.1.95/avrtoolchain/bin/../lib/gcc/avr/4.6.2/avr5\libgcc.a

.hash
 *(.hash)

.dynsym
 *(.dynsym)

.dynstr
 *(.dynstr)

.gnu.version
 *(.gnu.version)

.gnu.version_d
 *(.gnu.version_d)

.gnu.version_r
 *(.gnu.version_r)

.rel.init
 *(.rel.init)

.rela.init
 *(.rela.init)

.rel.text
 *(.rel.text)
 *(.rel.text.*)
 *(.rel.gnu.linkonce.t*)

.rela.text
 *(.rela.text)
 *(.rela.text.*)
 *(.rela.gnu.linkonce.t*)

.rel.fini
 *(.rel.fini)

.rela.fini
 *(.rela.fini)

.rel.rodata
 *(.rel.rodata)
 *(.rel.rodata.*)
 *(.rel.gnu.linkonce.r*)

.rela.rodata
 *(.rela.rodata)
 *(.rela.rodata.*)
 *(.rela.gnu.linkonce.r*)

.rel.data
 *(.rel.data)
 *(.rel.data.*)
 *(.rel.gnu.linkonce.d*)

.rela.data
 *(.rela.data)
 *(.rela.data.*)
 *(.rela.gnu.linkonce.d*)

.rel.ctors
 *(.rel.ctors)

.rela.ctors
 *(.rela.ctors)

.rel.dtors
 *(.rel.dtors)

.rela.dtors
 *(.rela.dtors)

.rel.got
 *(.rel.got)

.rela.got
 *(.rela.got)

.rel.bss
 *(.rel.bss)

.rela.bss
 *(.rela.bss)

.rel.plt
 *(.rel.plt)

.rela.plt
 *(.rela.plt)

.text           0x00000000      0x366
 *(.vectors)
 .vectors       0x00000000       0x54 c:/program files (x86)/atmel/atmel studio 6.0/extensions/atmel/avrgcc/3.4.1.95/avrtoolchain/bin/../lib/gcc/avr/4.6.2/../../../../avr/lib/avr5/crtm32.o
                0x00000000                __vector_default
                0x00000000                __vectors
 *(.vectors)
 *(.progmem.gcc*)
 *(.progmem*)
                0x00000054                . = ALIGN (0x2)
                0x00000054                __trampolines_start = .
 *(.trampolines)
 .trampolines   0x00000054        0x0 linker stubs
 *(.trampolines*)
                0x00000054                __trampolines_end = .
 *(.jumptables)
 *(.jumptables*)
 *(.lowtext)
 *(.lowtext*)
                0x00000054                __ctors_start = .
 *(.ctors)
                0x00000054                __ctors_end = .
                0x00000054                __dtors_start = .
 *(.dtors)
                0x00000054                __dtors_end = .
 SORT(*)(.ctors)
 SORT(*)(.dtors)
 *(.init0)
 .init0         0x00000054        0x0 c:/program files (x86)/atmel/atmel studio 6.0/extensions/atmel/avrgcc/3.4.1.95/avrtoolchain/bin/../lib/gcc/avr/4.6.2/../../../../avr/lib/avr5/crtm32.o
                0x00000054                __init
 *(.init0)
 *(.init1)
 *(.init1)
 *(.init2)
 .init2         0x00000054        0xc c:/program files (x86)/atmel/atmel studio 6.0/extensions/atmel/avrgcc/3.4.1.95/avrtoolchain/bin/../lib/gcc/avr/4.6.2/../../../../avr/lib/avr5/crtm32.o
 *(.init2)
 *(.init3)
 *(.init3)
 *(.init4)
 .init4         0x00000060       0x16 c:/program files (x86)/atmel/atmel studio 6.0/extensions/atmel/avrgcc/3.4.1.95/avrtoolchain/bin/../lib/gcc/avr/4.6.2/avr5\libgcc.a(_copy_data.o)
                0x00000060                __do_copy_data
 .init4         0x00000076       0x10 c:/program files (x86)/atmel/atmel studio 6.0/extensions/atmel/avrgcc/3.4.1.95/avrtoolchain/bin/../lib/gcc/avr/4.6.2/avr5\libgcc.a(_clear_bss.o)
                0x00000076                __do_clear_bss
 *(.init4)
 *(.init5)
 *(.init5)
 *(.init6)
 *(.init6)
 *(.init7)
 *(.init7)
 *(.init8)
 *(.init8)
 *(.init9)
 .init9         0x00000086        0x4 c:/program files (x86)/atmel/atmel studio 6.0/extensions/atmel/avrgcc/3.4.1.95/avrtoolchain/bin/../lib/gcc/avr/4.6.2/../../../../avr/lib/avr5/crtm32.o
 *(.init9)
 *(.text)
 .text          0x0000008a        0x2 c:/program files (x86)/atmel/atmel studio 6.0/extensions/atmel/avrgcc/3.4.1.95/avrtoolchain/bin/../lib/gcc/avr/4.6.2/../../../../avr/lib/avr5/crtm32.o
                0x0000008a                __vector_1
                0x0000008a                __bad_interrupt
                0x0000008a                __vector_6
                0x0000008a                __vector_3
                0x0000008a                __vector_11
                0x0000008a                __vector_17
                0x0000008a                __vector_19
                0x0000008a                __vector_7
                0x0000008a                __vector_5
                0x0000008a                __vector_4
                0x0000008a                __vector_9
                0x0000008a                __vector_2
                0x0000008a                __vector_15
                0x0000008a                __vector_8
                0x0000008a                __vector_14
                0x0000008a                __vector_18
                0x0000008a                __vector_20
                0x0000008c                . = ALIGN (0x2)
 *(.text.*)
 .text.__vector_16
                0x0000008c       0x50 src/drivers/ADC/ADC.o
                0x0000008c                __vector_16
 .text.DIO_InitPortDirection
                0x000000dc       0x62 src/drivers/DIO/DIO.o
                0x000000dc                DIO_InitPortDirection
 .text.HAL_SPI_Receive
                0x0000013e        0x6 src/drivers/SPI/HAL_SPI_AVR.o
                0x0000013e                HAL_SPI_Receive
 .text.spiInitMaster
                0x00000144       0xa0 src/drivers/SPI/SPI.o
                0x00000144                spiInitMaster
 .text.__vector_12
                0x000001e4       0x1e src/drivers/SPI/SPI.o
                0x000001e4                __vector_12
 .text.spiTranceiver
                0x00000202        0xa src/drivers/SPI/SPI.o
                0x00000202                spiTranceiver
 .text.__vector_10
                0x0000020c       0x9a src/drivers/Timer/8-bit_TimerCounter0.o
                0x0000020c                __vector_10
 .text.uartSend
                0x000002a6        0x8 src/drivers/UART/USART.o
                0x000002a6                uartSend
 .text.__vector_13
                0x000002ae       0x6e src/drivers/UART/USART.o
                0x000002ae                __vector_13
 .text.main     0x0000031c       0x46 src/main.o
                0x0000031c                main
                0x00000362                . = ALIGN (0x2)
 *(.fini9)
 .fini9         0x00000362        0x0 c:/program files (x86)/atmel/atmel studio 6.0/extensions/atmel/avrgcc/3.4.1.95/avrtoolchain/bin/../lib/gcc/avr/4.6.2/avr5\libgcc.a(_exit.o)
                0x00000362                _exit
                0x00000362                exit
 *(.fini9)
 *(.fini8)
 *(.fini8)
 *(.fini7)
 *(.fini7)
 *(.fini6)
 *(.fini6)
 *(.fini5)
 *(.fini5)
 *(.fini4)
 *(.fini4)
 *(.fini3)
 *(.fini3)
 *(.fini2)
 *(.fini2)
 *(.fini1)
 *(.fini1)
 *(.fini0)
 .fini0         0x00000362        0x4 c:/program files (x86)/atmel/atmel studio 6.0/extensions/atmel/avrgcc/3.4.1.95/avrtoolchain/bin/../lib/gcc/avr/4.6.2/avr5\libgcc.a(_exit.o)
 *(.fini0)
                0x00000366                _etext = .

.data           0x00800060       0x2a load address 0x00000366
                0x00800060                PROVIDE (__data_start, .)
 *(.data)
 .data          0x00800060        0x0 c:/program files (x86)/atmel/atmel studio 6.0/extensions/atmel/avrgcc/3.4.1.95/avrtoolchain/bin/../lib/gcc/avr/4.6.2/../../../../avr/lib/avr5/crtm32.o
 .data          0x00800060        0x0 src/asf/mega/boards/stk600/rcx_x/init.o
 .data          0x00800060        0x0 src/drivers/ADC/ADC.o
 .data          0x00800060        0x0 src/drivers/DIO/DIO.o
 .data          0x00800060        0x0 src/drivers/GPIO/GPIO.o
 .data          0x00800060        0x0 src/drivers/I2C/I2C.o
 .data          0x00800060        0x0 src/drivers/I2C/I2C_Lcfg.o
 .data          0x00800060        0x0 src/drivers/SPI/HAL_SPI_AVR.o
 .data          0x00800060        0x0 src/drivers/SPI/SPI.o
 .data          0x00800060        0x0 src/drivers/SPI/SPI_Lcfg.o
 .data          0x00800060        0x0 src/drivers/Timer/8-bit_TimerCounter0.o
 .data          0x00800060        0x0 src/drivers/Timer/8-bit_TimerCounter0_LCFG.o
 .data          0x00800060        0x0 src/drivers/UART/USART.o
 .data          0x00800060        0x0 src/drivers/UART/USART_config.o
 .data          0x00800060        0x0 src/drivers/watchdog/HAL_Watchdog_AVR.o
 .data          0x00800060        0x0 src/drivers/watchdog/Watchdog.o
 .data          0x00800060        0x0 src/main.o
 .data          0x00800060        0x0 c:/program files (x86)/atmel/atmel studio 6.0/extensions/atmel/avrgcc/3.4.1.95/avrtoolchain/bin/../lib/gcc/avr/4.6.2/avr5\libgcc.a(_udivmodsi4.o)
 .data          0x00800060        0x0 c:/program files (x86)/atmel/atmel studio 6.0/extensions/atmel/avrgcc/3.4.1.95/avrtoolchain/bin/../lib/gcc/avr/4.6.2/avr5\libgcc.a(_exit.o)
 .data          0x00800060        0x0 c:/program files (x86)/atmel/atmel studio 6.0/extensions/atmel/avrgcc/3.4.1.95/avrtoolchain/bin/../lib/gcc/avr/4.6.2/avr5\libgcc.a(_copy_data.o)
 .data          0x00800060        0x0 c:/program files (x86)/atmel/atmel studio 6.0/extensions/atmel/avrgcc/3.4.1.95/avrtoolchain/bin/../lib/gcc/avr/4.6.2/avr5\libgcc.a(_clear_bss.o)
 *(.data*)
 .data.spi      0x00800060        0x6 src/main.o
                0x00800060                spi
 *(.rodata)
 *(.rodata*)
 .rodata.spi_clk
                0x00800066       0x23 src/drivers/SPI/SPI_Lcfg.o
                0x00800066                spi_clk
 *(.gnu.linkonce.d*)
                0x0080008a                . = ALIGN (0x2)
 *fill*         0x00800089        0x1 00
                0x0080008a                _edata = .
                0x0080008a                PROVIDE (__data_end, .)

.bss            0x0080008a        0xb
                0x0080008a                PROVIDE (__bss_start, .)
 *(.bss)
 *(.bss*)
 .bss.ADC_result
                0x0080008a        0x2 src/drivers/ADC/ADC.o
 .bss.countCompare
                0x0080008c        0x2 src/drivers/Timer/8-bit_TimerCounter0.o
 .bss.TMR_CylicFunPtr
                0x0080008e        0x2 src/drivers/Timer/8-bit_TimerCounter0.o
 .bss.count     0x00800090        0x4 src/drivers/Timer/8-bit_TimerCounter0.o
 *(COMMON)
 COMMON         0x00800094        0x1 src/drivers/SPI/SPI.o
                0x00800094                SPI_DATA
                0x00800095                PROVIDE (__bss_end, .)
                0x00000366                __data_load_start = LOADADDR (.data)
                0x00000390                __data_load_end = (__data_load_start + SIZEOF (.data))

.noinit         0x00800095        0x0
                0x00800095                PROVIDE (__noinit_start, .)
 *(.noinit*)
                0x00800095                PROVIDE (__noinit_end, .)
                0x00800095                _end = .
                0x00800095                PROVIDE (__heap_start, .)

.eeprom         0x00810000        0x0
 *(.eeprom*)
                0x00810000                __eeprom_end = .

.fuse
 *(.fuse)
 *(.lfuse)
 *(.hfuse)
 *(.efuse)

.lock
 *(.lock*)

.signature
 *(.signature*)

.stab           0x00000000      0x6cc
 *(.stab)
 .stab          0x00000000      0x6cc c:/program files (x86)/atmel/atmel studio 6.0/extensions/atmel/avrgcc/3.4.1.95/avrtoolchain/bin/../lib/gcc/avr/4.6.2/../../../../avr/lib/avr5/crtm32.o

.stabstr        0x00000000       0x85
 *(.stabstr)
 .stabstr       0x00000000       0x85 c:/program files (x86)/atmel/atmel studio 6.0/extensions/atmel/avrgcc/3.4.1.95/avrtoolchain/bin/../lib/gcc/avr/4.6.2/../../../../avr/lib/avr5/crtm32.o

.stab.excl
 *(.stab.excl)

.stab.exclstr
 *(.stab.exclstr)

.stab.index
 *(.stab.index)

.stab.indexstr
 *(.stab.indexstr)

.comment
 *(.comment)

.debug
 *(.debug)

.line
 *(.line)

.debug_srcinfo
 *(.debug_srcinfo)

.debug_sfnames
 *(.debug_sfnames)

.debug_aranges  0x00000000      0x390
 *(.debug_aranges)
 .debug_aranges
                0x00000000       0x20 src/asf/mega/boards/stk600/rcx_x/init.o
 .debug_aranges
                0x00000020       0x40 src/drivers/ADC/ADC.o
 .debug_aranges
                0x00000060       0x30 src/drivers/DIO/DIO.o
 .debug_aranges
                0x00000090       0x30 src/drivers/GPIO/GPIO.o
 .debug_aranges
                0x000000c0       0x48 src/drivers/I2C/I2C.o
 .debug_aranges
                0x00000108       0x30 src/drivers/SPI/HAL_SPI_AVR.o
 .debug_aranges
                0x00000138       0x48 src/drivers/SPI/SPI.o
 .debug_aranges
                0x00000180       0x68 src/drivers/Timer/8-bit_TimerCounter0.o
 .debug_aranges
                0x000001e8       0x38 src/drivers/UART/USART.o
 .debug_aranges
                0x00000220       0x60 src/drivers/UART/USART_config.o
 .debug_aranges
                0x00000280       0x38 src/drivers/watchdog/HAL_Watchdog_AVR.o
 .debug_aranges
                0x000002b8       0x38 src/drivers/watchdog/Watchdog.o
 .debug_aranges
                0x000002f0       0x20 src/main.o
 .debug_aranges
                0x00000310       0x20 c:/program files (x86)/atmel/atmel studio 6.0/extensions/atmel/avrgcc/3.4.1.95/avrtoolchain/bin/../lib/gcc/avr/4.6.2/avr5\libgcc.a(_udivmodsi4.o)
 .debug_aranges
                0x00000330       0x20 c:/program files (x86)/atmel/atmel studio 6.0/extensions/atmel/avrgcc/3.4.1.95/avrtoolchain/bin/../lib/gcc/avr/4.6.2/avr5\libgcc.a(_exit.o)
 .debug_aranges
                0x00000350       0x20 c:/program files (x86)/atmel/atmel studio 6.0/extensions/atmel/avrgcc/3.4.1.95/avrtoolchain/bin/../lib/gcc/avr/4.6.2/avr5\libgcc.a(_copy_data.o)
 .debug_aranges
                0x00000370       0x20 c:/program files (x86)/atmel/atmel studio 6.0/extensions/atmel/avrgcc/3.4.1.95/avrtoolchain/bin/../lib/gcc/avr/4.6.2/avr5\libgcc.a(_clear_bss.o)

.debug_pubnames
 *(.debug_pubnames)

.debug_info     0x00000000     0x1901
 *(.debug_info)
 .debug_info    0x00000000       0x7b src/asf/mega/boards/stk600/rcx_x/init.o
 .debug_info    0x0000007b      0x1f8 src/drivers/ADC/ADC.o
 .debug_info    0x00000273      0x140 src/drivers/DIO/DIO.o
 .debug_info    0x000003b3      0x140 src/drivers/GPIO/GPIO.o
 .debug_info    0x000004f3      0x16f src/drivers/I2C/I2C.o
 .debug_info    0x00000662       0xa6 src/drivers/I2C/I2C_Lcfg.o
 .debug_info    0x00000708      0x10d src/drivers/SPI/HAL_SPI_AVR.o
 .debug_info    0x00000815      0x23e src/drivers/SPI/SPI.o
 .debug_info    0x00000a53       0xcf src/drivers/SPI/SPI_Lcfg.o
 .debug_info    0x00000b22      0x2ef src/drivers/Timer/8-bit_TimerCounter0.o
 .debug_info    0x00000e11      0x108 src/drivers/Timer/8-bit_TimerCounter0_LCFG.o
 .debug_info    0x00000f19      0x21a src/drivers/UART/USART.o
 .debug_info    0x00001133      0x125 src/drivers/UART/USART_config.o
 .debug_info    0x00001258       0xfe src/drivers/watchdog/HAL_Watchdog_AVR.o
 .debug_info    0x00001356       0xd7 src/drivers/watchdog/Watchdog.o
 .debug_info    0x0000142d      0x160 src/main.o
 .debug_info    0x0000158d       0xdd c:/program files (x86)/atmel/atmel studio 6.0/extensions/atmel/avrgcc/3.4.1.95/avrtoolchain/bin/../lib/gcc/avr/4.6.2/avr5\libgcc.a(_udivmodsi4.o)
 .debug_info    0x0000166a       0xdd c:/program files (x86)/atmel/atmel studio 6.0/extensions/atmel/avrgcc/3.4.1.95/avrtoolchain/bin/../lib/gcc/avr/4.6.2/avr5\libgcc.a(_exit.o)
 .debug_info    0x00001747       0xdd c:/program files (x86)/atmel/atmel studio 6.0/extensions/atmel/avrgcc/3.4.1.95/avrtoolchain/bin/../lib/gcc/avr/4.6.2/avr5\libgcc.a(_copy_data.o)
 .debug_info    0x00001824       0xdd c:/program files (x86)/atmel/atmel studio 6.0/extensions/atmel/avrgcc/3.4.1.95/avrtoolchain/bin/../lib/gcc/avr/4.6.2/avr5\libgcc.a(_clear_bss.o)
 *(.gnu.linkonce.wi.*)

.debug_abbrev   0x00000000      0xbaf
 *(.debug_abbrev)
 .debug_abbrev  0x00000000       0x43 src/asf/mega/boards/stk600/rcx_x/init.o
 .debug_abbrev  0x00000043      0x12b src/drivers/ADC/ADC.o
 .debug_abbrev  0x0000016e       0x96 src/drivers/DIO/DIO.o
 .debug_abbrev  0x00000204       0x96 src/drivers/GPIO/GPIO.o
 .debug_abbrev  0x0000029a       0xba src/drivers/I2C/I2C.o
 .debug_abbrev  0x00000354       0x6d src/drivers/I2C/I2C_Lcfg.o
 .debug_abbrev  0x000003c1       0xb0 src/drivers/SPI/HAL_SPI_AVR.o
 .debug_abbrev  0x00000471      0x144 src/drivers/SPI/SPI.o
 .debug_abbrev  0x000005b5       0x7f src/drivers/SPI/SPI_Lcfg.o
 .debug_abbrev  0x00000634      0x145 src/drivers/Timer/8-bit_TimerCounter0.o
 .debug_abbrev  0x00000779       0x7f src/drivers/Timer/8-bit_TimerCounter0_LCFG.o
 .debug_abbrev  0x000007f8      0x142 src/drivers/UART/USART.o
 .debug_abbrev  0x0000093a       0x4e src/drivers/UART/USART_config.o
 .debug_abbrev  0x00000988       0x99 src/drivers/watchdog/HAL_Watchdog_AVR.o
 .debug_abbrev  0x00000a21       0x89 src/drivers/watchdog/Watchdog.o
 .debug_abbrev  0x00000aaa       0xb5 src/main.o
 .debug_abbrev  0x00000b5f       0x14 c:/program files (x86)/atmel/atmel studio 6.0/extensions/atmel/avrgcc/3.4.1.95/avrtoolchain/bin/../lib/gcc/avr/4.6.2/avr5\libgcc.a(_udivmodsi4.o)
 .debug_abbrev  0x00000b73       0x14 c:/program files (x86)/atmel/atmel studio 6.0/extensions/atmel/avrgcc/3.4.1.95/avrtoolchain/bin/../lib/gcc/avr/4.6.2/avr5\libgcc.a(_exit.o)
 .debug_abbrev  0x00000b87       0x14 c:/program files (x86)/atmel/atmel studio 6.0/extensions/atmel/avrgcc/3.4.1.95/avrtoolchain/bin/../lib/gcc/avr/4.6.2/avr5\libgcc.a(_copy_data.o)
 .debug_abbrev  0x00000b9b       0x14 c:/program files (x86)/atmel/atmel studio 6.0/extensions/atmel/avrgcc/3.4.1.95/avrtoolchain/bin/../lib/gcc/avr/4.6.2/avr5\libgcc.a(_clear_bss.o)

.debug_line     0x00000000     0x306d
 *(.debug_line)
 .debug_line    0x00000000      0x377 src/asf/mega/boards/stk600/rcx_x/init.o
 .debug_line    0x00000377      0x3c1 src/drivers/ADC/ADC.o
 .debug_line    0x00000738      0x2a6 src/drivers/DIO/DIO.o
 .debug_line    0x000009de      0x2b6 src/drivers/GPIO/GPIO.o
 .debug_line    0x00000c94      0x20d src/drivers/I2C/I2C.o
 .debug_line    0x00000ea1      0x16b src/drivers/I2C/I2C_Lcfg.o
 .debug_line    0x0000100c      0x305 src/drivers/SPI/HAL_SPI_AVR.o
 .debug_line    0x00001311      0x352 src/drivers/SPI/SPI.o
 .debug_line    0x00001663      0x188 src/drivers/SPI/SPI_Lcfg.o
 .debug_line    0x000017eb      0x3ba src/drivers/Timer/8-bit_TimerCounter0.o
 .debug_line    0x00001ba5      0x1b7 src/drivers/Timer/8-bit_TimerCounter0_LCFG.o
 .debug_line    0x00001d5c      0x3dc src/drivers/UART/USART.o
 .debug_line    0x00002138      0x32b src/drivers/UART/USART_config.o
 .debug_line    0x00002463      0x209 src/drivers/watchdog/HAL_Watchdog_AVR.o
 .debug_line    0x0000266c      0x2e5 src/drivers/watchdog/Watchdog.o
 .debug_line    0x00002951      0x4cd src/main.o
 .debug_line    0x00002e1e       0xa8 c:/program files (x86)/atmel/atmel studio 6.0/extensions/atmel/avrgcc/3.4.1.95/avrtoolchain/bin/../lib/gcc/avr/4.6.2/avr5\libgcc.a(_udivmodsi4.o)
 .debug_line    0x00002ec6       0x88 c:/program files (x86)/atmel/atmel studio 6.0/extensions/atmel/avrgcc/3.4.1.95/avrtoolchain/bin/../lib/gcc/avr/4.6.2/avr5\libgcc.a(_exit.o)
 .debug_line    0x00002f4e       0x91 c:/program files (x86)/atmel/atmel studio 6.0/extensions/atmel/avrgcc/3.4.1.95/avrtoolchain/bin/../lib/gcc/avr/4.6.2/avr5\libgcc.a(_copy_data.o)
 .debug_line    0x00002fdf       0x8e c:/program files (x86)/atmel/atmel studio 6.0/extensions/atmel/avrgcc/3.4.1.95/avrtoolchain/bin/../lib/gcc/avr/4.6.2/avr5\libgcc.a(_clear_bss.o)

.debug_frame    0x00000000      0x628
 *(.debug_frame)
 .debug_frame   0x00000000       0x24 src/asf/mega/boards/stk600/rcx_x/init.o
 .debug_frame   0x00000024       0xa8 src/drivers/ADC/ADC.o
 .debug_frame   0x000000cc       0x44 src/drivers/DIO/DIO.o
 .debug_frame   0x00000110       0x44 src/drivers/GPIO/GPIO.o
 .debug_frame   0x00000154       0x74 src/drivers/I2C/I2C.o
 .debug_frame   0x000001c8       0x44 src/drivers/SPI/HAL_SPI_AVR.o
 .debug_frame   0x0000020c       0xc4 src/drivers/SPI/SPI.o
 .debug_frame   0x000002d0       0xfc src/drivers/Timer/8-bit_TimerCounter0.o
 .debug_frame   0x000003cc       0xdc src/drivers/UART/USART.o
 .debug_frame   0x000004a8       0xa4 src/drivers/UART/USART_config.o
 .debug_frame   0x0000054c       0x54 src/drivers/watchdog/HAL_Watchdog_AVR.o
 .debug_frame   0x000005a0       0x54 src/drivers/watchdog/Watchdog.o
 .debug_frame   0x000005f4       0x34 src/main.o

.debug_str      0x00000000      0x87b
 *(.debug_str)
 .debug_str     0x00000000       0xb5 src/asf/mega/boards/stk600/rcx_x/init.o
                                 0xe9 (size before relaxing)
 .debug_str     0x000000b5       0xfe src/drivers/ADC/ADC.o
                                0x1b1 (size before relaxing)
 .debug_str     0x000001b3       0x65 src/drivers/DIO/DIO.o
                                0x133 (size before relaxing)
 .debug_str     0x00000218       0x4f src/drivers/GPIO/GPIO.o
                                0x138 (size before relaxing)
 .debug_str     0x00000267       0x8d src/drivers/I2C/I2C.o
                                0x156 (size before relaxing)
 .debug_str     0x000002f4       0x3d src/drivers/I2C/I2C_Lcfg.o
                                 0xf9 (size before relaxing)
 .debug_str     0x00000331       0x80 src/drivers/SPI/HAL_SPI_AVR.o
                                0x13b (size before relaxing)
 .debug_str     0x000003b1       0xa2 src/drivers/SPI/SPI.o
                                0x197 (size before relaxing)
 .debug_str     0x00000453       0x1e src/drivers/SPI/SPI_Lcfg.o
                                0x10c (size before relaxing)
 .debug_str     0x00000471      0x143 src/drivers/Timer/8-bit_TimerCounter0.o
                                0x225 (size before relaxing)
 .debug_str     0x000005b4       0x30 src/drivers/Timer/8-bit_TimerCounter0_LCFG.o
                                0x136 (size before relaxing)
 .debug_str     0x000005e4       0xc3 src/drivers/UART/USART.o
                                0x1a6 (size before relaxing)
 .debug_str     0x000006a7       0xaf src/drivers/UART/USART_config.o
                                0x16a (size before relaxing)
 .debug_str     0x00000756       0x9d src/drivers/watchdog/HAL_Watchdog_AVR.o
                                0x158 (size before relaxing)
 .debug_str     0x000007f3       0x65 src/drivers/watchdog/Watchdog.o
                                0x120 (size before relaxing)
 .debug_str     0x00000858       0x23 src/main.o
                                0x142 (size before relaxing)

.debug_loc      0x00000000      0xc35
 *(.debug_loc)
 .debug_loc     0x00000000      0x18c src/drivers/ADC/ADC.o
 .debug_loc     0x0000018c      0x18a src/drivers/DIO/DIO.o
 .debug_loc     0x00000316      0x18a src/drivers/GPIO/GPIO.o
 .debug_loc     0x000004a0       0x75 src/drivers/I2C/I2C.o
 .debug_loc     0x00000515       0x50 src/drivers/SPI/HAL_SPI_AVR.o
 .debug_loc     0x00000565      0x257 src/drivers/SPI/SPI.o
 .debug_loc     0x000007bc      0x15f src/drivers/Timer/8-bit_TimerCounter0.o
 .debug_loc     0x0000091b      0x297 src/drivers/UART/USART.o
 .debug_loc     0x00000bb2       0x28 src/drivers/watchdog/HAL_Watchdog_AVR.o
 .debug_loc     0x00000bda       0x13 src/drivers/watchdog/Watchdog.o
 .debug_loc     0x00000bed       0x48 src/main.o

.debug_macinfo  0x00000000    0x53710
 *(.debug_macinfo)
 .debug_macinfo
                0x00000000     0x9e4d src/asf/mega/boards/stk600/rcx_x/init.o
 .debug_macinfo
                0x00009e4d     0x66d7 src/drivers/ADC/ADC.o
 .debug_macinfo
                0x00010524     0x588d src/drivers/DIO/DIO.o
 .debug_macinfo
                0x00015db1     0x58e2 src/drivers/GPIO/GPIO.o
 .debug_macinfo
                0x0001b693     0x2aaa src/drivers/I2C/I2C.o
 .debug_macinfo
                0x0001e13d     0x28e5 src/drivers/I2C/I2C_Lcfg.o
 .debug_macinfo
                0x00020a22     0x5fec src/drivers/SPI/HAL_SPI_AVR.o
 .debug_macinfo
                0x00026a0e     0x5fec src/drivers/SPI/SPI.o
 .debug_macinfo
                0x0002c9fa     0x2ba7 src/drivers/SPI/SPI_Lcfg.o
 .debug_macinfo
                0x0002f5a1     0x5c8f src/drivers/Timer/8-bit_TimerCounter0.o
 .debug_macinfo
                0x00035230     0x29ca src/drivers/Timer/8-bit_TimerCounter0_LCFG.o
 .debug_macinfo
                0x00037bfa     0x63c2 src/drivers/UART/USART.o
 .debug_macinfo
                0x0003dfbc     0x5de7 src/drivers/UART/USART_config.o
 .debug_macinfo
                0x00043da3     0x2972 src/drivers/watchdog/HAL_Watchdog_AVR.o
 .debug_macinfo
                0x00046715     0x5d38 src/drivers/watchdog/Watchdog.o
 .debug_macinfo
                0x0004c44d     0x72c3 src/main.o
OUTPUT(atmegaHAL.elf elf32-avr)
LOAD linker stubs

.debug_ranges   0x00000000      0x240
 .debug_ranges  0x00000000       0x10 src/asf/mega/boards/stk600/rcx_x/init.o
 .debug_ranges  0x00000010       0x30 src/drivers/ADC/ADC.o
 .debug_ranges  0x00000040       0x20 src/drivers/DIO/DIO.o
 .debug_ranges  0x00000060       0x20 src/drivers/GPIO/GPIO.o
 .debug_ranges  0x00000080       0x38 src/drivers/I2C/I2C.o
 .debug_ranges  0x000000b8       0x20 src/drivers/SPI/HAL_SPI_AVR.o
 .debug_ranges  0x000000d8       0x38 src/drivers/SPI/SPI.o
 .debug_ranges  0x00000110       0x58 src/drivers/Timer/8-bit_TimerCounter0.o
 .debug_ranges  0x00000168       0x28 src/drivers/UART/USART.o
 .debug_ranges  0x00000190       0x50 src/drivers/UART/USART_config.o
 .debug_ranges  0x000001e0       0x28 src/drivers/watchdog/HAL_Watchdog_AVR.o
 .debug_ranges  0x00000208       0x28 src/drivers/watchdog/Watchdog.o
 .debug_ranges  0x00000230       0x10 src/main.o
