******************************************************************************
                  TI ARM Linker PC v15.12.0                    
******************************************************************************
>> Linked Tue Jun 21 20:00:19 2016

OUTPUT FILE NAME:   <Scheduler.out>
ENTRY POINT SYMBOL: "_c_int00"  address: 00003525


MEMORY CONFIGURATION

         name            origin    length      used     unused   attr    fill
----------------------  --------  ---------  --------  --------  ----  --------
  FLASH                 00000000   00040000  00003d82  0003c27e  R  X
  SRAM                  20000000   00008000  00000c42  000073be  RW X


SEGMENT ALLOCATION MAP

run origin  load origin   length   init length attrs members
----------  ----------- ---------- ----------- ----- -------
00000000    00000000    00003d84   00003d84    r-x
  00000000    00000000    0000026c   0000026c    r-- .intvecs
  0000026c    0000026c    00003522   00003522    r-x .text
  00003790    00003790    00000590   00000590    r-- .const
  00003d20    00003d20    00000064   00000064    r-- .cinit
20000000    20000000    00000c44   00000000    rw-
  20000000    20000000    0000026c   00000000    rw- .vtable
  2000026c    2000026c    000007aa   00000000    rw- .bss
  20000a18    20000a18    00000200   00000000    rw- .stack
  20000c18    20000c18    0000002c   00000000    rw- .data


SECTION ALLOCATION MAP

 output                                  attributes/
section   page    origin      length       input sections
--------  ----  ----------  ----------   ----------------
.intvecs   0    00000000    0000026c     
                  00000000    0000026c     tm4c123gh6pm_startup_ccs.obj (.intvecs)

.text      0    0000026c    00003522     
                  0000026c    00000ef0     sysctl.obj (.text)
                  0000115c    00000b50     gpio.obj (.text)
                  00001cac    0000065a     timer.obj (.text)
                  00002306    00000002     rtsv7M4_T_le_v4SPD16_eabi.lib : mpu_init.obj (.text)
                  00002308    000003c0     interrupt.obj (.text)
                  000026c8    00000384     Process.obj (.text)
                  00002a4c    000002c0     realTimeClock.obj (.text)
                  00002d0c    0000023c     queue.obj (.text)
                  00002f48    000001e4     main.obj (.text)
                  0000312c    00000104     Timer_TivaC.obj (.text)
                  00003230    0000009c     rtsv7M4_T_le_v4SPD16_eabi.lib : memcpy_t2.obj (.text)
                  000032cc    00000084     ReSched.obj (.text)
                  00003350    0000007c     mmu.obj (.text)
                  000033cc    0000007a     rtsv7M4_T_le_v4SPD16_eabi.lib : memset_t2.obj (.text)
                  00003446    00000002                                   : startup.obj (.text)
                  00003448    00000070                                   : autoinit.obj (.text)
                  000034b8    0000006a                                   : copy_decompress_rle.obj (.text)
                  00003522    00000002     --HOLE-- [fill = 0]
                  00003524    00000054                                   : boot.obj (.text)
                  00003578    00000054                                   : exit.obj (.text)
                  000035cc    0000004c                                   : cpy_tbl.obj (.text)
                  00003618    00000040     Process.obj (.text:getitem)
                  00003658    0000003e     HAL_Timer_TivaC.obj (.text)
                  00003696    0000003e     cpu.obj (.text)
                  000036d4    00000034     Process.obj (.text:getfirst)
                  00003708    00000030     rtsv7M4_T_le_v4SPD16_eabi.lib : strncpy.obj (.text)
                  00003738    00000018                                   : args_main.obj (.text)
                  00003750    00000014                                   : _lock.obj (.text)
                  00003764    0000000e                                   : copy_decompress_none.obj (.text:decompress:none)
                  00003772    0000000c     tm4c123gh6pm_startup_ccs.obj (.text)
                  0000377e    00000006     sysctl.obj (.text:SysCtlDelay)
                  00003784    00000006     rtsv7M4_T_le_v4SPD16_eabi.lib : copy_decompress_rle.obj (.text:decompress:rle24)
                  0000378a    00000004                                   : pre_init.obj (.text)

.const     0    00003790    00000590     
                  00003790    00000120     sysctl.obj (.const:g_pppui32XTALtoVCO)
                  000038b0    000000c0     gpio.obj (.const:g_ppui32GPIOIntMapBlizzard)
                  00003970    000000c0     gpio.obj (.const:g_ppui32GPIOIntMapSnowflake)
                  00003a30    0000009c     interrupt.obj (.const:g_pui32Regs)
                  00003acc    00000090     gpio.obj (.const:g_pui32GPIOBaseAddrs)
                  00003b5c    0000006c     sysctl.obj (.const:g_pui32Xtals)
                  00003bc8    00000060     timer.obj (.const:g_ppui32TimerIntMap)
                  00003c28    00000040     timer.obj (.const:g_ppui32TimerIntMapSnowflake)
                  00003c68    00000030     sysctl.obj (.const:g_sXTALtoMEMTIM)
                  00003c98    00000020     interrupt.obj (.const:g_pui32Priority)
                  00003cb8    00000014     interrupt.obj (.const:g_pui32Dii16Regs)
                  00003ccc    00000014     interrupt.obj (.const:g_pui32EnRegs)
                  00003ce0    00000014     interrupt.obj (.const:g_pui32PendRegs)
                  00003cf4    00000014     interrupt.obj (.const:g_pui32UnpendRegs)
                  00003d08    00000008     sysctl.obj (.const:g_pui32VCOFrequencies)
                  00003d10    00000008     gpio.obj (.const)
                  00003d18    00000008     timer.obj (.const)

.cinit     0    00003d20    00000064     
                  00003d20    00000021     (.cinit..data.load) [load image, compression = rle]
                  00003d41    00000007     --HOLE-- [fill = 0]
                  00003d48    0000000b     (.cinit..bss.load) [load image, compression = rle]
                  00003d53    00000005     --HOLE-- [fill = 0]
                  00003d58    0000000b     (.cinit..vtable.load) [load image, compression = rle]
                  00003d63    00000001     --HOLE-- [fill = 0]
                  00003d64    00000008     (__TI_handler_table)
                  00003d6c    00000018     (__TI_cinit_table)

.init_array 
*          0    00000000    00000000     UNINITIALIZED

.vtable    0    20000000    0000026c     UNINITIALIZED
                  20000000    0000026c     interrupt.obj (.vtable)

.bss       0    2000026c    000007aa     UNINITIALIZED
                  2000026c    000005dc     mmu.obj (.bss:ucHeap)
                  20000848    000000e8     (.common:queuetab)
                  20000930    000000c8     (.common:proctab)
                  200009f8    00000004     (.common:clktime)
                  200009fc    00000004     (.common:currpid)
                  20000a00    00000004     (.common:function)
                  20000a04    00000004     (.common:max_millis)
                  20000a08    00000004     (.common:prcount)
                  20000a0c    00000004     (.common:preempt)
                  20000a10    00000002     (.common:readylist)
                  20000a12    00000002     (.common:sleepq)
                  20000a14    00000002     (.common:suspendedlist)

.stack     0    20000a18    00000200     UNINITIALIZED
                  20000a18    00000200     --HOLE--

.data      0    20000c18    0000002c     UNINITIALIZED
                  20000c18    0000000c     rtsv7M4_T_le_v4SPD16_eabi.lib : exit.obj (.data:$O1$$)
                  20000c24    00000008                                   : _lock.obj (.data:$O1$$)
                  20000c2c    00000005     Timer_TivaC.obj (.data)
                  20000c31    00000001     --HOLE--
                  20000c32    00000002     queue.obj (.data)
                  20000c34    00000004     Process.obj (.data)
                  20000c38    00000004     mmu.obj (.data)
                  20000c3c    00000004     realTimeClock.obj (.data)
                  20000c40    00000004     rtsv7M4_T_le_v4SPD16_eabi.lib : stkdepth_vars.obj (.data)

MODULE SUMMARY

       Module                         code    ro data   rw data
       ------                         ----    -------   -------
    .\
       mmu.obj                        124     0         1504   
       Process.obj                    1016    0         458    
       realTimeClock.obj              704     0         4      
       tm4c123gh6pm_startup_ccs.obj   12      620       0      
       queue.obj                      572     0         2      
       main.obj                       484     0         0      
       ReSched.obj                    132     0         0      
    +--+------------------------------+-------+---------+---------+
       Total:                         3044    620       1968   
                                                               
    .\TivaDrivers\Timer\
       timer.obj                      1626    168       0      
       Timer_TivaC.obj                260     0         13     
       HAL_Timer_TivaC.obj            62      0         0      
    +--+------------------------------+-------+---------+---------+
       Total:                         1948    168       13     
                                                               
    .\TivaDrivers\cpu\
       cpu.obj                        62      0         0      
    +--+------------------------------+-------+---------+---------+
       Total:                         62      0         0      
                                                               
    .\TivaDrivers\gpio\
       gpio.obj                       2896    536       0      
    +--+------------------------------+-------+---------+---------+
       Total:                         2896    536       0      
                                                               
    .\TivaDrivers\interrupt\
       interrupt.obj                  960     268       620    
    +--+------------------------------+-------+---------+---------+
       Total:                         960     268       620    
                                                               
    .\TivaDrivers\sysctl\
       sysctl.obj                     3830    452       0      
    +--+------------------------------+-------+---------+---------+
       Total:                         3830    452       0      
                                                               
    D:\ti2\ccsv6\tools\compiler\ti-cgt-arm_15.12.0.LTS\lib\rtsv7M4_T_le_v4SPD16_eabi.lib
       memcpy_t2.obj                  156     0         0      
       memset_t2.obj                  122     0         0      
       autoinit.obj                   112     0         0      
       copy_decompress_rle.obj        112     0         0      
       exit.obj                       84      0         12     
       boot.obj                       84      0         0      
       cpy_tbl.obj                    76      0         0      
       strncpy.obj                    48      0         0      
       _lock.obj                      20      0         8      
       args_main.obj                  24      0         0      
       copy_decompress_none.obj       14      0         0      
       pre_init.obj                   4       0         0      
       stkdepth_vars.obj              0       0         4      
       mpu_init.obj                   2       0         0      
       startup.obj                    2       0         0      
    +--+------------------------------+-------+---------+---------+
       Total:                         860     0         24     
                                                               
       Stack:                         0       0         512    
       Linker Generated:              0       87        0      
    +--+------------------------------+-------+---------+---------+
       Grand Total:                   13600   2131      3137   


LINKER GENERATED COPY TABLES

__TI_cinit_table @ 00003d6c records: 3, size/record: 8, table size: 24
	.data: load addr=00003d20, load size=00000021 bytes, run addr=20000c18, run size=0000002c bytes, compression=rle
	.bss: load addr=00003d48, load size=0000000b bytes, run addr=2000026c, run size=000007aa bytes, compression=rle
	.vtable: load addr=00003d58, load size=0000000b bytes, run addr=20000000, run size=0000026c bytes, compression=rle


LINKER GENERATED HANDLER TABLE

__TI_handler_table @ 00003d64 records: 2, size/record: 4, table size: 8
	index: 0, handler: __TI_decompress_rle24
	index: 1, handler: __TI_decompress_none


GLOBAL SYMBOLS: SORTED ALPHABETICALLY BY Name 

address   name                            
-------   ----                            
00003579  C$$EXIT                         
000036cb  CPUbasepriGet                   
000036bd  CPUbasepriSet                   
00003697  CPUcpsid                        
000036ad  CPUcpsie                        
000036a3  CPUprimask                      
000036b9  CPUwfi                          
00001c87  GPIOADCTriggerDisable           
00001c69  GPIOADCTriggerEnable            
00001c4b  GPIODMATriggerDisable           
00001c2d  GPIODMATriggerEnable            
0000121b  GPIODirModeGet                  
000011bf  GPIODirModeSet                  
0000178f  GPIOIntClear                    
00001753  GPIOIntDisable                  
00001739  GPIOIntEnable                   
000017a3  GPIOIntRegister                 
0000176d  GPIOIntStatus                   
0000130b  GPIOIntTypeGet                  
00001267  GPIOIntTypeSet                  
000017c1  GPIOIntUnregister               
000015e7  GPIOPadConfigGet                
000013a9  GPIOPadConfigSet                
00001bcf  GPIOPinConfigure                
000017db  GPIOPinRead                     
00001813  GPIOPinTypeADC                  
00001837  GPIOPinTypeCAN                  
0000185b  GPIOPinTypeComparator           
0000187f  GPIOPinTypeComparatorOutput     
000018a3  GPIOPinTypeDIVSCLK              
000018c7  GPIOPinTypeEPI                  
000018eb  GPIOPinTypeEthernetLED          
0000190f  GPIOPinTypeEthernetMII          
00001933  GPIOPinTypeGPIOInput            
00001957  GPIOPinTypeGPIOOutput           
0000197b  GPIOPinTypeGPIOOutputOD         
0000199f  GPIOPinTypeHibernateRTCCLK      
000019c3  GPIOPinTypeI2C                  
000019e7  GPIOPinTypeI2CSCL               
00001a0b  GPIOPinTypeLCD                  
00001a2f  GPIOPinTypeOneWire              
00001a53  GPIOPinTypePWM                  
00001a77  GPIOPinTypeQEI                  
00001a9b  GPIOPinTypeSSI                  
00001abf  GPIOPinTypeTimer                
00001ae3  GPIOPinTypeTrace                
00001b07  GPIOPinTypeUART                 
00001b2b  GPIOPinTypeUSBAnalog            
00001b4f  GPIOPinTypeUSBDigital           
00001b73  GPIOPinTypeWakeHigh             
00001b99  GPIOPinTypeWakeLow              
00001bbf  GPIOPinWakeStatus               
000017f3  GPIOPinWrite                    
0000368d  HAL_Timer_1ms                   
00003675  HAL_Timer_Delay                 
00003659  HAL_Timer_Init                  
00003663  HAL_Timer_Start                 
00003683  HAL_Timer_Stop                  
0000312d  ISR                             
000024c9  IntDisable                      
00002457  IntEnable                       
0000253b  IntIsEnabled                    
0000231b  IntMasterDisable                
0000230b  IntMasterEnable                 
00002631  IntPendClear                    
000025c1  IntPendSet                      
00002433  IntPriorityGet                  
000023ab  IntPriorityGroupingGet          
00002391  IntPriorityGroupingSet          
0000268b  IntPriorityMaskGet              
0000267f  IntPriorityMaskSet              
000023e3  IntPrioritySet                  
0000232b  IntRegister                     
00002693  IntTrigger                      
0000237d  IntUnregister                   
00002f49  LED1                            
00002f77  LED2                            
00002fa5  LED3                            
00003773  ResetISR                        
UNDEFED   SHT$$INIT_ARRAY$$Base           
UNDEFED   SHT$$INIT_ARRAY$$Limit          
000010ff  SysCtlAltClkConfig              
000008d9  SysCtlClockFreqSet              
00000dbd  SysCtlClockGet                  
000010e3  SysCtlClockOutConfig            
00000bf1  SysCtlClockSet                  
000007d9  SysCtlDeepSleep                 
00000f85  SysCtlDeepSleepClockConfigSet   
00000f69  SysCtlDeepSleepClockSet         
000007b9  SysCtlDeepSleepPowerSet         
0000377f  SysCtlDelay                     
00000365  SysCtlFlashSectorSizeGet        
00000339  SysCtlFlashSizeGet              
0000105b  SysCtlGPIOAHBDisable            
0000103f  SysCtlGPIOAHBEnable             
0000074d  SysCtlIntClear                  
00000735  SysCtlIntDisable                
00000721  SysCtlIntEnable                 
000006f9  SysCtlIntRegister               
0000075d  SysCtlIntStatus                 
00000711  SysCtlIntUnregister             
0000079f  SysCtlLDODeepSleepGet           
0000078f  SysCtlLDODeepSleepSet           
00000789  SysCtlLDOSleepGet               
00000779  SysCtlLDOSleepSet               
0000080f  SysCtlMOSCConfigSet             
000010cf  SysCtlNMIClear                  
000010c9  SysCtlNMIStatus                 
00000825  SysCtlPIOSCCalibrate            
00001029  SysCtlPWMClockGet               
0000100f  SysCtlPWMClockSet               
000006a5  SysCtlPeripheralClockGating     
0000065d  SysCtlPeripheralDeepSleepDisable
0000060d  SysCtlPeripheralDeepSleepEnable 
00000549  SysCtlPeripheralDisable         
0000050d  SysCtlPeripheralEnable          
00000449  SysCtlPeripheralPowerOff        
0000040d  SysCtlPeripheralPowerOn         
0000038d  SysCtlPeripheralPresent         
000003cd  SysCtlPeripheralReady           
00000485  SysCtlPeripheralReset           
000005d1  SysCtlPeripheralSleepDisable    
0000058d  SysCtlPeripheralSleepEnable     
000007c9  SysCtlReset                     
00000885  SysCtlResetBehaviorGet          
00000875  SysCtlResetBehaviorSet          
000007fb  SysCtlResetCauseClear           
000007f5  SysCtlResetCauseGet             
0000032f  SysCtlSRAMSizeGet               
000007d1  SysCtlSleep                     
000007a5  SysCtlSleepPowerSet             
00001083  SysCtlUSBPLLDisable             
00001077  SysCtlUSBPLLEnable              
000010af  SysCtlVoltageEventClear         
00001095  SysCtlVoltageEventConfig        
000010a9  SysCtlVoltageEventStatus        
00002285  TimerADCEventGet                
00002273  TimerADCEventSet                
00001f9d  TimerClockSourceGet             
00001f81  TimerClockSourceSet             
00001d5f  TimerConfigure                  
00001e7f  TimerControlEvent               
00001ddb  TimerControlLevel               
00001ea9  TimerControlStall               
00001e11  TimerControlTrigger             
00001edf  TimerControlWaitOnTrigger       
000022a5  TimerDMAEventGet                
00002293  TimerDMAEventSet                
00001d41  TimerDisable                    
00001d23  TimerEnable                     
0000224f  TimerIntClear                   
00002219  TimerIntDisable                 
00002201  TimerIntEnable                  
000021bb  TimerIntRegister                
00002231  TimerIntStatus                  
000021e3  TimerIntUnregister              
00002067  TimerLoadGet                    
000020a3  TimerLoadGet64                  
0000203d  TimerLoadSet                    
00002083  TimerLoadSet64                  
0000214d  TimerMatchGet                   
00002189  TimerMatchGet64                 
00002123  TimerMatchSet                   
00002169  TimerMatchSet64                 
00001fd7  TimerPrescaleGet                
00002021  TimerPrescaleMatchGet           
00001ff3  TimerPrescaleMatchSet           
00001fad  TimerPrescaleSet                
00001f55  TimerRTCDisable                 
00001f3f  TimerRTCEnable                  
00002261  TimerSynchronize                
000022b3  TimerUpdateMode                 
000020d5  TimerValueGet                   
000020f1  TimerValueGet64                 
20000c18  __STACK_END                     
00000200  __STACK_SIZE                    
20000c18  __STACK_TOP                     
00003d6c  __TI_CINIT_Base                 
00003d84  __TI_CINIT_Limit                
00003d64  __TI_Handler_Table_Base         
00003d6c  __TI_Handler_Table_Limit        
00003449  __TI_auto_init                  
20000c18  __TI_cleanup_ptr                
00003765  __TI_decompress_none            
00003785  __TI_decompress_rle24           
20000c1c  __TI_dtors_ptr                  
20000c20  __TI_enable_exit_profile_output 
ffffffff  __TI_pprof_out_hndl             
ffffffff  __TI_prof_data_size             
ffffffff  __TI_prof_data_start            
00000000  __TI_static_base__              
000033cd  __aeabi_memclr                  
000033cd  __aeabi_memclr4                 
000033cd  __aeabi_memclr8                 
00003231  __aeabi_memcpy                  
00003231  __aeabi_memcpy4                 
00003231  __aeabi_memcpy8                 
000033cf  __aeabi_memset                  
000033cf  __aeabi_memset4                 
000033cf  __aeabi_memset8                 
ffffffff  __binit__                       
ffffffff  __c_args__                      
00002307  __mpu_init                      
20000a18  __stack                         
00003739  _args_main                      
00003525  _c_int00                        
20000c24  _lock                           
0000375f  _nop                            
00003757  _register_lock                  
00003751  _register_unlock                
00003447  _system_post_cinit              
0000378b  _system_pre_init                
20000c28  _unlock                         
0000357d  abort                           
ffffffff  binit                           
00002c57  clkhandler                      
00002cb1  clkinit                         
200009f8  clktime                         
000035cd  copy_in                         
200009fc  currpid                         
20000c30  delayFlag                       
00002d99  dequeue                         
00002d0d  enqueue                         
00003585  exit                            
20000a00  function                        
20000000  g_pfnRAMVectors                 
00000000  g_pfnVectors                    
000036d5  getfirst                        
00003619  getitem                         
00002def  insert                          
00002a4d  insertd                         
00002ffb  main                            
20000c40  main_func_sp                    
20000a04  max_millis                      
00003231  memcpy                          
000033d5  memset                          
20000c2c  millis                          
00002ea9  newqueue                        
00002fd3  nullProc                        
000026c9  pocessGetPid                    
20000a08  prcount                         
20000a0c  preempt                         
00002723  processCreate                   
000026cf  processNewPid                   
000028a1  processResume                   
00002a17  processResumeAll                
0000285b  processSetReady                 
000028fd  processSuspend                  
000029e5  processSuspendAll               
000027d7  processTerminate                
0000297d  processWaiting                  
20000930  proctab                         
00003351  pvPortMalloc                    
20000848  queuetab                        
000032cd  reSched                         
20000a10  readylist                       
00002b35  sleep                           
00002b5b  sleepms                         
20000a12  sleepq                          
00003709  strncpy                         
20000a14  suspendedlist                   
000031cd  timerDelay                      
0000315f  timerInit                       
000031a5  timerStart                      
00003205  timerStop                       
00002ba5  unsleep                         
000033af  vPortInitialiseBlocks           
00002c19  wakeup                          
000033b7  xPortGetFreeHeapSize            
00002b2b  yield                           


GLOBAL SYMBOLS: SORTED BY Symbol Address 

address   name                            
-------   ----                            
00000000  __TI_static_base__              
00000000  g_pfnVectors                    
00000200  __STACK_SIZE                    
0000032f  SysCtlSRAMSizeGet               
00000339  SysCtlFlashSizeGet              
00000365  SysCtlFlashSectorSizeGet        
0000038d  SysCtlPeripheralPresent         
000003cd  SysCtlPeripheralReady           
0000040d  SysCtlPeripheralPowerOn         
00000449  SysCtlPeripheralPowerOff        
00000485  SysCtlPeripheralReset           
0000050d  SysCtlPeripheralEnable          
00000549  SysCtlPeripheralDisable         
0000058d  SysCtlPeripheralSleepEnable     
000005d1  SysCtlPeripheralSleepDisable    
0000060d  SysCtlPeripheralDeepSleepEnable 
0000065d  SysCtlPeripheralDeepSleepDisable
000006a5  SysCtlPeripheralClockGating     
000006f9  SysCtlIntRegister               
00000711  SysCtlIntUnregister             
00000721  SysCtlIntEnable                 
00000735  SysCtlIntDisable                
0000074d  SysCtlIntClear                  
0000075d  SysCtlIntStatus                 
00000779  SysCtlLDOSleepSet               
00000789  SysCtlLDOSleepGet               
0000078f  SysCtlLDODeepSleepSet           
0000079f  SysCtlLDODeepSleepGet           
000007a5  SysCtlSleepPowerSet             
000007b9  SysCtlDeepSleepPowerSet         
000007c9  SysCtlReset                     
000007d1  SysCtlSleep                     
000007d9  SysCtlDeepSleep                 
000007f5  SysCtlResetCauseGet             
000007fb  SysCtlResetCauseClear           
0000080f  SysCtlMOSCConfigSet             
00000825  SysCtlPIOSCCalibrate            
00000875  SysCtlResetBehaviorSet          
00000885  SysCtlResetBehaviorGet          
000008d9  SysCtlClockFreqSet              
00000bf1  SysCtlClockSet                  
00000dbd  SysCtlClockGet                  
00000f69  SysCtlDeepSleepClockSet         
00000f85  SysCtlDeepSleepClockConfigSet   
0000100f  SysCtlPWMClockSet               
00001029  SysCtlPWMClockGet               
0000103f  SysCtlGPIOAHBEnable             
0000105b  SysCtlGPIOAHBDisable            
00001077  SysCtlUSBPLLEnable              
00001083  SysCtlUSBPLLDisable             
00001095  SysCtlVoltageEventConfig        
000010a9  SysCtlVoltageEventStatus        
000010af  SysCtlVoltageEventClear         
000010c9  SysCtlNMIStatus                 
000010cf  SysCtlNMIClear                  
000010e3  SysCtlClockOutConfig            
000010ff  SysCtlAltClkConfig              
000011bf  GPIODirModeSet                  
0000121b  GPIODirModeGet                  
00001267  GPIOIntTypeSet                  
0000130b  GPIOIntTypeGet                  
000013a9  GPIOPadConfigSet                
000015e7  GPIOPadConfigGet                
00001739  GPIOIntEnable                   
00001753  GPIOIntDisable                  
0000176d  GPIOIntStatus                   
0000178f  GPIOIntClear                    
000017a3  GPIOIntRegister                 
000017c1  GPIOIntUnregister               
000017db  GPIOPinRead                     
000017f3  GPIOPinWrite                    
00001813  GPIOPinTypeADC                  
00001837  GPIOPinTypeCAN                  
0000185b  GPIOPinTypeComparator           
0000187f  GPIOPinTypeComparatorOutput     
000018a3  GPIOPinTypeDIVSCLK              
000018c7  GPIOPinTypeEPI                  
000018eb  GPIOPinTypeEthernetLED          
0000190f  GPIOPinTypeEthernetMII          
00001933  GPIOPinTypeGPIOInput            
00001957  GPIOPinTypeGPIOOutput           
0000197b  GPIOPinTypeGPIOOutputOD         
0000199f  GPIOPinTypeHibernateRTCCLK      
000019c3  GPIOPinTypeI2C                  
000019e7  GPIOPinTypeI2CSCL               
00001a0b  GPIOPinTypeLCD                  
00001a2f  GPIOPinTypeOneWire              
00001a53  GPIOPinTypePWM                  
00001a77  GPIOPinTypeQEI                  
00001a9b  GPIOPinTypeSSI                  
00001abf  GPIOPinTypeTimer                
00001ae3  GPIOPinTypeTrace                
00001b07  GPIOPinTypeUART                 
00001b2b  GPIOPinTypeUSBAnalog            
00001b4f  GPIOPinTypeUSBDigital           
00001b73  GPIOPinTypeWakeHigh             
00001b99  GPIOPinTypeWakeLow              
00001bbf  GPIOPinWakeStatus               
00001bcf  GPIOPinConfigure                
00001c2d  GPIODMATriggerEnable            
00001c4b  GPIODMATriggerDisable           
00001c69  GPIOADCTriggerEnable            
00001c87  GPIOADCTriggerDisable           
00001d23  TimerEnable                     
00001d41  TimerDisable                    
00001d5f  TimerConfigure                  
00001ddb  TimerControlLevel               
00001e11  TimerControlTrigger             
00001e7f  TimerControlEvent               
00001ea9  TimerControlStall               
00001edf  TimerControlWaitOnTrigger       
00001f3f  TimerRTCEnable                  
00001f55  TimerRTCDisable                 
00001f81  TimerClockSourceSet             
00001f9d  TimerClockSourceGet             
00001fad  TimerPrescaleSet                
00001fd7  TimerPrescaleGet                
00001ff3  TimerPrescaleMatchSet           
00002021  TimerPrescaleMatchGet           
0000203d  TimerLoadSet                    
00002067  TimerLoadGet                    
00002083  TimerLoadSet64                  
000020a3  TimerLoadGet64                  
000020d5  TimerValueGet                   
000020f1  TimerValueGet64                 
00002123  TimerMatchSet                   
0000214d  TimerMatchGet                   
00002169  TimerMatchSet64                 
00002189  TimerMatchGet64                 
000021bb  TimerIntRegister                
000021e3  TimerIntUnregister              
00002201  TimerIntEnable                  
00002219  TimerIntDisable                 
00002231  TimerIntStatus                  
0000224f  TimerIntClear                   
00002261  TimerSynchronize                
00002273  TimerADCEventSet                
00002285  TimerADCEventGet                
00002293  TimerDMAEventSet                
000022a5  TimerDMAEventGet                
000022b3  TimerUpdateMode                 
00002307  __mpu_init                      
0000230b  IntMasterEnable                 
0000231b  IntMasterDisable                
0000232b  IntRegister                     
0000237d  IntUnregister                   
00002391  IntPriorityGroupingSet          
000023ab  IntPriorityGroupingGet          
000023e3  IntPrioritySet                  
00002433  IntPriorityGet                  
00002457  IntEnable                       
000024c9  IntDisable                      
0000253b  IntIsEnabled                    
000025c1  IntPendSet                      
00002631  IntPendClear                    
0000267f  IntPriorityMaskSet              
0000268b  IntPriorityMaskGet              
00002693  IntTrigger                      
000026c9  pocessGetPid                    
000026cf  processNewPid                   
00002723  processCreate                   
000027d7  processTerminate                
0000285b  processSetReady                 
000028a1  processResume                   
000028fd  processSuspend                  
0000297d  processWaiting                  
000029e5  processSuspendAll               
00002a17  processResumeAll                
00002a4d  insertd                         
00002b2b  yield                           
00002b35  sleep                           
00002b5b  sleepms                         
00002ba5  unsleep                         
00002c19  wakeup                          
00002c57  clkhandler                      
00002cb1  clkinit                         
00002d0d  enqueue                         
00002d99  dequeue                         
00002def  insert                          
00002ea9  newqueue                        
00002f49  LED1                            
00002f77  LED2                            
00002fa5  LED3                            
00002fd3  nullProc                        
00002ffb  main                            
0000312d  ISR                             
0000315f  timerInit                       
000031a5  timerStart                      
000031cd  timerDelay                      
00003205  timerStop                       
00003231  __aeabi_memcpy                  
00003231  __aeabi_memcpy4                 
00003231  __aeabi_memcpy8                 
00003231  memcpy                          
000032cd  reSched                         
00003351  pvPortMalloc                    
000033af  vPortInitialiseBlocks           
000033b7  xPortGetFreeHeapSize            
000033cd  __aeabi_memclr                  
000033cd  __aeabi_memclr4                 
000033cd  __aeabi_memclr8                 
000033cf  __aeabi_memset                  
000033cf  __aeabi_memset4                 
000033cf  __aeabi_memset8                 
000033d5  memset                          
00003447  _system_post_cinit              
00003449  __TI_auto_init                  
00003525  _c_int00                        
00003579  C$$EXIT                         
0000357d  abort                           
00003585  exit                            
000035cd  copy_in                         
00003619  getitem                         
00003659  HAL_Timer_Init                  
00003663  HAL_Timer_Start                 
00003675  HAL_Timer_Delay                 
00003683  HAL_Timer_Stop                  
0000368d  HAL_Timer_1ms                   
00003697  CPUcpsid                        
000036a3  CPUprimask                      
000036ad  CPUcpsie                        
000036b9  CPUwfi                          
000036bd  CPUbasepriSet                   
000036cb  CPUbasepriGet                   
000036d5  getfirst                        
00003709  strncpy                         
00003739  _args_main                      
00003751  _register_unlock                
00003757  _register_lock                  
0000375f  _nop                            
00003765  __TI_decompress_none            
00003773  ResetISR                        
0000377f  SysCtlDelay                     
00003785  __TI_decompress_rle24           
0000378b  _system_pre_init                
00003d64  __TI_Handler_Table_Base         
00003d6c  __TI_CINIT_Base                 
00003d6c  __TI_Handler_Table_Limit        
00003d84  __TI_CINIT_Limit                
20000000  g_pfnRAMVectors                 
20000848  queuetab                        
20000930  proctab                         
200009f8  clktime                         
200009fc  currpid                         
20000a00  function                        
20000a04  max_millis                      
20000a08  prcount                         
20000a0c  preempt                         
20000a10  readylist                       
20000a12  sleepq                          
20000a14  suspendedlist                   
20000a18  __stack                         
20000c18  __STACK_END                     
20000c18  __STACK_TOP                     
20000c18  __TI_cleanup_ptr                
20000c1c  __TI_dtors_ptr                  
20000c20  __TI_enable_exit_profile_output 
20000c24  _lock                           
20000c28  _unlock                         
20000c2c  millis                          
20000c30  delayFlag                       
20000c40  main_func_sp                    
ffffffff  __TI_pprof_out_hndl             
ffffffff  __TI_prof_data_size             
ffffffff  __TI_prof_data_start            
ffffffff  __binit__                       
ffffffff  __c_args__                      
ffffffff  binit                           
UNDEFED   SHT$$INIT_ARRAY$$Base           
UNDEFED   SHT$$INIT_ARRAY$$Limit          

[270 symbols]
