******************************************************************************
                  TI ARM Linker PC v15.12.1                    
******************************************************************************
>> Linked Sat Jun 11 04:26:27 2016

OUTPUT FILE NAME:   <Scheduler.out>
ENTRY POINT SYMBOL: "_c_int00"  address: 000033fd


MEMORY CONFIGURATION

         name            origin    length      used     unused   attr    fill
----------------------  --------  ---------  --------  --------  ----  --------
  FLASH                 00000000   00040000  00003c32  0003c3ce  R  X
  SRAM                  20000000   00008000  00000d72  0000728e  RW X


SEGMENT ALLOCATION MAP

run origin  load origin   length   init length attrs members
----------  ----------- ---------- ----------- ----- -------
00000000    00000000    00003c34   00003c34    r-x
  00000000    00000000    0000026c   0000026c    r-- .intvecs
  0000026c    0000026c    000033d2   000033d2    r-x .text
  00003640    00003640    00000590   00000590    r-- .const
  00003bd0    00003bd0    00000064   00000064    r-- .cinit
20000000    20000000    00000d74   00000000    rw-
  20000000    20000000    0000026c   00000000    rw- .vtable
  2000026c    2000026c    000008de   00000000    rw- .bss
  20000b4c    20000b4c    00000200   00000000    rw- .stack
  20000d4c    20000d4c    00000028   00000000    rw- .data


SECTION ALLOCATION MAP

 output                                  attributes/
section   page    origin      length       input sections
--------  ----  ----------  ----------   ----------------
.intvecs   0    00000000    0000026c     
                  00000000    0000026c     tm4c123gh6pm_startup_ccs.obj (.intvecs)

.text      0    0000026c    000033d2     
                  0000026c    00000ef0     sysctl.obj (.text)
                  0000115c    00000b50     gpio.obj (.text)
                  00001cac    0000065a     timer.obj (.text)
                  00002306    00000002     rtsv7M4_T_le_v4SPD16_eabi.lib : mpu_init.obj (.text)
                  00002308    000003c0     interrupt.obj (.text)
                  000026c8    00000318     Process.obj (.text)
                  000029e0    000002a4     realTimeClock.obj (.text)
                  00002c84    00000234     queue.obj (.text)
                  00002eb8    0000017c     Timer_TivaC.obj (.text)
                  00003034    00000150     main.obj (.text)
                  00003184    0000009c     rtsv7M4_T_le_v4SPD16_eabi.lib : memcpy_t2.obj (.text)
                  00003220    00000084     ReSched.obj (.text)
                  000032a4    0000007a     rtsv7M4_T_le_v4SPD16_eabi.lib : memset_t2.obj (.text)
                  0000331e    00000002                                   : startup.obj (.text)
                  00003320    00000070                                   : autoinit.obj (.text)
                  00003390    0000006a                                   : copy_decompress_rle.obj (.text)
                  000033fa    00000002     --HOLE-- [fill = 0]
                  000033fc    00000054                                   : boot.obj (.text)
                  00003450    00000054                                   : exit.obj (.text)
                  000034a4    0000004c                                   : cpy_tbl.obj (.text)
                  000034f0    00000042     HAL_Timer_TivaC.obj (.text)
                  00003532    00000002     --HOLE-- [fill = 0]
                  00003534    00000040     Process.obj (.text:getitem)
                  00003574    0000003e     cpu.obj (.text)
                  000035b2    00000002     --HOLE-- [fill = 0]
                  000035b4    00000034     Process.obj (.text:getfirst)
                  000035e8    00000018     rtsv7M4_T_le_v4SPD16_eabi.lib : args_main.obj (.text)
                  00003600    00000014                                   : _lock.obj (.text)
                  00003614    0000000e                                   : copy_decompress_none.obj (.text:decompress:none)
                  00003622    0000000c     tm4c123gh6pm_startup_ccs.obj (.text)
                  0000362e    00000006     sysctl.obj (.text:SysCtlDelay)
                  00003634    00000006     rtsv7M4_T_le_v4SPD16_eabi.lib : copy_decompress_rle.obj (.text:decompress:rle24)
                  0000363a    00000004                                   : pre_init.obj (.text)

.const     0    00003640    00000590     
                  00003640    00000120     sysctl.obj (.const:g_pppui32XTALtoVCO)
                  00003760    000000c0     gpio.obj (.const:g_ppui32GPIOIntMapBlizzard)
                  00003820    000000c0     gpio.obj (.const:g_ppui32GPIOIntMapSnowflake)
                  000038e0    0000009c     interrupt.obj (.const:g_pui32Regs)
                  0000397c    00000090     gpio.obj (.const:g_pui32GPIOBaseAddrs)
                  00003a0c    0000006c     sysctl.obj (.const:g_pui32Xtals)
                  00003a78    00000060     timer.obj (.const:g_ppui32TimerIntMap)
                  00003ad8    00000040     timer.obj (.const:g_ppui32TimerIntMapSnowflake)
                  00003b18    00000030     sysctl.obj (.const:g_sXTALtoMEMTIM)
                  00003b48    00000020     interrupt.obj (.const:g_pui32Priority)
                  00003b68    00000014     interrupt.obj (.const:g_pui32Dii16Regs)
                  00003b7c    00000014     interrupt.obj (.const:g_pui32EnRegs)
                  00003b90    00000014     interrupt.obj (.const:g_pui32PendRegs)
                  00003ba4    00000014     interrupt.obj (.const:g_pui32UnpendRegs)
                  00003bb8    00000008     sysctl.obj (.const:g_pui32VCOFrequencies)
                  00003bc0    00000008     gpio.obj (.const)
                  00003bc8    00000008     timer.obj (.const)

.cinit     0    00003bd0    00000064     
                  00003bd0    00000021     (.cinit..data.load) [load image, compression = rle]
                  00003bf1    00000007     --HOLE-- [fill = 0]
                  00003bf8    0000000b     (.cinit..bss.load) [load image, compression = rle]
                  00003c03    00000005     --HOLE-- [fill = 0]
                  00003c08    0000000b     (.cinit..vtable.load) [load image, compression = rle]
                  00003c13    00000001     --HOLE-- [fill = 0]
                  00003c14    00000008     (__TI_handler_table)
                  00003c1c    00000018     (__TI_cinit_table)

.init_array 
*          0    00000000    00000000     UNINITIALIZED

.vtable    0    20000000    0000026c     UNINITIALIZED
                  20000000    0000026c     interrupt.obj (.vtable)

.bss       0    2000026c    000008de     UNINITIALIZED
                  2000026c    000007c0     (.common:queuetab)
                  20000a2c    00000100     (.common:proctab)
                  20000b2c    00000004     (.common:clktime)
                  20000b30    00000004     (.common:currpid)
                  20000b34    00000004     (.common:function)
                  20000b38    00000004     (.common:max_millis)
                  20000b3c    00000004     (.common:prcount)
                  20000b40    00000004     (.common:preempt)
                  20000b44    00000002     (.common:readylist)
                  20000b46    00000002     (.common:sleepq)
                  20000b48    00000002     (.common:suspendedlist)

.stack     0    20000b4c    00000200     UNINITIALIZED
                  20000b4c    00000200     --HOLE--

.data      0    20000d4c    00000028     UNINITIALIZED
                  20000d4c    0000000c     rtsv7M4_T_le_v4SPD16_eabi.lib : exit.obj (.data:$O1$$)
                  20000d58    00000008                                   : _lock.obj (.data:$O1$$)
                  20000d60    00000005     Timer_TivaC.obj (.data)
                  20000d65    00000001     --HOLE--
                  20000d66    00000002     queue.obj (.data)
                  20000d68    00000004     Process.obj (.data)
                  20000d6c    00000004     realTimeClock.obj (.data)
                  20000d70    00000004     rtsv7M4_T_le_v4SPD16_eabi.lib : stkdepth_vars.obj (.data)

MODULE SUMMARY

       Module                         code    ro data   rw data
       ------                         ----    -------   -------
    .\
       Process.obj                    908     0         2266   
       realTimeClock.obj              676     0         4      
       tm4c123gh6pm_startup_ccs.obj   12      620       0      
       queue.obj                      564     0         2      
       main.obj                       336     0         0      
       ReSched.obj                    132     0         0      
    +--+------------------------------+-------+---------+---------+
       Total:                         2628    620       2272   
                                                               
    .\Drivers\Timer\
       timer.obj                      1626    168       0      
       Timer_TivaC.obj                380     0         13     
       HAL_Timer_TivaC.obj            66      0         0      
    +--+------------------------------+-------+---------+---------+
       Total:                         2072    168       13     
                                                               
    .\Drivers\cpu\
       cpu.obj                        62      0         0      
    +--+------------------------------+-------+---------+---------+
       Total:                         62      0         0      
                                                               
    .\Drivers\gpio\
       gpio.obj                       2896    536       0      
    +--+------------------------------+-------+---------+---------+
       Total:                         2896    536       0      
                                                               
    .\Drivers\interrupt\
       interrupt.obj                  960     268       620    
    +--+------------------------------+-------+---------+---------+
       Total:                         960     268       620    
                                                               
    .\Drivers\sysctl\
       sysctl.obj                     3830    452       0      
    +--+------------------------------+-------+---------+---------+
       Total:                         3830    452       0      
                                                               
    E:\Code Composer\ccsv6\tools\compiler\ti-cgt-arm_15.12.1.LTS\lib\rtsv7M4_T_le_v4SPD16_eabi.lib
       memcpy_t2.obj                  156     0         0      
       memset_t2.obj                  122     0         0      
       autoinit.obj                   112     0         0      
       copy_decompress_rle.obj        112     0         0      
       exit.obj                       84      0         12     
       boot.obj                       84      0         0      
       cpy_tbl.obj                    76      0         0      
       _lock.obj                      20      0         8      
       args_main.obj                  24      0         0      
       copy_decompress_none.obj       14      0         0      
       pre_init.obj                   4       0         0      
       stkdepth_vars.obj              0       0         4      
       mpu_init.obj                   2       0         0      
       startup.obj                    2       0         0      
    +--+------------------------------+-------+---------+---------+
       Total:                         812     0         24     
                                                               
       Stack:                         0       0         512    
       Linker Generated:              0       87        0      
    +--+------------------------------+-------+---------+---------+
       Grand Total:                   13260   2131      3441   


LINKER GENERATED COPY TABLES

__TI_cinit_table @ 00003c1c records: 3, size/record: 8, table size: 24
	.data: load addr=00003bd0, load size=00000021 bytes, run addr=20000d4c, run size=00000028 bytes, compression=rle
	.bss: load addr=00003bf8, load size=0000000b bytes, run addr=2000026c, run size=000008de bytes, compression=rle
	.vtable: load addr=00003c08, load size=0000000b bytes, run addr=20000000, run size=0000026c bytes, compression=rle


LINKER GENERATED HANDLER TABLE

__TI_handler_table @ 00003c14 records: 2, size/record: 4, table size: 8
	index: 0, handler: __TI_decompress_rle24
	index: 1, handler: __TI_decompress_none


GLOBAL SYMBOLS: SORTED ALPHABETICALLY BY Name 

address   name                            
-------   ----                            
00003451  C$$EXIT                         
000035a9  CPUbasepriGet                   
0000359b  CPUbasepriSet                   
00003575  CPUcpsid                        
0000358b  CPUcpsie                        
00003581  CPUprimask                      
00003597  CPUwfi                          
00001c87  GPIOADCTriggerDisable           
00001c69  GPIOADCTriggerEnable            
00001c4b  GPIODMATriggerDisable           
00001c2d  GPIODMATriggerEnable            
0000121b  GPIODirModeGet                  
000011bf  GPIODirModeSet                  
0000178f  GPIOIntClear                    
00001753  GPIOIntDisable                  
00001739  GPIOIntEnable                   
000017a3  GPIOIntRegister                 
0000176d  GPIOIntStatus                   
0000130b  GPIOIntTypeGet                  
00001267  GPIOIntTypeSet                  
000017c1  GPIOIntUnregister               
000015e7  GPIOPadConfigGet                
000013a9  GPIOPadConfigSet                
00001bcf  GPIOPinConfigure                
000017db  GPIOPinRead                     
00001813  GPIOPinTypeADC                  
00001837  GPIOPinTypeCAN                  
0000185b  GPIOPinTypeComparator           
0000187f  GPIOPinTypeComparatorOutput     
000018a3  GPIOPinTypeDIVSCLK              
000018c7  GPIOPinTypeEPI                  
000018eb  GPIOPinTypeEthernetLED          
0000190f  GPIOPinTypeEthernetMII          
00001933  GPIOPinTypeGPIOInput            
00001957  GPIOPinTypeGPIOOutput           
0000197b  GPIOPinTypeGPIOOutputOD         
0000199f  GPIOPinTypeHibernateRTCCLK      
000019c3  GPIOPinTypeI2C                  
000019e7  GPIOPinTypeI2CSCL               
00001a0b  GPIOPinTypeLCD                  
00001a2f  GPIOPinTypeOneWire              
00001a53  GPIOPinTypePWM                  
00001a77  GPIOPinTypeQEI                  
00001a9b  GPIOPinTypeSSI                  
00001abf  GPIOPinTypeTimer                
00001ae3  GPIOPinTypeTrace                
00001b07  GPIOPinTypeUART                 
00001b2b  GPIOPinTypeUSBAnalog            
00001b4f  GPIOPinTypeUSBDigital           
00001b73  GPIOPinTypeWakeHigh             
00001b99  GPIOPinTypeWakeLow              
00001bbf  GPIOPinWakeStatus               
000017f3  GPIOPinWrite                    
00003525  HAL_Timer_1ms                   
0000350d  HAL_Timer_Delay                 
000034f1  HAL_Timer_Init                  
000034fb  HAL_Timer_Start                 
0000351b  HAL_Timer_Stop                  
00002eb9  ISR                             
000024c9  IntDisable                      
00002457  IntEnable                       
0000253b  IntIsEnabled                    
0000231b  IntMasterDisable                
0000230b  IntMasterEnable                 
00002631  IntPendClear                    
000025c1  IntPendSet                      
00002433  IntPriorityGet                  
000023ab  IntPriorityGroupingGet          
00002391  IntPriorityGroupingSet          
0000268b  IntPriorityMaskGet              
0000267f  IntPriorityMaskSet              
000023e3  IntPrioritySet                  
0000232b  IntRegister                     
00002693  IntTrigger                      
0000237d  IntUnregister                   
00003035  LED1                            
00003063  LED2                            
00003091  LED3                            
00003623  ResetISR                        
UNDEFED   SHT$$INIT_ARRAY$$Base           
UNDEFED   SHT$$INIT_ARRAY$$Limit          
000010ff  SysCtlAltClkConfig              
000008d9  SysCtlClockFreqSet              
00000dbd  SysCtlClockGet                  
000010e3  SysCtlClockOutConfig            
00000bf1  SysCtlClockSet                  
000007d9  SysCtlDeepSleep                 
00000f85  SysCtlDeepSleepClockConfigSet   
00000f69  SysCtlDeepSleepClockSet         
000007b9  SysCtlDeepSleepPowerSet         
0000362f  SysCtlDelay                     
00000365  SysCtlFlashSectorSizeGet        
00000339  SysCtlFlashSizeGet              
0000105b  SysCtlGPIOAHBDisable            
0000103f  SysCtlGPIOAHBEnable             
0000074d  SysCtlIntClear                  
00000735  SysCtlIntDisable                
00000721  SysCtlIntEnable                 
000006f9  SysCtlIntRegister               
0000075d  SysCtlIntStatus                 
00000711  SysCtlIntUnregister             
0000079f  SysCtlLDODeepSleepGet           
0000078f  SysCtlLDODeepSleepSet           
00000789  SysCtlLDOSleepGet               
00000779  SysCtlLDOSleepSet               
0000080f  SysCtlMOSCConfigSet             
000010cf  SysCtlNMIClear                  
000010c9  SysCtlNMIStatus                 
00000825  SysCtlPIOSCCalibrate            
00001029  SysCtlPWMClockGet               
0000100f  SysCtlPWMClockSet               
000006a5  SysCtlPeripheralClockGating     
0000065d  SysCtlPeripheralDeepSleepDisable
0000060d  SysCtlPeripheralDeepSleepEnable 
00000549  SysCtlPeripheralDisable         
0000050d  SysCtlPeripheralEnable          
00000449  SysCtlPeripheralPowerOff        
0000040d  SysCtlPeripheralPowerOn         
0000038d  SysCtlPeripheralPresent         
000003cd  SysCtlPeripheralReady           
00000485  SysCtlPeripheralReset           
000005d1  SysCtlPeripheralSleepDisable    
0000058d  SysCtlPeripheralSleepEnable     
000007c9  SysCtlReset                     
00000885  SysCtlResetBehaviorGet          
00000875  SysCtlResetBehaviorSet          
000007fb  SysCtlResetCauseClear           
000007f5  SysCtlResetCauseGet             
0000032f  SysCtlSRAMSizeGet               
000007d1  SysCtlSleep                     
000007a5  SysCtlSleepPowerSet             
00001083  SysCtlUSBPLLDisable             
00001077  SysCtlUSBPLLEnable              
000010af  SysCtlVoltageEventClear         
00001095  SysCtlVoltageEventConfig        
000010a9  SysCtlVoltageEventStatus        
00002fe9  Timer0IntHandler                
00002285  TimerADCEventGet                
00002273  TimerADCEventSet                
00001f9d  TimerClockSourceGet             
00001f81  TimerClockSourceSet             
00001d5f  TimerConfigure                  
00001e7f  TimerControlEvent               
00001ddb  TimerControlLevel               
00001ea9  TimerControlStall               
00001e11  TimerControlTrigger             
00001edf  TimerControlWaitOnTrigger       
000022a5  TimerDMAEventGet                
00002293  TimerDMAEventSet                
00001d41  TimerDisable                    
00001d23  TimerEnable                     
0000224f  TimerIntClear                   
00002219  TimerIntDisable                 
00002201  TimerIntEnable                  
000021bb  TimerIntRegister                
00002231  TimerIntStatus                  
000021e3  TimerIntUnregister              
00002067  TimerLoadGet                    
000020a3  TimerLoadGet64                  
0000203d  TimerLoadSet                    
00002083  TimerLoadSet64                  
0000214d  TimerMatchGet                   
00002189  TimerMatchGet64                 
00002123  TimerMatchSet                   
00002169  TimerMatchSet64                 
00001fd7  TimerPrescaleGet                
00002021  TimerPrescaleMatchGet           
00001ff3  TimerPrescaleMatchSet           
00001fad  TimerPrescaleSet                
00001f55  TimerRTCDisable                 
00001f3f  TimerRTCEnable                  
00002261  TimerSynchronize                
000022b3  TimerUpdateMode                 
000020d5  TimerValueGet                   
000020f1  TimerValueGet64                 
00002f39  Timer_Delay                     
00002ecb  Timer_Init                      
00002f7d  Timer_New                       
00002f11  Timer_Start                     
00002f71  Timer_Stop                      
20000d4c  __STACK_END                     
00000200  __STACK_SIZE                    
20000d4c  __STACK_TOP                     
00003c1c  __TI_CINIT_Base                 
00003c34  __TI_CINIT_Limit                
00003c14  __TI_Handler_Table_Base         
00003c1c  __TI_Handler_Table_Limit        
00003321  __TI_auto_init                  
20000d4c  __TI_cleanup_ptr                
00003615  __TI_decompress_none            
00003635  __TI_decompress_rle24           
20000d50  __TI_dtors_ptr                  
20000d54  __TI_enable_exit_profile_output 
ffffffff  __TI_pprof_out_hndl             
ffffffff  __TI_prof_data_size             
ffffffff  __TI_prof_data_start            
00000000  __TI_static_base__              
000032a5  __aeabi_memclr                  
000032a5  __aeabi_memclr4                 
000032a5  __aeabi_memclr8                 
00003185  __aeabi_memcpy                  
00003185  __aeabi_memcpy4                 
00003185  __aeabi_memcpy8                 
000032a7  __aeabi_memset                  
000032a7  __aeabi_memset4                 
000032a7  __aeabi_memset8                 
ffffffff  __binit__                       
ffffffff  __c_args__                      
00002307  __mpu_init                      
20000b4c  __stack                         
000035e9  _args_main                      
000033fd  _c_int00                        
20000d58  _lock                           
0000360f  _nop                            
00003607  _register_lock                  
00003601  _register_unlock                
0000331f  _system_post_cinit              
0000363b  _system_pre_init                
20000d5c  _unlock                         
00003455  abort                           
ffffffff  binit                           
00002bd7  clkhandler                      
00002c31  clkinit                         
20000b2c  clktime                         
000034a5  copy_in                         
20000b30  currpid                         
20000d64  delayFlag                       
00002d0d  dequeue                         
00002c85  enqueue                         
0000345d  exit                            
20000b34  function                        
20000000  g_pfnRAMVectors                 
00000000  g_pfnVectors                    
000035b5  getfirst                        
00003535  getitem                         
00002d63  insert                          
000029e1  insertd                         
000030bf  main                            
20000d70  main_func_sp                    
20000b38  max_millis                      
00003185  memcpy                          
000032ad  memset                          
20000d60  millis                          
00002e19  newqueue                        
000026c9  pocessGetPid                    
20000b3c  prcount                         
20000b40  preempt                         
00002721  processCreate                   
000026cf  processNewPid                   
00002891  processResume                   
000029a7  processResumeAll                
00002853  processSetReady                 
000028e5  processSuspend                  
00002975  processSuspendAll               
000027d7  processTerminate                
20000a2c  proctab                         
2000026c  queuetab                        
00003221  reSched                         
20000b44  readylist                       
00002ac5  sleep                           
00002aeb  sleepms                         
20000b46  sleepq                          
20000b48  suspendedlist                   
00002b31  unsleep                         
00002b9d  wakeup                          
00002abb  yield                           


GLOBAL SYMBOLS: SORTED BY Symbol Address 

address   name                            
-------   ----                            
00000000  __TI_static_base__              
00000000  g_pfnVectors                    
00000200  __STACK_SIZE                    
0000032f  SysCtlSRAMSizeGet               
00000339  SysCtlFlashSizeGet              
00000365  SysCtlFlashSectorSizeGet        
0000038d  SysCtlPeripheralPresent         
000003cd  SysCtlPeripheralReady           
0000040d  SysCtlPeripheralPowerOn         
00000449  SysCtlPeripheralPowerOff        
00000485  SysCtlPeripheralReset           
0000050d  SysCtlPeripheralEnable          
00000549  SysCtlPeripheralDisable         
0000058d  SysCtlPeripheralSleepEnable     
000005d1  SysCtlPeripheralSleepDisable    
0000060d  SysCtlPeripheralDeepSleepEnable 
0000065d  SysCtlPeripheralDeepSleepDisable
000006a5  SysCtlPeripheralClockGating     
000006f9  SysCtlIntRegister               
00000711  SysCtlIntUnregister             
00000721  SysCtlIntEnable                 
00000735  SysCtlIntDisable                
0000074d  SysCtlIntClear                  
0000075d  SysCtlIntStatus                 
00000779  SysCtlLDOSleepSet               
00000789  SysCtlLDOSleepGet               
0000078f  SysCtlLDODeepSleepSet           
0000079f  SysCtlLDODeepSleepGet           
000007a5  SysCtlSleepPowerSet             
000007b9  SysCtlDeepSleepPowerSet         
000007c9  SysCtlReset                     
000007d1  SysCtlSleep                     
000007d9  SysCtlDeepSleep                 
000007f5  SysCtlResetCauseGet             
000007fb  SysCtlResetCauseClear           
0000080f  SysCtlMOSCConfigSet             
00000825  SysCtlPIOSCCalibrate            
00000875  SysCtlResetBehaviorSet          
00000885  SysCtlResetBehaviorGet          
000008d9  SysCtlClockFreqSet              
00000bf1  SysCtlClockSet                  
00000dbd  SysCtlClockGet                  
00000f69  SysCtlDeepSleepClockSet         
00000f85  SysCtlDeepSleepClockConfigSet   
0000100f  SysCtlPWMClockSet               
00001029  SysCtlPWMClockGet               
0000103f  SysCtlGPIOAHBEnable             
0000105b  SysCtlGPIOAHBDisable            
00001077  SysCtlUSBPLLEnable              
00001083  SysCtlUSBPLLDisable             
00001095  SysCtlVoltageEventConfig        
000010a9  SysCtlVoltageEventStatus        
000010af  SysCtlVoltageEventClear         
000010c9  SysCtlNMIStatus                 
000010cf  SysCtlNMIClear                  
000010e3  SysCtlClockOutConfig            
000010ff  SysCtlAltClkConfig              
000011bf  GPIODirModeSet                  
0000121b  GPIODirModeGet                  
00001267  GPIOIntTypeSet                  
0000130b  GPIOIntTypeGet                  
000013a9  GPIOPadConfigSet                
000015e7  GPIOPadConfigGet                
00001739  GPIOIntEnable                   
00001753  GPIOIntDisable                  
0000176d  GPIOIntStatus                   
0000178f  GPIOIntClear                    
000017a3  GPIOIntRegister                 
000017c1  GPIOIntUnregister               
000017db  GPIOPinRead                     
000017f3  GPIOPinWrite                    
00001813  GPIOPinTypeADC                  
00001837  GPIOPinTypeCAN                  
0000185b  GPIOPinTypeComparator           
0000187f  GPIOPinTypeComparatorOutput     
000018a3  GPIOPinTypeDIVSCLK              
000018c7  GPIOPinTypeEPI                  
000018eb  GPIOPinTypeEthernetLED          
0000190f  GPIOPinTypeEthernetMII          
00001933  GPIOPinTypeGPIOInput            
00001957  GPIOPinTypeGPIOOutput           
0000197b  GPIOPinTypeGPIOOutputOD         
0000199f  GPIOPinTypeHibernateRTCCLK      
000019c3  GPIOPinTypeI2C                  
000019e7  GPIOPinTypeI2CSCL               
00001a0b  GPIOPinTypeLCD                  
00001a2f  GPIOPinTypeOneWire              
00001a53  GPIOPinTypePWM                  
00001a77  GPIOPinTypeQEI                  
00001a9b  GPIOPinTypeSSI                  
00001abf  GPIOPinTypeTimer                
00001ae3  GPIOPinTypeTrace                
00001b07  GPIOPinTypeUART                 
00001b2b  GPIOPinTypeUSBAnalog            
00001b4f  GPIOPinTypeUSBDigital           
00001b73  GPIOPinTypeWakeHigh             
00001b99  GPIOPinTypeWakeLow              
00001bbf  GPIOPinWakeStatus               
00001bcf  GPIOPinConfigure                
00001c2d  GPIODMATriggerEnable            
00001c4b  GPIODMATriggerDisable           
00001c69  GPIOADCTriggerEnable            
00001c87  GPIOADCTriggerDisable           
00001d23  TimerEnable                     
00001d41  TimerDisable                    
00001d5f  TimerConfigure                  
00001ddb  TimerControlLevel               
00001e11  TimerControlTrigger             
00001e7f  TimerControlEvent               
00001ea9  TimerControlStall               
00001edf  TimerControlWaitOnTrigger       
00001f3f  TimerRTCEnable                  
00001f55  TimerRTCDisable                 
00001f81  TimerClockSourceSet             
00001f9d  TimerClockSourceGet             
00001fad  TimerPrescaleSet                
00001fd7  TimerPrescaleGet                
00001ff3  TimerPrescaleMatchSet           
00002021  TimerPrescaleMatchGet           
0000203d  TimerLoadSet                    
00002067  TimerLoadGet                    
00002083  TimerLoadSet64                  
000020a3  TimerLoadGet64                  
000020d5  TimerValueGet                   
000020f1  TimerValueGet64                 
00002123  TimerMatchSet                   
0000214d  TimerMatchGet                   
00002169  TimerMatchSet64                 
00002189  TimerMatchGet64                 
000021bb  TimerIntRegister                
000021e3  TimerIntUnregister              
00002201  TimerIntEnable                  
00002219  TimerIntDisable                 
00002231  TimerIntStatus                  
0000224f  TimerIntClear                   
00002261  TimerSynchronize                
00002273  TimerADCEventSet                
00002285  TimerADCEventGet                
00002293  TimerDMAEventSet                
000022a5  TimerDMAEventGet                
000022b3  TimerUpdateMode                 
00002307  __mpu_init                      
0000230b  IntMasterEnable                 
0000231b  IntMasterDisable                
0000232b  IntRegister                     
0000237d  IntUnregister                   
00002391  IntPriorityGroupingSet          
000023ab  IntPriorityGroupingGet          
000023e3  IntPrioritySet                  
00002433  IntPriorityGet                  
00002457  IntEnable                       
000024c9  IntDisable                      
0000253b  IntIsEnabled                    
000025c1  IntPendSet                      
00002631  IntPendClear                    
0000267f  IntPriorityMaskSet              
0000268b  IntPriorityMaskGet              
00002693  IntTrigger                      
000026c9  pocessGetPid                    
000026cf  processNewPid                   
00002721  processCreate                   
000027d7  processTerminate                
00002853  processSetReady                 
00002891  processResume                   
000028e5  processSuspend                  
00002975  processSuspendAll               
000029a7  processResumeAll                
000029e1  insertd                         
00002abb  yield                           
00002ac5  sleep                           
00002aeb  sleepms                         
00002b31  unsleep                         
00002b9d  wakeup                          
00002bd7  clkhandler                      
00002c31  clkinit                         
00002c85  enqueue                         
00002d0d  dequeue                         
00002d63  insert                          
00002e19  newqueue                        
00002eb9  ISR                             
00002ecb  Timer_Init                      
00002f11  Timer_Start                     
00002f39  Timer_Delay                     
00002f71  Timer_Stop                      
00002f7d  Timer_New                       
00002fe9  Timer0IntHandler                
00003035  LED1                            
00003063  LED2                            
00003091  LED3                            
000030bf  main                            
00003185  __aeabi_memcpy                  
00003185  __aeabi_memcpy4                 
00003185  __aeabi_memcpy8                 
00003185  memcpy                          
00003221  reSched                         
000032a5  __aeabi_memclr                  
000032a5  __aeabi_memclr4                 
000032a5  __aeabi_memclr8                 
000032a7  __aeabi_memset                  
000032a7  __aeabi_memset4                 
000032a7  __aeabi_memset8                 
000032ad  memset                          
0000331f  _system_post_cinit              
00003321  __TI_auto_init                  
000033fd  _c_int00                        
00003451  C$$EXIT                         
00003455  abort                           
0000345d  exit                            
000034a5  copy_in                         
000034f1  HAL_Timer_Init                  
000034fb  HAL_Timer_Start                 
0000350d  HAL_Timer_Delay                 
0000351b  HAL_Timer_Stop                  
00003525  HAL_Timer_1ms                   
00003535  getitem                         
00003575  CPUcpsid                        
00003581  CPUprimask                      
0000358b  CPUcpsie                        
00003597  CPUwfi                          
0000359b  CPUbasepriSet                   
000035a9  CPUbasepriGet                   
000035b5  getfirst                        
000035e9  _args_main                      
00003601  _register_unlock                
00003607  _register_lock                  
0000360f  _nop                            
00003615  __TI_decompress_none            
00003623  ResetISR                        
0000362f  SysCtlDelay                     
00003635  __TI_decompress_rle24           
0000363b  _system_pre_init                
00003c14  __TI_Handler_Table_Base         
00003c1c  __TI_CINIT_Base                 
00003c1c  __TI_Handler_Table_Limit        
00003c34  __TI_CINIT_Limit                
20000000  g_pfnRAMVectors                 
2000026c  queuetab                        
20000a2c  proctab                         
20000b2c  clktime                         
20000b30  currpid                         
20000b34  function                        
20000b38  max_millis                      
20000b3c  prcount                         
20000b40  preempt                         
20000b44  readylist                       
20000b46  sleepq                          
20000b48  suspendedlist                   
20000b4c  __stack                         
20000d4c  __STACK_END                     
20000d4c  __STACK_TOP                     
20000d4c  __TI_cleanup_ptr                
20000d50  __TI_dtors_ptr                  
20000d54  __TI_enable_exit_profile_output 
20000d58  _lock                           
20000d5c  _unlock                         
20000d60  millis                          
20000d64  delayFlag                       
20000d70  main_func_sp                    
ffffffff  __TI_pprof_out_hndl             
ffffffff  __TI_prof_data_size             
ffffffff  __TI_prof_data_start            
ffffffff  __binit__                       
ffffffff  __c_args__                      
ffffffff  binit                           
UNDEFED   SHT$$INIT_ARRAY$$Base           
UNDEFED   SHT$$INIT_ARRAY$$Limit          

[266 symbols]
