******************************************************************************
                  TI ARM Linker PC v5.2.5                      
******************************************************************************
>> Linked Fri Feb 26 17:35:33 2016

OUTPUT FILE NAME:   <IoT_RTOS.out>
ENTRY POINT SYMBOL: "_c_int00"  address: 000022a5


MEMORY CONFIGURATION

         name            origin    length      used     unused   attr    fill
----------------------  --------  ---------  --------  --------  ----  --------
  FLASH                 00000000   00040000  00002790  0003d870  R  X
  SRAM                  20000000   00008000  00000484  00007b7c  RW X


SEGMENT ALLOCATION MAP

run origin  load origin   length   init length attrs members
----------  ----------- ---------- ----------- ----- -------
00000000    00000000    00002790   00002790    r-x
  00000000    00000000    0000026c   0000026c    r-- .intvecs
  0000026c    0000026c    000021d4   000021d4    r-x .text
  00002440    00002440    000002f0   000002f0    r-- .const
  00002730    00002730    0000000a   0000000a    r-x i.WatchdogEnable
  0000273a    0000273a    0000000a   0000000a    r-x i.WatchdogResetEnable
  00002744    00002744    00000004   00000004    r-x i.WatchdogReloadSet
  00002748    00002748    00000048   00000048    r-- .cinit
20000000    20000000    00000484   00000000    rw-
  20000000    20000000    0000026c   00000000    rw- .vtable
  2000026c    2000026c    00000200   00000000    rw- .stack
  2000046c    2000046c    00000014   00000000    rw- .data
  20000480    20000480    00000004   00000000    rw- .bss


SECTION ALLOCATION MAP

 output                                  attributes/
section   page    origin      length       input sections
--------  ----  ----------  ----------   ----------------
.intvecs   0    00000000    0000026c     
                  00000000    0000026c     tm4c123gh6pm_startup_ccs.obj (.intvecs)

.text      0    0000026c    000021d4     
                  0000026c    00000ef0     sysctl.obj (.text)
                  0000115c    000007be     adc.obj (.text)
                  0000191a    00000002     --HOLE-- [fill = 0]
                  0000191c    000003c0     interrupt.obj (.text)
                  00001cdc    00000290     main.obj (.text)
                  00001f6c    00000148     ADC_HAL_TIVA.obj (.text)
                  000020b4    0000009c     rtsv7M4_T_le_v4SPD16_eabi.lib : memcpy_t2.obj (.text)
                  00002150    0000007a                                   : memset_t2.obj (.text)
                  000021ca    00000002     --HOLE-- [fill = 0]
                  000021cc    0000006c                                   : autoinit.obj (.text)
                  00002238    0000006a                                   : copy_decompress_rle.obj (.text)
                  000022a2    00000002     --HOLE-- [fill = 0]
                  000022a4    00000050                                   : boot.obj (.text)
                  000022f4    0000004c                                   : cpy_tbl.obj (.text)
                  00002340    00000044                                   : exit.obj (.text)
                  00002384    0000003e     cpu.obj (.text)
                  000023c2    00000002     --HOLE-- [fill = 0]
                  000023c4    00000018     rtsv7M4_T_le_v4SPD16_eabi.lib : args_main.obj (.text)
                  000023dc    00000014                                   : _lock.obj (.text)
                  000023f0    0000000e                                   : copy_decompress_none.obj (.text:decompress:none)
                  000023fe    0000000c                                   : copy_zero_init.obj (.text:decompress:ZI)
                  0000240a    0000000c     tm4c123gh6pm_startup_ccs.obj (.text)
                  00002416    00000006     sysctl.obj (.text:SysCtlDelay)
                  0000241c    00000006     rtsv7M4_T_le_v4SPD16_eabi.lib : copy_decompress_rle.obj (.text:decompress:rle24)
                  00002422    00000004                                   : pre_init.obj (.text)
                  00002426    00000002     --HOLE-- [fill = 0]
                  00002428    00000008     driverlib.lib : watchdog.o (.tramp.WatchdogEnable.1)
                  00002430    00000008                   : watchdog.o (.tramp.WatchdogResetEnable.1)
                  00002438    00000008                   : watchdog.o (.tramp.WatchdogReloadSet.1)

.const     0    00002440    000002f0     
                  00002440    00000120     sysctl.obj (.const:g_pppui32XTALtoVCO)
                  00002560    0000009c     interrupt.obj (.const:g_pui32Regs)
                  000025fc    00000070     interrupt.obj (.const)
                  0000266c    0000006c     sysctl.obj (.const:g_pui32Xtals)
                  000026d8    00000030     sysctl.obj (.const:g_sXTALtoMEMTIM)
                  00002708    00000020     main.obj (.const)
                  00002728    00000008     sysctl.obj (.const)

i.WatchdogEnable 
*          0    00002730    0000000a     
                  00002730    0000000a     driverlib.lib : watchdog.o (i.WatchdogEnable)

i.WatchdogResetEnable 
*          0    0000273a    0000000a     
                  0000273a    0000000a     driverlib.lib : watchdog.o (i.WatchdogResetEnable)

i.WatchdogReloadSet 
*          0    00002744    00000004     
                  00002744    00000004     driverlib.lib : watchdog.o (i.WatchdogReloadSet)

.cinit     0    00002748    00000048     
                  00002748    0000000f     (.cinit..data.load) [load image, compression = rle]
                  00002757    00000001     --HOLE-- [fill = 0]
                  00002758    0000000c     (__TI_handler_table)
                  00002764    00000004     --HOLE-- [fill = 0]
                  00002768    00000008     (.cinit..bss.load) [load image, compression = zero_init]
                  00002770    00000008     (.cinit..vtable.load) [load image, compression = zero_init]
                  00002778    00000018     (__TI_cinit_table)

.init_array 
*          0    00000000    00000000     UNINITIALIZED

.vtable    0    20000000    0000026c     UNINITIALIZED
                  20000000    0000026c     interrupt.obj (.vtable)

.stack     0    2000026c    00000200     UNINITIALIZED
                  2000026c    00000200     --HOLE--

.data      0    2000046c    00000014     UNINITIALIZED
                  2000046c    00000008     rtsv7M4_T_le_v4SPD16_eabi.lib : _lock.obj (.data)
                  20000474    00000008                                   : exit.obj (.data)
                  2000047c    00000004                                   : stkdepth_vars.obj (.data)

.bss       0    20000480    00000004     UNINITIALIZED
                  20000480    00000004     (.common:g_pui8OversampleFactor)

.TI.persistent 
*          0    2000046c    00000000     UNINITIALIZED

.TI.noinit 
*          0    20000480    00000000     UNINITIALIZED


LINKER GENERATED COPY TABLES

__TI_cinit_table @ 00002778 records: 3, size/record: 8, table size: 24
	.data: load addr=00002748, load size=0000000f bytes, run addr=2000046c, run size=00000014 bytes, compression=rle
	.bss: load addr=00002768, load size=00000008 bytes, run addr=20000480, run size=00000004 bytes, compression=zero_init
	.vtable: load addr=00002770, load size=00000008 bytes, run addr=20000000, run size=0000026c bytes, compression=zero_init


LINKER GENERATED HANDLER TABLE

__TI_handler_table @ 00002758 records: 3, size/record: 4, table size: 12
	index: 0, handler: __TI_zero_init
	index: 1, handler: __TI_decompress_rle24
	index: 2, handler: __TI_decompress_none


FAR CALL TRAMPOLINES

callee name               trampoline name
   callee addr  tramp addr   call addr  call info
--------------  -----------  ---------  ----------------
WatchdogEnable            $Tramp$TT$S$$WatchdogEnable
   00002731     00002428     00001e9c   main.obj (.text)
WatchdogResetEnable       $Tramp$TT$S$$WatchdogResetEnable
   0000273b     00002430     00001e94   main.obj (.text)
WatchdogReloadSet         $Tramp$TT$S$$WatchdogReloadSet
   00002745     00002438     00001e8c   main.obj (.text)

[3 trampolines]
[3 trampoline calls]


GLOBAL SYMBOLS: SORTED ALPHABETICALLY BY Name 

address   name                              
-------   ----                              
00001893  ADCBusy                           
000018db  ADCClockConfigGet                 
000018b1  ADCClockConfigSet                 
000016b3  ADCComparatorConfigure            
00001783  ADCComparatorIntClear             
00001739  ADCComparatorIntDisable           
00001757  ADCComparatorIntEnable            
00001775  ADCComparatorIntStatus            
000016cf  ADCComparatorRegionSet            
000016f3  ADCComparatorReset                
00001681  ADCHardwareOversampleConfigure    
00001297  ADCIntClear                       
000017fb  ADCIntClearEx                     
000011fd  ADCIntDisable                     
00001795  ADCIntDisableEx                   
00001219  ADCIntEnable                      
000017ad  ADCIntEnableEx                    
000011b7  ADCIntRegister                    
0000123f  ADCIntStatus                      
000017c9  ADCIntStatusEx                    
000011df  ADCIntUnregister                  
0000184d  ADCPhaseDelayGet                  
0000183b  ADCPhaseDelaySet                  
000014f7  ADCProcessorTrigger               
00001829  ADCReferenceGet                   
0000180d  ADCReferenceSet                   
000012e1  ADCSequenceConfigure              
00001877  ADCSequenceDMADisable             
0000185b  ADCSequenceDMAEnable              
000014b5  ADCSequenceDataGet                
000012c7  ADCSequenceDisable                
000012ad  ADCSequenceEnable                 
00001459  ADCSequenceOverflow               
00001471  ADCSequenceOverflowClear          
00001365  ADCSequenceStepConfigure          
00001487  ADCSequenceUnderflow              
0000149f  ADCSequenceUnderflowClear         
0000151b  ADCSoftwareOversampleConfigure    
00001613  ADCSoftwareOversampleDataGet      
00001553  ADCSoftwareOversampleStepConfigure
00002341  C$$EXIT                           
000023b9  CPUbasepriGet                     
000023ab  CPUbasepriSet                     
00002385  CPUcpsid                          
0000239b  CPUcpsie                          
00002391  CPUprimask                        
000023a7  CPUwfi                            
00001f6d  HAL_ADC_Init                      
0000208d  HAL_ADC_OFF                       
0000203b  HAL_ADC_read                      
00001add  IntDisable                        
00001a6b  IntEnable                         
00001b4f  IntIsEnabled                      
0000192f  IntMasterDisable                  
0000191f  IntMasterEnable                   
00001c45  IntPendClear                      
00001bd5  IntPendSet                        
00001a47  IntPriorityGet                    
000019bf  IntPriorityGroupingGet            
000019a5  IntPriorityGroupingSet            
00001c9f  IntPriorityMaskGet                
00001c93  IntPriorityMaskSet                
000019f7  IntPrioritySet                    
0000193f  IntRegister                       
00001ca7  IntTrigger                        
00001991  IntUnregister                     
00001eb1  PortF_Init                        
0000240b  ResetISR                          
UNDEFED   SHT$$INIT_ARRAY$$Base             
UNDEFED   SHT$$INIT_ARRAY$$Limit            
000010ff  SysCtlAltClkConfig                
000008d9  SysCtlClockFreqSet                
00000dbd  SysCtlClockGet                    
000010e3  SysCtlClockOutConfig              
00000bf1  SysCtlClockSet                    
000007d9  SysCtlDeepSleep                   
00000f85  SysCtlDeepSleepClockConfigSet     
00000f69  SysCtlDeepSleepClockSet           
000007b9  SysCtlDeepSleepPowerSet           
00002417  SysCtlDelay                       
00000365  SysCtlFlashSectorSizeGet          
00000339  SysCtlFlashSizeGet                
0000105b  SysCtlGPIOAHBDisable              
0000103f  SysCtlGPIOAHBEnable               
0000074d  SysCtlIntClear                    
00000735  SysCtlIntDisable                  
00000721  SysCtlIntEnable                   
000006f9  SysCtlIntRegister                 
0000075d  SysCtlIntStatus                   
00000711  SysCtlIntUnregister               
0000079f  SysCtlLDODeepSleepGet             
0000078f  SysCtlLDODeepSleepSet             
00000789  SysCtlLDOSleepGet                 
00000779  SysCtlLDOSleepSet                 
0000080f  SysCtlMOSCConfigSet               
000010cf  SysCtlNMIClear                    
000010c9  SysCtlNMIStatus                   
00000825  SysCtlPIOSCCalibrate              
00001029  SysCtlPWMClockGet                 
0000100f  SysCtlPWMClockSet                 
000006a5  SysCtlPeripheralClockGating       
0000065d  SysCtlPeripheralDeepSleepDisable  
0000060d  SysCtlPeripheralDeepSleepEnable   
00000549  SysCtlPeripheralDisable           
0000050d  SysCtlPeripheralEnable            
00000449  SysCtlPeripheralPowerOff          
0000040d  SysCtlPeripheralPowerOn           
0000038d  SysCtlPeripheralPresent           
000003cd  SysCtlPeripheralReady             
00000485  SysCtlPeripheralReset             
000005d1  SysCtlPeripheralSleepDisable      
0000058d  SysCtlPeripheralSleepEnable       
000007c9  SysCtlReset                       
00000885  SysCtlResetBehaviorGet            
00000875  SysCtlResetBehaviorSet            
000007fb  SysCtlResetCauseClear             
000007f5  SysCtlResetCauseGet               
0000032f  SysCtlSRAMSizeGet                 
000007d1  SysCtlSleep                       
000007a5  SysCtlSleepPowerSet               
00001083  SysCtlUSBPLLDisable               
00001077  SysCtlUSBPLLEnable                
000010af  SysCtlVoltageEventClear           
00001095  SysCtlVoltageEventConfig          
000010a9  SysCtlVoltageEventStatus          
00002731  WatchdogEnable                    
00002745  WatchdogReloadSet                 
0000273b  WatchdogResetEnable               
2000046c  __STACK_END                       
00000200  __STACK_SIZE                      
2000046c  __STACK_TOP                       
00002778  __TI_CINIT_Base                   
00002790  __TI_CINIT_Limit                  
00002758  __TI_Handler_Table_Base           
00002764  __TI_Handler_Table_Limit          
000021cd  __TI_auto_init                    
20000474  __TI_cleanup_ptr                  
000023f1  __TI_decompress_none              
0000241d  __TI_decompress_rle24             
20000478  __TI_dtors_ptr                    
00000000  __TI_static_base__                
000023ff  __TI_zero_init                    
00002151  __aeabi_memclr                    
00002151  __aeabi_memclr4                   
00002151  __aeabi_memclr8                   
000020b5  __aeabi_memcpy                    
000020b5  __aeabi_memcpy4                   
000020b5  __aeabi_memcpy8                   
00002153  __aeabi_memset                    
00002153  __aeabi_memset4                   
00002153  __aeabi_memset8                   
ffffffff  __binit__                         
ffffffff  __c_args__                        
2000026c  __stack                           
000023c5  _args_main                        
000022a5  _c_int00                          
2000046c  _lock                             
000023eb  _nop                              
000023e3  _register_lock                    
000023dd  _register_unlock                  
00002423  _system_pre_init                  
20000470  _unlock                           
00002345  abort                             
ffffffff  binit                             
000022f5  copy_in                           
0000234d  exit                              
20000000  g_pfnRAMVectors                   
00000000  g_pfnVectors                      
00001cdd  main                              
2000047c  main_func_sp                      
000020b5  memcpy                            
00002159  memset                            


GLOBAL SYMBOLS: SORTED BY Symbol Address 

address   name                              
-------   ----                              
00000000  __TI_static_base__                
00000000  g_pfnVectors                      
00000200  __STACK_SIZE                      
0000032f  SysCtlSRAMSizeGet                 
00000339  SysCtlFlashSizeGet                
00000365  SysCtlFlashSectorSizeGet          
0000038d  SysCtlPeripheralPresent           
000003cd  SysCtlPeripheralReady             
0000040d  SysCtlPeripheralPowerOn           
00000449  SysCtlPeripheralPowerOff          
00000485  SysCtlPeripheralReset             
0000050d  SysCtlPeripheralEnable            
00000549  SysCtlPeripheralDisable           
0000058d  SysCtlPeripheralSleepEnable       
000005d1  SysCtlPeripheralSleepDisable      
0000060d  SysCtlPeripheralDeepSleepEnable   
0000065d  SysCtlPeripheralDeepSleepDisable  
000006a5  SysCtlPeripheralClockGating       
000006f9  SysCtlIntRegister                 
00000711  SysCtlIntUnregister               
00000721  SysCtlIntEnable                   
00000735  SysCtlIntDisable                  
0000074d  SysCtlIntClear                    
0000075d  SysCtlIntStatus                   
00000779  SysCtlLDOSleepSet                 
00000789  SysCtlLDOSleepGet                 
0000078f  SysCtlLDODeepSleepSet             
0000079f  SysCtlLDODeepSleepGet             
000007a5  SysCtlSleepPowerSet               
000007b9  SysCtlDeepSleepPowerSet           
000007c9  SysCtlReset                       
000007d1  SysCtlSleep                       
000007d9  SysCtlDeepSleep                   
000007f5  SysCtlResetCauseGet               
000007fb  SysCtlResetCauseClear             
0000080f  SysCtlMOSCConfigSet               
00000825  SysCtlPIOSCCalibrate              
00000875  SysCtlResetBehaviorSet            
00000885  SysCtlResetBehaviorGet            
000008d9  SysCtlClockFreqSet                
00000bf1  SysCtlClockSet                    
00000dbd  SysCtlClockGet                    
00000f69  SysCtlDeepSleepClockSet           
00000f85  SysCtlDeepSleepClockConfigSet     
0000100f  SysCtlPWMClockSet                 
00001029  SysCtlPWMClockGet                 
0000103f  SysCtlGPIOAHBEnable               
0000105b  SysCtlGPIOAHBDisable              
00001077  SysCtlUSBPLLEnable                
00001083  SysCtlUSBPLLDisable               
00001095  SysCtlVoltageEventConfig          
000010a9  SysCtlVoltageEventStatus          
000010af  SysCtlVoltageEventClear           
000010c9  SysCtlNMIStatus                   
000010cf  SysCtlNMIClear                    
000010e3  SysCtlClockOutConfig              
000010ff  SysCtlAltClkConfig                
000011b7  ADCIntRegister                    
000011df  ADCIntUnregister                  
000011fd  ADCIntDisable                     
00001219  ADCIntEnable                      
0000123f  ADCIntStatus                      
00001297  ADCIntClear                       
000012ad  ADCSequenceEnable                 
000012c7  ADCSequenceDisable                
000012e1  ADCSequenceConfigure              
00001365  ADCSequenceStepConfigure          
00001459  ADCSequenceOverflow               
00001471  ADCSequenceOverflowClear          
00001487  ADCSequenceUnderflow              
0000149f  ADCSequenceUnderflowClear         
000014b5  ADCSequenceDataGet                
000014f7  ADCProcessorTrigger               
0000151b  ADCSoftwareOversampleConfigure    
00001553  ADCSoftwareOversampleStepConfigure
00001613  ADCSoftwareOversampleDataGet      
00001681  ADCHardwareOversampleConfigure    
000016b3  ADCComparatorConfigure            
000016cf  ADCComparatorRegionSet            
000016f3  ADCComparatorReset                
00001739  ADCComparatorIntDisable           
00001757  ADCComparatorIntEnable            
00001775  ADCComparatorIntStatus            
00001783  ADCComparatorIntClear             
00001795  ADCIntDisableEx                   
000017ad  ADCIntEnableEx                    
000017c9  ADCIntStatusEx                    
000017fb  ADCIntClearEx                     
0000180d  ADCReferenceSet                   
00001829  ADCReferenceGet                   
0000183b  ADCPhaseDelaySet                  
0000184d  ADCPhaseDelayGet                  
0000185b  ADCSequenceDMAEnable              
00001877  ADCSequenceDMADisable             
00001893  ADCBusy                           
000018b1  ADCClockConfigSet                 
000018db  ADCClockConfigGet                 
0000191f  IntMasterEnable                   
0000192f  IntMasterDisable                  
0000193f  IntRegister                       
00001991  IntUnregister                     
000019a5  IntPriorityGroupingSet            
000019bf  IntPriorityGroupingGet            
000019f7  IntPrioritySet                    
00001a47  IntPriorityGet                    
00001a6b  IntEnable                         
00001add  IntDisable                        
00001b4f  IntIsEnabled                      
00001bd5  IntPendSet                        
00001c45  IntPendClear                      
00001c93  IntPriorityMaskSet                
00001c9f  IntPriorityMaskGet                
00001ca7  IntTrigger                        
00001cdd  main                              
00001eb1  PortF_Init                        
00001f6d  HAL_ADC_Init                      
0000203b  HAL_ADC_read                      
0000208d  HAL_ADC_OFF                       
000020b5  __aeabi_memcpy                    
000020b5  __aeabi_memcpy4                   
000020b5  __aeabi_memcpy8                   
000020b5  memcpy                            
00002151  __aeabi_memclr                    
00002151  __aeabi_memclr4                   
00002151  __aeabi_memclr8                   
00002153  __aeabi_memset                    
00002153  __aeabi_memset4                   
00002153  __aeabi_memset8                   
00002159  memset                            
000021cd  __TI_auto_init                    
000022a5  _c_int00                          
000022f5  copy_in                           
00002341  C$$EXIT                           
00002345  abort                             
0000234d  exit                              
00002385  CPUcpsid                          
00002391  CPUprimask                        
0000239b  CPUcpsie                          
000023a7  CPUwfi                            
000023ab  CPUbasepriSet                     
000023b9  CPUbasepriGet                     
000023c5  _args_main                        
000023dd  _register_unlock                  
000023e3  _register_lock                    
000023eb  _nop                              
000023f1  __TI_decompress_none              
000023ff  __TI_zero_init                    
0000240b  ResetISR                          
00002417  SysCtlDelay                       
0000241d  __TI_decompress_rle24             
00002423  _system_pre_init                  
00002731  WatchdogEnable                    
0000273b  WatchdogResetEnable               
00002745  WatchdogReloadSet                 
00002758  __TI_Handler_Table_Base           
00002764  __TI_Handler_Table_Limit          
00002778  __TI_CINIT_Base                   
00002790  __TI_CINIT_Limit                  
20000000  g_pfnRAMVectors                   
2000026c  __stack                           
2000046c  __STACK_END                       
2000046c  __STACK_TOP                       
2000046c  _lock                             
20000470  _unlock                           
20000474  __TI_cleanup_ptr                  
20000478  __TI_dtors_ptr                    
2000047c  main_func_sp                      
ffffffff  __binit__                         
ffffffff  __c_args__                        
ffffffff  binit                             
UNDEFED   SHT$$INIT_ARRAY$$Base             
UNDEFED   SHT$$INIT_ARRAY$$Limit            

[172 symbols]
