******************************************************************************
                  TI ARM Linker PC v5.1.6                      
******************************************************************************
>> Linked Wed Jun 22 10:48:03 2016

OUTPUT FILE NAME:   <TivaHAL.out>
ENTRY POINT SYMBOL: "_c_int00"  address: 00001b0d


MEMORY CONFIGURATION

         name            origin    length      used     unused   attr    fill
----------------------  --------  ---------  --------  --------  ----  --------
  FLASH                 00000000   00040000  00001fd0  0003e030  R  X
  SRAM                  20000000   00008000  00000480  00007b80  RW X


SEGMENT ALLOCATION MAP

run origin  load origin   length   init length attrs members
----------  ----------- ---------- ----------- ----- -------
00000000    00000000    00001fd0   00001fd0    r-x
  00000000    00000000    0000026c   0000026c    r-- .intvecs
  0000026c    0000026c    00001a14   00001a14    r-x .text
  00001c80    00001c80    00000318   00000318    r-- .const
  00001f98    00001f98    00000038   00000038    r-- .cinit
20000000    20000000    00000480   00000000    rw-
  20000000    20000000    0000026c   00000000    rw- .vtable
  2000026c    2000026c    00000200   00000000    rw- .stack
  2000046c    2000046c    00000014   00000000    rw- .data


SECTION ALLOCATION MAP

 output                                  attributes/
section   page    origin      length       input sections
--------  ----  ----------  ----------   ----------------
.intvecs   0    00000000    0000026c     
                  00000000    0000026c     tm4c123gh6pm_startup_ccs.obj (.intvecs)

.init_array 
*          0    00000000    00000000     UNINITIALIZED

.text      0    0000026c    00001a14     
                  0000026c    00000ef0     sysctl.obj (.text)
                  0000115c    000003c0     interrupt.obj (.text)
                  0000151c    00000342     ssi.obj (.text)
                  0000185e    0000009c     SPI_HAL_TivaC.obj (.text)
                  000018fa    0000009c     rtsv7M4_T_le_v4SPD16_eabi.lib : memcpy_t2.obj (.text)
                  00001996    00000002     --HOLE-- [fill = 0]
                  00001998    00000094                                   : auto_init.obj (.text)
                  00001a2c    00000080     main.obj (.text)
                  00001aac    0000005e     rtsv7M4_T_le_v4SPD16_eabi.lib : copy_decompress_rle.obj (.text)
                  00001b0a    00000002     --HOLE-- [fill = 0]
                  00001b0c    00000048                                   : boot.obj (.text)
                  00001b54    00000044                                   : cpy_tbl.obj (.text)
                  00001b98    00000044                                   : exit.obj (.text)
                  00001bdc    0000003e     cpu.obj (.text)
                  00001c1a    00000002     --HOLE-- [fill = 0]
                  00001c1c    00000018     rtsv7M4_T_le_v4SPD16_eabi.lib : args_main.obj (.text)
                  00001c34    00000014                                   : _lock.obj (.text)
                  00001c48    00000012                                   : copy_zero_init.obj (.text:decompress:ZI)
                  00001c5a    0000000e                                   : copy_decompress_none.obj (.text:decompress:none)
                  00001c68    0000000c     tm4c123gh6pm_startup_ccs.obj (.text)
                  00001c74    00000006     sysctl.obj (.text:SysCtlDelay)
                  00001c7a    00000006     rtsv7M4_T_le_v4SPD16_eabi.lib : copy_decompress_rle.obj (.text:decompress:rle24)

.const     0    00001c80    00000318     
                  00001c80    00000120     sysctl.obj (.const:g_pppui32XTALtoVCO)
                  00001da0    0000009c     interrupt.obj (.const:g_pui32Regs)
                  00001e3c    00000070     interrupt.obj (.const)
                  00001eac    0000006c     sysctl.obj (.const:g_pui32Xtals)
                  00001f18    00000048     ssi.obj (.const)
                  00001f60    00000030     sysctl.obj (.const:g_sXTALtoMEMTIM)
                  00001f90    00000008     sysctl.obj (.const)

.cinit     0    00001f98    00000038     
                  00001f98    0000000f     (.cinit..data.load) [load image, compression = rle]
                  00001fa7    00000001     --HOLE-- [fill = 0]
                  00001fa8    0000000c     (__TI_handler_table)
                  00001fb4    00000004     --HOLE-- [fill = 0]
                  00001fb8    00000008     (.cinit..vtable.load) [load image, compression = zero_init]
                  00001fc0    00000010     (__TI_cinit_table)

.vtable    0    20000000    0000026c     UNINITIALIZED
                  20000000    0000026c     interrupt.obj (.vtable)

.stack     0    2000026c    00000200     UNINITIALIZED
                  2000026c    00000200     --HOLE--

.data      0    2000046c    00000014     UNINITIALIZED
                  2000046c    00000008     rtsv7M4_T_le_v4SPD16_eabi.lib : _lock.obj (.data)
                  20000474    00000008                                   : exit.obj (.data)
                  2000047c    00000004                                   : stkdepth_vars.obj (.data)


LINKER GENERATED COPY TABLES

__TI_cinit_table @ 00001fc0 records: 2, size/record: 8, table size: 16
	.data: load addr=00001f98, load size=0000000f bytes, run addr=2000046c, run size=00000014 bytes, compression=rle
	.vtable: load addr=00001fb8, load size=00000008 bytes, run addr=20000000, run size=0000026c bytes, compression=zero_init


LINKER GENERATED HANDLER TABLE

__TI_handler_table @ 00001fa8 records: 3, size/record: 4, table size: 12
	index: 0, handler: __TI_zero_init
	index: 1, handler: __TI_decompress_rle24
	index: 2, handler: __TI_decompress_none


GLOBAL SYMBOLS: SORTED ALPHABETICALLY BY Name 

address    name
--------   ----
00001b99   C$$EXIT
00001c11   CPUbasepriGet
00001c03   CPUbasepriSet
00001bdd   CPUcpsid
00001bf3   CPUcpsie
00001be9   CPUprimask
00001bff   CPUwfi
0000131d   IntDisable
000012ab   IntEnable
0000138f   IntIsEnabled
0000116f   IntMasterDisable
0000115f   IntMasterEnable
00001485   IntPendClear
00001415   IntPendSet
00001287   IntPriorityGet
000011ff   IntPriorityGroupingGet
000011e5   IntPriorityGroupingSet
000014df   IntPriorityMaskGet
000014d3   IntPriorityMaskSet
00001237   IntPrioritySet
0000117f   IntRegister
000014e7   IntTrigger
000011d1   IntUnregister
00001c69   ResetISR
UNDEFED    SHT$$INIT_ARRAY$$Base
UNDEFED    SHT$$INIT_ARRAY$$Limit
000017e1   SSIAdvDataPutFrameEnd
00001807   SSIAdvDataPutFrameEndNonBlocking
00001849   SSIAdvFrameHoldDisable
00001833   SSIAdvFrameHoldEnable
000017a7   SSIAdvModeSet
00001765   SSIBusy
00001797   SSIClockSourceGet
00001783   SSIClockSourceSet
0000157f   SSIConfigSetExpClk
0000174d   SSIDMADisable
00001735   SSIDMAEnable
000016f7   SSIDataGet
00001713   SSIDataGetNonBlocking
000016bd   SSIDataPut
000016d7   SSIDataPutNonBlocking
0000160f   SSIDisable
000015f9   SSIEnable
000016ab   SSIIntClear
00001675   SSIIntDisable
0000165d   SSIIntEnable
00001625   SSIIntRegister
0000168d   SSIIntStatus
00001643   SSIIntUnregister
000010ff   SysCtlAltClkConfig
000008d9   SysCtlClockFreqSet
00000dbd   SysCtlClockGet
000010e3   SysCtlClockOutConfig
00000bf1   SysCtlClockSet
000007d9   SysCtlDeepSleep
00000f85   SysCtlDeepSleepClockConfigSet
00000f69   SysCtlDeepSleepClockSet
000007b9   SysCtlDeepSleepPowerSet
00001c75   SysCtlDelay
00000365   SysCtlFlashSectorSizeGet
00000339   SysCtlFlashSizeGet
0000105b   SysCtlGPIOAHBDisable
0000103f   SysCtlGPIOAHBEnable
0000074d   SysCtlIntClear
00000735   SysCtlIntDisable
00000721   SysCtlIntEnable
000006f9   SysCtlIntRegister
0000075d   SysCtlIntStatus
00000711   SysCtlIntUnregister
0000079f   SysCtlLDODeepSleepGet
0000078f   SysCtlLDODeepSleepSet
00000789   SysCtlLDOSleepGet
00000779   SysCtlLDOSleepSet
0000080f   SysCtlMOSCConfigSet
000010cf   SysCtlNMIClear
000010c9   SysCtlNMIStatus
00000825   SysCtlPIOSCCalibrate
00001029   SysCtlPWMClockGet
0000100f   SysCtlPWMClockSet
000006a5   SysCtlPeripheralClockGating
0000065d   SysCtlPeripheralDeepSleepDisable
0000060d   SysCtlPeripheralDeepSleepEnable
00000549   SysCtlPeripheralDisable
0000050d   SysCtlPeripheralEnable
00000449   SysCtlPeripheralPowerOff
0000040d   SysCtlPeripheralPowerOn
0000038d   SysCtlPeripheralPresent
000003cd   SysCtlPeripheralReady
00000485   SysCtlPeripheralReset
000005d1   SysCtlPeripheralSleepDisable
0000058d   SysCtlPeripheralSleepEnable
000007c9   SysCtlReset
00000885   SysCtlResetBehaviorGet
00000875   SysCtlResetBehaviorSet
000007fb   SysCtlResetCauseClear
000007f5   SysCtlResetCauseGet
0000032f   SysCtlSRAMSizeGet
000007d1   SysCtlSleep
000007a5   SysCtlSleepPowerSet
00001083   SysCtlUSBPLLDisable
00001077   SysCtlUSBPLLEnable
000010af   SysCtlVoltageEventClear
00001095   SysCtlVoltageEventConfig
000010a9   SysCtlVoltageEventStatus
2000046c   __STACK_END
00000200   __STACK_SIZE
2000046c   __STACK_TOP
00001fc0   __TI_CINIT_Base
00001fd0   __TI_CINIT_Limit
00001fa8   __TI_Handler_Table_Base
00001fb4   __TI_Handler_Table_Limit
00000001   __TI_args_main
00001999   __TI_auto_init
20000474   __TI_cleanup_ptr
00001c5b   __TI_decompress_none
00001c7b   __TI_decompress_rle24
20000478   __TI_dtors_ptr
00000000   __TI_static_base__
00001c49   __TI_zero_init
000018fb   __aeabi_memcpy
000018fb   __aeabi_memcpy4
000018fb   __aeabi_memcpy8
ffffffff   __binit__
ffffffff   __c_args__
2000026c   __stack
00001c1d   _args_main
00001b0d   _c_int00
2000046c   _lock
00001c43   _nop
00001c3b   _register_lock
00001c35   _register_unlock
20000470   _unlock
00001b9d   abort
ffffffff   binit
00001b55   copy_in
00001ba5   exit
20000000   g_pfnRAMVectors
00000000   g_pfnVectors
00001a2d   main
2000047c   main_func_sp
000018fb   memcpy
000018b7   spiinterruptenable
0000185f   spimasterinit
000018d5   spimastersend
000018e7   spireceieve
0000188b   spislaveinit


GLOBAL SYMBOLS: SORTED BY Symbol Address 

address    name
--------   ----
00000000   __TI_static_base__
00000000   g_pfnVectors
00000001   __TI_args_main
00000200   __STACK_SIZE
0000032f   SysCtlSRAMSizeGet
00000339   SysCtlFlashSizeGet
00000365   SysCtlFlashSectorSizeGet
0000038d   SysCtlPeripheralPresent
000003cd   SysCtlPeripheralReady
0000040d   SysCtlPeripheralPowerOn
00000449   SysCtlPeripheralPowerOff
00000485   SysCtlPeripheralReset
0000050d   SysCtlPeripheralEnable
00000549   SysCtlPeripheralDisable
0000058d   SysCtlPeripheralSleepEnable
000005d1   SysCtlPeripheralSleepDisable
0000060d   SysCtlPeripheralDeepSleepEnable
0000065d   SysCtlPeripheralDeepSleepDisable
000006a5   SysCtlPeripheralClockGating
000006f9   SysCtlIntRegister
00000711   SysCtlIntUnregister
00000721   SysCtlIntEnable
00000735   SysCtlIntDisable
0000074d   SysCtlIntClear
0000075d   SysCtlIntStatus
00000779   SysCtlLDOSleepSet
00000789   SysCtlLDOSleepGet
0000078f   SysCtlLDODeepSleepSet
0000079f   SysCtlLDODeepSleepGet
000007a5   SysCtlSleepPowerSet
000007b9   SysCtlDeepSleepPowerSet
000007c9   SysCtlReset
000007d1   SysCtlSleep
000007d9   SysCtlDeepSleep
000007f5   SysCtlResetCauseGet
000007fb   SysCtlResetCauseClear
0000080f   SysCtlMOSCConfigSet
00000825   SysCtlPIOSCCalibrate
00000875   SysCtlResetBehaviorSet
00000885   SysCtlResetBehaviorGet
000008d9   SysCtlClockFreqSet
00000bf1   SysCtlClockSet
00000dbd   SysCtlClockGet
00000f69   SysCtlDeepSleepClockSet
00000f85   SysCtlDeepSleepClockConfigSet
0000100f   SysCtlPWMClockSet
00001029   SysCtlPWMClockGet
0000103f   SysCtlGPIOAHBEnable
0000105b   SysCtlGPIOAHBDisable
00001077   SysCtlUSBPLLEnable
00001083   SysCtlUSBPLLDisable
00001095   SysCtlVoltageEventConfig
000010a9   SysCtlVoltageEventStatus
000010af   SysCtlVoltageEventClear
000010c9   SysCtlNMIStatus
000010cf   SysCtlNMIClear
000010e3   SysCtlClockOutConfig
000010ff   SysCtlAltClkConfig
0000115f   IntMasterEnable
0000116f   IntMasterDisable
0000117f   IntRegister
000011d1   IntUnregister
000011e5   IntPriorityGroupingSet
000011ff   IntPriorityGroupingGet
00001237   IntPrioritySet
00001287   IntPriorityGet
000012ab   IntEnable
0000131d   IntDisable
0000138f   IntIsEnabled
00001415   IntPendSet
00001485   IntPendClear
000014d3   IntPriorityMaskSet
000014df   IntPriorityMaskGet
000014e7   IntTrigger
0000157f   SSIConfigSetExpClk
000015f9   SSIEnable
0000160f   SSIDisable
00001625   SSIIntRegister
00001643   SSIIntUnregister
0000165d   SSIIntEnable
00001675   SSIIntDisable
0000168d   SSIIntStatus
000016ab   SSIIntClear
000016bd   SSIDataPut
000016d7   SSIDataPutNonBlocking
000016f7   SSIDataGet
00001713   SSIDataGetNonBlocking
00001735   SSIDMAEnable
0000174d   SSIDMADisable
00001765   SSIBusy
00001783   SSIClockSourceSet
00001797   SSIClockSourceGet
000017a7   SSIAdvModeSet
000017e1   SSIAdvDataPutFrameEnd
00001807   SSIAdvDataPutFrameEndNonBlocking
00001833   SSIAdvFrameHoldEnable
00001849   SSIAdvFrameHoldDisable
0000185f   spimasterinit
0000188b   spislaveinit
000018b7   spiinterruptenable
000018d5   spimastersend
000018e7   spireceieve
000018fb   __aeabi_memcpy
000018fb   __aeabi_memcpy4
000018fb   __aeabi_memcpy8
000018fb   memcpy
00001999   __TI_auto_init
00001a2d   main
00001b0d   _c_int00
00001b55   copy_in
00001b99   C$$EXIT
00001b9d   abort
00001ba5   exit
00001bdd   CPUcpsid
00001be9   CPUprimask
00001bf3   CPUcpsie
00001bff   CPUwfi
00001c03   CPUbasepriSet
00001c11   CPUbasepriGet
00001c1d   _args_main
00001c35   _register_unlock
00001c3b   _register_lock
00001c43   _nop
00001c49   __TI_zero_init
00001c5b   __TI_decompress_none
00001c69   ResetISR
00001c75   SysCtlDelay
00001c7b   __TI_decompress_rle24
00001fa8   __TI_Handler_Table_Base
00001fb4   __TI_Handler_Table_Limit
00001fc0   __TI_CINIT_Base
00001fd0   __TI_CINIT_Limit
20000000   g_pfnRAMVectors
2000026c   __stack
2000046c   __STACK_END
2000046c   __STACK_TOP
2000046c   _lock
20000470   _unlock
20000474   __TI_cleanup_ptr
20000478   __TI_dtors_ptr
2000047c   main_func_sp
ffffffff   __binit__
ffffffff   __c_args__
ffffffff   binit
UNDEFED    SHT$$INIT_ARRAY$$Base
UNDEFED    SHT$$INIT_ARRAY$$Limit

[146 symbols]
